

================================================================
== Vitis HLS Report for 'dense_resource_rf_leq_nin_ap_fixed_ap_fixed_14_7_0_3_0_config3_s'
================================================================
* Date:           Tue Sep 15 12:08:23 2026

* Version:        2026.1 (Build 6493734 on Jun 16 2026)
* Project:        recurrent_prj
* Solution:       solution1
* Product family: artix7
* Target device:  xc7a100t-csg324-1


================================================================
== Performance Estimates
================================================================
+ Timing: 
    * Summary: 
    +--------+---------+----------+------------+
    |  Clock |  Target | Estimated| Uncertainty|
    +--------+---------+----------+------------+
    |ap_clk  |  4.00 ns|  5.810 ns|     1.08 ns|
    +--------+---------+----------+------------+

+ Latency: 
    * Summary: 
    +---------+---------+----------+----------+-----+-----+------------------------------------+
    |  Latency (cycles) |  Latency (absolute) |  Interval |              Pipeline              |
    |   min   |   max   |    min   |    max   | min | max |                Type                |
    +---------+---------+----------+----------+-----+-----+------------------------------------+
    |       37|       38|  0.148 us|  0.152 us|   32|   32|  loop rewind stp (delay=0 cycle(s))|
    +---------+---------+----------+----------+-----+-----+------------------------------------+

    + Detail: 
        * Instance: 
        N/A

        * Loop: 
        +-------------+---------+---------+----------+-----------+-----------+------+----------+
        |             |  Latency (cycles) | Iteration|  Initiation Interval  | Trip |          |
        |  Loop Name  |   min   |   max   |  Latency |  achieved |   target  | Count| Pipelined|
        +-------------+---------+---------+----------+-----------+-----------+------+----------+
        |- ReuseLoop  |       37|       37|         7|          1|          1|    32|       yes|
        +-------------+---------+---------+----------+-----------+-----------+------+----------+

============================================================
+ Verbose Summary: Synthesis Manager
============================================================
InlineROM: 1
ExposeGlobal: 0
============================================================
+ Verbose Summary: CDFG Model
============================================================
IsTopModel: 0
ResetActiveHigh: 1
IsCombinational: 2
IsDatapathOnly: 0
HasWiredReturn: 1
HasMFsm: 2
HasVarLatency: 1
IsPipeline: 0
IsRtlPipelined: 0
IsInstanceOverlapped: 0
IsDontTouch: 0
HasImplIP: 0
IsGatedGlobalClock: 0

+ Individual pipeline summary: 
  * Pipeline-0: initiation interval (II) = 1, depth = 7


============================================================
+ Verbose Summary: Schedule
============================================================
* Number of FSM states : 8
* Pipeline : 1
  Pipeline-0 : II = 1, D = 7, States = { 2 3 4 5 6 7 8 }
* Dataflow Pipeline: 0

* FSM state transitions: 
1 --> 2 
2 --> 3 
3 --> 4 
4 --> 5 
5 --> 6 
6 --> 7 
7 --> 8 
8 --> 2 

* FSM state operations: 

State 1 <SV = 0> <Delay = 1.61>
ST_1 : Operation 9 [1/1] (1.61ns)   --->   "%br_ln46 = br void %rewind_header" [firmware/nnet_utils/nnet_dense_resource.h:46->firmware/nnet_utils/nnet_dense.h:65->firmware/nnet_utils/nnet_dense.h:45->firmware/recurrent.cpp:41]   --->   Operation 9 'br' 'br_ln46' <Predicate = true> <Delay = 1.61>

State 2 <SV = 1> <Delay = 1.86>
ST_2 : Operation 10 [1/1] (0.00ns)   --->   "%do_init = phi i1 1, void %newFuncRoot, i1 0, void %MultLoop.split.i, i1 1, void %_ZN4nnet25dense_resource_rf_leq_ninI8ap_fixedILi14ELi7EL9ap_q_mode0EL9ap_o_mode3ELi0EES4_7config3EEvPT_PT0_PNT1_8weight_tEPNSA_6bias_tE.153.154.4.exit"   --->   Operation 10 'phi' 'do_init' <Predicate = true> <Delay = 0.00>
ST_2 : Operation 11 [1/1] (0.00ns)   --->   "%ir = phi i5 0, void %newFuncRoot, i5 %w_index, void %MultLoop.split.i, i5 0, void %_ZN4nnet25dense_resource_rf_leq_ninI8ap_fixedILi14ELi7EL9ap_q_mode0EL9ap_o_mode3ELi0EES4_7config3EEvPT_PT0_PNT1_8weight_tEPNSA_6bias_tE.153.154.4.exit"   --->   Operation 11 'phi' 'ir' <Predicate = true> <Delay = 0.00>
ST_2 : Operation 12 [1/1] (1.61ns)   --->   "%br_ln0 = br i1 %do_init, void %MultLoop.split.i, void %rewind_init"   --->   Operation 12 'br' 'br_ln0' <Predicate = true> <Delay = 1.61>
ST_2 : Operation 13 [1/1] (0.00ns)   --->   "%specmemcore_ln0 = specmemcore void @_ssdm_op_SpecMemCore, i10 %w3, i64 666, i64 38, i64 18446744073709551615, i1 0"   --->   Operation 13 'specmemcore' 'specmemcore_ln0' <Predicate = (do_init)> <Delay = 0.00>
ST_2 : Operation 14 [1/1] (1.46ns)   --->   "%p_read_1 = read i14 @_ssdm_op_Read.ap_auto.i14, i14 %p_read31" [firmware/nnet_utils/nnet_dense_resource.h:13->firmware/nnet_utils/nnet_dense.h:65->firmware/nnet_utils/nnet_dense.h:45->firmware/recurrent.cpp:41]   --->   Operation 14 'read' 'p_read_1' <Predicate = (do_init)> <Delay = 1.46> <CoreInst = "FIFO_SRL">   --->   Core 80 'FIFO_SRL' <Latency = 0> <II = 1> <Delay = 3.90> <Storage> <Opcode : 'read' 'write' 'nbread' 'nbwrite'> <Ports = 0> <Width = 14> <Depth = 2> <FIFO>
ST_2 : Operation 15 [1/1] (1.46ns)   --->   "%p_read_2 = read i14 @_ssdm_op_Read.ap_auto.i14, i14 %p_read30" [firmware/nnet_utils/nnet_dense_resource.h:13->firmware/nnet_utils/nnet_dense.h:65->firmware/nnet_utils/nnet_dense.h:45->firmware/recurrent.cpp:41]   --->   Operation 15 'read' 'p_read_2' <Predicate = (do_init)> <Delay = 1.46> <CoreInst = "FIFO_SRL">   --->   Core 80 'FIFO_SRL' <Latency = 0> <II = 1> <Delay = 3.90> <Storage> <Opcode : 'read' 'write' 'nbread' 'nbwrite'> <Ports = 0> <Width = 14> <Depth = 2> <FIFO>
ST_2 : Operation 16 [1/1] (1.46ns)   --->   "%p_read_3 = read i14 @_ssdm_op_Read.ap_auto.i14, i14 %p_read29" [firmware/nnet_utils/nnet_dense_resource.h:13->firmware/nnet_utils/nnet_dense.h:65->firmware/nnet_utils/nnet_dense.h:45->firmware/recurrent.cpp:41]   --->   Operation 16 'read' 'p_read_3' <Predicate = (do_init)> <Delay = 1.46> <CoreInst = "FIFO_SRL">   --->   Core 80 'FIFO_SRL' <Latency = 0> <II = 1> <Delay = 3.90> <Storage> <Opcode : 'read' 'write' 'nbread' 'nbwrite'> <Ports = 0> <Width = 14> <Depth = 2> <FIFO>
ST_2 : Operation 17 [1/1] (1.46ns)   --->   "%p_read_4 = read i14 @_ssdm_op_Read.ap_auto.i14, i14 %p_read28" [firmware/nnet_utils/nnet_dense_resource.h:13->firmware/nnet_utils/nnet_dense.h:65->firmware/nnet_utils/nnet_dense.h:45->firmware/recurrent.cpp:41]   --->   Operation 17 'read' 'p_read_4' <Predicate = (do_init)> <Delay = 1.46> <CoreInst = "FIFO_SRL">   --->   Core 80 'FIFO_SRL' <Latency = 0> <II = 1> <Delay = 3.90> <Storage> <Opcode : 'read' 'write' 'nbread' 'nbwrite'> <Ports = 0> <Width = 14> <Depth = 2> <FIFO>
ST_2 : Operation 18 [1/1] (1.46ns)   --->   "%p_read_5 = read i14 @_ssdm_op_Read.ap_auto.i14, i14 %p_read27" [firmware/nnet_utils/nnet_dense_resource.h:13->firmware/nnet_utils/nnet_dense.h:65->firmware/nnet_utils/nnet_dense.h:45->firmware/recurrent.cpp:41]   --->   Operation 18 'read' 'p_read_5' <Predicate = (do_init)> <Delay = 1.46> <CoreInst = "FIFO_SRL">   --->   Core 80 'FIFO_SRL' <Latency = 0> <II = 1> <Delay = 3.90> <Storage> <Opcode : 'read' 'write' 'nbread' 'nbwrite'> <Ports = 0> <Width = 14> <Depth = 2> <FIFO>
ST_2 : Operation 19 [1/1] (1.46ns)   --->   "%p_read_6 = read i14 @_ssdm_op_Read.ap_auto.i14, i14 %p_read26" [firmware/nnet_utils/nnet_dense_resource.h:13->firmware/nnet_utils/nnet_dense.h:65->firmware/nnet_utils/nnet_dense.h:45->firmware/recurrent.cpp:41]   --->   Operation 19 'read' 'p_read_6' <Predicate = (do_init)> <Delay = 1.46> <CoreInst = "FIFO_SRL">   --->   Core 80 'FIFO_SRL' <Latency = 0> <II = 1> <Delay = 3.90> <Storage> <Opcode : 'read' 'write' 'nbread' 'nbwrite'> <Ports = 0> <Width = 14> <Depth = 2> <FIFO>
ST_2 : Operation 20 [1/1] (1.46ns)   --->   "%p_read_7 = read i14 @_ssdm_op_Read.ap_auto.i14, i14 %p_read25" [firmware/nnet_utils/nnet_dense_resource.h:13->firmware/nnet_utils/nnet_dense.h:65->firmware/nnet_utils/nnet_dense.h:45->firmware/recurrent.cpp:41]   --->   Operation 20 'read' 'p_read_7' <Predicate = (do_init)> <Delay = 1.46> <CoreInst = "FIFO_SRL">   --->   Core 80 'FIFO_SRL' <Latency = 0> <II = 1> <Delay = 3.90> <Storage> <Opcode : 'read' 'write' 'nbread' 'nbwrite'> <Ports = 0> <Width = 14> <Depth = 2> <FIFO>
ST_2 : Operation 21 [1/1] (1.46ns)   --->   "%p_read_8 = read i14 @_ssdm_op_Read.ap_auto.i14, i14 %p_read24" [firmware/nnet_utils/nnet_dense_resource.h:13->firmware/nnet_utils/nnet_dense.h:65->firmware/nnet_utils/nnet_dense.h:45->firmware/recurrent.cpp:41]   --->   Operation 21 'read' 'p_read_8' <Predicate = (do_init)> <Delay = 1.46> <CoreInst = "FIFO_SRL">   --->   Core 80 'FIFO_SRL' <Latency = 0> <II = 1> <Delay = 3.90> <Storage> <Opcode : 'read' 'write' 'nbread' 'nbwrite'> <Ports = 0> <Width = 14> <Depth = 2> <FIFO>
ST_2 : Operation 22 [1/1] (1.46ns)   --->   "%p_read_9 = read i14 @_ssdm_op_Read.ap_auto.i14, i14 %p_read23" [firmware/nnet_utils/nnet_dense_resource.h:13->firmware/nnet_utils/nnet_dense.h:65->firmware/nnet_utils/nnet_dense.h:45->firmware/recurrent.cpp:41]   --->   Operation 22 'read' 'p_read_9' <Predicate = (do_init)> <Delay = 1.46> <CoreInst = "FIFO_SRL">   --->   Core 80 'FIFO_SRL' <Latency = 0> <II = 1> <Delay = 3.90> <Storage> <Opcode : 'read' 'write' 'nbread' 'nbwrite'> <Ports = 0> <Width = 14> <Depth = 2> <FIFO>
ST_2 : Operation 23 [1/1] (1.46ns)   --->   "%p_read_10 = read i14 @_ssdm_op_Read.ap_auto.i14, i14 %p_read22" [firmware/nnet_utils/nnet_dense_resource.h:13->firmware/nnet_utils/nnet_dense.h:65->firmware/nnet_utils/nnet_dense.h:45->firmware/recurrent.cpp:41]   --->   Operation 23 'read' 'p_read_10' <Predicate = (do_init)> <Delay = 1.46> <CoreInst = "FIFO_SRL">   --->   Core 80 'FIFO_SRL' <Latency = 0> <II = 1> <Delay = 3.90> <Storage> <Opcode : 'read' 'write' 'nbread' 'nbwrite'> <Ports = 0> <Width = 14> <Depth = 2> <FIFO>
ST_2 : Operation 24 [1/1] (1.46ns)   --->   "%p_read_11 = read i14 @_ssdm_op_Read.ap_auto.i14, i14 %p_read21" [firmware/nnet_utils/nnet_dense_resource.h:13->firmware/nnet_utils/nnet_dense.h:65->firmware/nnet_utils/nnet_dense.h:45->firmware/recurrent.cpp:41]   --->   Operation 24 'read' 'p_read_11' <Predicate = (do_init)> <Delay = 1.46> <CoreInst = "FIFO_SRL">   --->   Core 80 'FIFO_SRL' <Latency = 0> <II = 1> <Delay = 3.90> <Storage> <Opcode : 'read' 'write' 'nbread' 'nbwrite'> <Ports = 0> <Width = 14> <Depth = 2> <FIFO>
ST_2 : Operation 25 [1/1] (1.46ns)   --->   "%p_read_12 = read i14 @_ssdm_op_Read.ap_auto.i14, i14 %p_read20" [firmware/nnet_utils/nnet_dense_resource.h:13->firmware/nnet_utils/nnet_dense.h:65->firmware/nnet_utils/nnet_dense.h:45->firmware/recurrent.cpp:41]   --->   Operation 25 'read' 'p_read_12' <Predicate = (do_init)> <Delay = 1.46> <CoreInst = "FIFO_SRL">   --->   Core 80 'FIFO_SRL' <Latency = 0> <II = 1> <Delay = 3.90> <Storage> <Opcode : 'read' 'write' 'nbread' 'nbwrite'> <Ports = 0> <Width = 14> <Depth = 2> <FIFO>
ST_2 : Operation 26 [1/1] (1.46ns)   --->   "%p_read_13 = read i14 @_ssdm_op_Read.ap_auto.i14, i14 %p_read19" [firmware/nnet_utils/nnet_dense_resource.h:13->firmware/nnet_utils/nnet_dense.h:65->firmware/nnet_utils/nnet_dense.h:45->firmware/recurrent.cpp:41]   --->   Operation 26 'read' 'p_read_13' <Predicate = (do_init)> <Delay = 1.46> <CoreInst = "FIFO_SRL">   --->   Core 80 'FIFO_SRL' <Latency = 0> <II = 1> <Delay = 3.90> <Storage> <Opcode : 'read' 'write' 'nbread' 'nbwrite'> <Ports = 0> <Width = 14> <Depth = 2> <FIFO>
ST_2 : Operation 27 [1/1] (1.46ns)   --->   "%p_read_14 = read i14 @_ssdm_op_Read.ap_auto.i14, i14 %p_read18" [firmware/nnet_utils/nnet_dense_resource.h:13->firmware/nnet_utils/nnet_dense.h:65->firmware/nnet_utils/nnet_dense.h:45->firmware/recurrent.cpp:41]   --->   Operation 27 'read' 'p_read_14' <Predicate = (do_init)> <Delay = 1.46> <CoreInst = "FIFO_SRL">   --->   Core 80 'FIFO_SRL' <Latency = 0> <II = 1> <Delay = 3.90> <Storage> <Opcode : 'read' 'write' 'nbread' 'nbwrite'> <Ports = 0> <Width = 14> <Depth = 2> <FIFO>
ST_2 : Operation 28 [1/1] (1.46ns)   --->   "%p_read_15 = read i14 @_ssdm_op_Read.ap_auto.i14, i14 %p_read17" [firmware/nnet_utils/nnet_dense_resource.h:13->firmware/nnet_utils/nnet_dense.h:65->firmware/nnet_utils/nnet_dense.h:45->firmware/recurrent.cpp:41]   --->   Operation 28 'read' 'p_read_15' <Predicate = (do_init)> <Delay = 1.46> <CoreInst = "FIFO_SRL">   --->   Core 80 'FIFO_SRL' <Latency = 0> <II = 1> <Delay = 3.90> <Storage> <Opcode : 'read' 'write' 'nbread' 'nbwrite'> <Ports = 0> <Width = 14> <Depth = 2> <FIFO>
ST_2 : Operation 29 [1/1] (1.46ns)   --->   "%p_read_16 = read i14 @_ssdm_op_Read.ap_auto.i14, i14 %p_read16" [firmware/nnet_utils/nnet_dense_resource.h:13->firmware/nnet_utils/nnet_dense.h:65->firmware/nnet_utils/nnet_dense.h:45->firmware/recurrent.cpp:41]   --->   Operation 29 'read' 'p_read_16' <Predicate = (do_init)> <Delay = 1.46> <CoreInst = "FIFO_SRL">   --->   Core 80 'FIFO_SRL' <Latency = 0> <II = 1> <Delay = 3.90> <Storage> <Opcode : 'read' 'write' 'nbread' 'nbwrite'> <Ports = 0> <Width = 14> <Depth = 2> <FIFO>
ST_2 : Operation 30 [1/1] (1.46ns)   --->   "%p_read_17 = read i14 @_ssdm_op_Read.ap_auto.i14, i14 %p_read15" [firmware/nnet_utils/nnet_dense_resource.h:13->firmware/nnet_utils/nnet_dense.h:65->firmware/nnet_utils/nnet_dense.h:45->firmware/recurrent.cpp:41]   --->   Operation 30 'read' 'p_read_17' <Predicate = (do_init)> <Delay = 1.46> <CoreInst = "FIFO_SRL">   --->   Core 80 'FIFO_SRL' <Latency = 0> <II = 1> <Delay = 3.90> <Storage> <Opcode : 'read' 'write' 'nbread' 'nbwrite'> <Ports = 0> <Width = 14> <Depth = 2> <FIFO>
ST_2 : Operation 31 [1/1] (1.46ns)   --->   "%p_read_18 = read i14 @_ssdm_op_Read.ap_auto.i14, i14 %p_read14" [firmware/nnet_utils/nnet_dense_resource.h:13->firmware/nnet_utils/nnet_dense.h:65->firmware/nnet_utils/nnet_dense.h:45->firmware/recurrent.cpp:41]   --->   Operation 31 'read' 'p_read_18' <Predicate = (do_init)> <Delay = 1.46> <CoreInst = "FIFO_SRL">   --->   Core 80 'FIFO_SRL' <Latency = 0> <II = 1> <Delay = 3.90> <Storage> <Opcode : 'read' 'write' 'nbread' 'nbwrite'> <Ports = 0> <Width = 14> <Depth = 2> <FIFO>
ST_2 : Operation 32 [1/1] (1.46ns)   --->   "%p_read_19 = read i14 @_ssdm_op_Read.ap_auto.i14, i14 %p_read13" [firmware/nnet_utils/nnet_dense_resource.h:13->firmware/nnet_utils/nnet_dense.h:65->firmware/nnet_utils/nnet_dense.h:45->firmware/recurrent.cpp:41]   --->   Operation 32 'read' 'p_read_19' <Predicate = (do_init)> <Delay = 1.46> <CoreInst = "FIFO_SRL">   --->   Core 80 'FIFO_SRL' <Latency = 0> <II = 1> <Delay = 3.90> <Storage> <Opcode : 'read' 'write' 'nbread' 'nbwrite'> <Ports = 0> <Width = 14> <Depth = 2> <FIFO>
ST_2 : Operation 33 [1/1] (1.46ns)   --->   "%p_read_20 = read i14 @_ssdm_op_Read.ap_auto.i14, i14 %p_read12" [firmware/nnet_utils/nnet_dense_resource.h:13->firmware/nnet_utils/nnet_dense.h:65->firmware/nnet_utils/nnet_dense.h:45->firmware/recurrent.cpp:41]   --->   Operation 33 'read' 'p_read_20' <Predicate = (do_init)> <Delay = 1.46> <CoreInst = "FIFO_SRL">   --->   Core 80 'FIFO_SRL' <Latency = 0> <II = 1> <Delay = 3.90> <Storage> <Opcode : 'read' 'write' 'nbread' 'nbwrite'> <Ports = 0> <Width = 14> <Depth = 2> <FIFO>
ST_2 : Operation 34 [1/1] (1.46ns)   --->   "%p_read_21 = read i14 @_ssdm_op_Read.ap_auto.i14, i14 %p_read11" [firmware/nnet_utils/nnet_dense_resource.h:13->firmware/nnet_utils/nnet_dense.h:65->firmware/nnet_utils/nnet_dense.h:45->firmware/recurrent.cpp:41]   --->   Operation 34 'read' 'p_read_21' <Predicate = (do_init)> <Delay = 1.46> <CoreInst = "FIFO_SRL">   --->   Core 80 'FIFO_SRL' <Latency = 0> <II = 1> <Delay = 3.90> <Storage> <Opcode : 'read' 'write' 'nbread' 'nbwrite'> <Ports = 0> <Width = 14> <Depth = 2> <FIFO>
ST_2 : Operation 35 [1/1] (1.46ns)   --->   "%p_read_22 = read i14 @_ssdm_op_Read.ap_auto.i14, i14 %p_read10" [firmware/nnet_utils/nnet_dense_resource.h:13->firmware/nnet_utils/nnet_dense.h:65->firmware/nnet_utils/nnet_dense.h:45->firmware/recurrent.cpp:41]   --->   Operation 35 'read' 'p_read_22' <Predicate = (do_init)> <Delay = 1.46> <CoreInst = "FIFO_SRL">   --->   Core 80 'FIFO_SRL' <Latency = 0> <II = 1> <Delay = 3.90> <Storage> <Opcode : 'read' 'write' 'nbread' 'nbwrite'> <Ports = 0> <Width = 14> <Depth = 2> <FIFO>
ST_2 : Operation 36 [1/1] (1.46ns)   --->   "%p_read_23 = read i14 @_ssdm_op_Read.ap_auto.i14, i14 %p_read9" [firmware/nnet_utils/nnet_dense_resource.h:13->firmware/nnet_utils/nnet_dense.h:65->firmware/nnet_utils/nnet_dense.h:45->firmware/recurrent.cpp:41]   --->   Operation 36 'read' 'p_read_23' <Predicate = (do_init)> <Delay = 1.46> <CoreInst = "FIFO_SRL">   --->   Core 80 'FIFO_SRL' <Latency = 0> <II = 1> <Delay = 3.90> <Storage> <Opcode : 'read' 'write' 'nbread' 'nbwrite'> <Ports = 0> <Width = 14> <Depth = 2> <FIFO>
ST_2 : Operation 37 [1/1] (1.46ns)   --->   "%p_read_24 = read i14 @_ssdm_op_Read.ap_auto.i14, i14 %p_read8" [firmware/nnet_utils/nnet_dense_resource.h:13->firmware/nnet_utils/nnet_dense.h:65->firmware/nnet_utils/nnet_dense.h:45->firmware/recurrent.cpp:41]   --->   Operation 37 'read' 'p_read_24' <Predicate = (do_init)> <Delay = 1.46> <CoreInst = "FIFO_SRL">   --->   Core 80 'FIFO_SRL' <Latency = 0> <II = 1> <Delay = 3.90> <Storage> <Opcode : 'read' 'write' 'nbread' 'nbwrite'> <Ports = 0> <Width = 14> <Depth = 2> <FIFO>
ST_2 : Operation 38 [1/1] (1.46ns)   --->   "%p_read_25 = read i14 @_ssdm_op_Read.ap_auto.i14, i14 %p_read7" [firmware/nnet_utils/nnet_dense_resource.h:13->firmware/nnet_utils/nnet_dense.h:65->firmware/nnet_utils/nnet_dense.h:45->firmware/recurrent.cpp:41]   --->   Operation 38 'read' 'p_read_25' <Predicate = (do_init)> <Delay = 1.46> <CoreInst = "FIFO_SRL">   --->   Core 80 'FIFO_SRL' <Latency = 0> <II = 1> <Delay = 3.90> <Storage> <Opcode : 'read' 'write' 'nbread' 'nbwrite'> <Ports = 0> <Width = 14> <Depth = 2> <FIFO>
ST_2 : Operation 39 [1/1] (1.46ns)   --->   "%p_read_26 = read i14 @_ssdm_op_Read.ap_auto.i14, i14 %p_read6" [firmware/nnet_utils/nnet_dense_resource.h:13->firmware/nnet_utils/nnet_dense.h:65->firmware/nnet_utils/nnet_dense.h:45->firmware/recurrent.cpp:41]   --->   Operation 39 'read' 'p_read_26' <Predicate = (do_init)> <Delay = 1.46> <CoreInst = "FIFO_SRL">   --->   Core 80 'FIFO_SRL' <Latency = 0> <II = 1> <Delay = 3.90> <Storage> <Opcode : 'read' 'write' 'nbread' 'nbwrite'> <Ports = 0> <Width = 14> <Depth = 2> <FIFO>
ST_2 : Operation 40 [1/1] (1.46ns)   --->   "%p_read_27 = read i14 @_ssdm_op_Read.ap_auto.i14, i14 %p_read5" [firmware/nnet_utils/nnet_dense_resource.h:13->firmware/nnet_utils/nnet_dense.h:65->firmware/nnet_utils/nnet_dense.h:45->firmware/recurrent.cpp:41]   --->   Operation 40 'read' 'p_read_27' <Predicate = (do_init)> <Delay = 1.46> <CoreInst = "FIFO_SRL">   --->   Core 80 'FIFO_SRL' <Latency = 0> <II = 1> <Delay = 3.90> <Storage> <Opcode : 'read' 'write' 'nbread' 'nbwrite'> <Ports = 0> <Width = 14> <Depth = 2> <FIFO>
ST_2 : Operation 41 [1/1] (1.46ns)   --->   "%p_read_28 = read i14 @_ssdm_op_Read.ap_auto.i14, i14 %p_read4" [firmware/nnet_utils/nnet_dense_resource.h:13->firmware/nnet_utils/nnet_dense.h:65->firmware/nnet_utils/nnet_dense.h:45->firmware/recurrent.cpp:41]   --->   Operation 41 'read' 'p_read_28' <Predicate = (do_init)> <Delay = 1.46> <CoreInst = "FIFO_SRL">   --->   Core 80 'FIFO_SRL' <Latency = 0> <II = 1> <Delay = 3.90> <Storage> <Opcode : 'read' 'write' 'nbread' 'nbwrite'> <Ports = 0> <Width = 14> <Depth = 2> <FIFO>
ST_2 : Operation 42 [1/1] (1.46ns)   --->   "%p_read_29 = read i14 @_ssdm_op_Read.ap_auto.i14, i14 %p_read3" [firmware/nnet_utils/nnet_dense_resource.h:13->firmware/nnet_utils/nnet_dense.h:65->firmware/nnet_utils/nnet_dense.h:45->firmware/recurrent.cpp:41]   --->   Operation 42 'read' 'p_read_29' <Predicate = (do_init)> <Delay = 1.46> <CoreInst = "FIFO_SRL">   --->   Core 80 'FIFO_SRL' <Latency = 0> <II = 1> <Delay = 3.90> <Storage> <Opcode : 'read' 'write' 'nbread' 'nbwrite'> <Ports = 0> <Width = 14> <Depth = 2> <FIFO>
ST_2 : Operation 43 [1/1] (1.46ns)   --->   "%p_read_30 = read i14 @_ssdm_op_Read.ap_auto.i14, i14 %p_read2" [firmware/nnet_utils/nnet_dense_resource.h:13->firmware/nnet_utils/nnet_dense.h:65->firmware/nnet_utils/nnet_dense.h:45->firmware/recurrent.cpp:41]   --->   Operation 43 'read' 'p_read_30' <Predicate = (do_init)> <Delay = 1.46> <CoreInst = "FIFO_SRL">   --->   Core 80 'FIFO_SRL' <Latency = 0> <II = 1> <Delay = 3.90> <Storage> <Opcode : 'read' 'write' 'nbread' 'nbwrite'> <Ports = 0> <Width = 14> <Depth = 2> <FIFO>
ST_2 : Operation 44 [1/1] (1.46ns)   --->   "%p_read_31 = read i14 @_ssdm_op_Read.ap_auto.i14, i14 %p_read1" [firmware/nnet_utils/nnet_dense_resource.h:13->firmware/nnet_utils/nnet_dense.h:65->firmware/nnet_utils/nnet_dense.h:45->firmware/recurrent.cpp:41]   --->   Operation 44 'read' 'p_read_31' <Predicate = (do_init)> <Delay = 1.46> <CoreInst = "FIFO_SRL">   --->   Core 80 'FIFO_SRL' <Latency = 0> <II = 1> <Delay = 3.90> <Storage> <Opcode : 'read' 'write' 'nbread' 'nbwrite'> <Ports = 0> <Width = 14> <Depth = 2> <FIFO>
ST_2 : Operation 45 [1/1] (1.46ns)   --->   "%p_read32 = read i14 @_ssdm_op_Read.ap_auto.i14, i14 %p_read" [firmware/nnet_utils/nnet_dense_resource.h:13->firmware/nnet_utils/nnet_dense.h:65->firmware/nnet_utils/nnet_dense.h:45->firmware/recurrent.cpp:41]   --->   Operation 45 'read' 'p_read32' <Predicate = (do_init)> <Delay = 1.46> <CoreInst = "FIFO_SRL">   --->   Core 80 'FIFO_SRL' <Latency = 0> <II = 1> <Delay = 3.90> <Storage> <Opcode : 'read' 'write' 'nbread' 'nbwrite'> <Ports = 0> <Width = 14> <Depth = 2> <FIFO>
ST_2 : Operation 46 [1/1] (1.61ns)   --->   "%br_ln46 = br void %MultLoop.split.i" [firmware/nnet_utils/nnet_dense_resource.h:46->firmware/nnet_utils/nnet_dense.h:65->firmware/nnet_utils/nnet_dense.h:45->firmware/recurrent.cpp:41]   --->   Operation 46 'br' 'br_ln46' <Predicate = (do_init)> <Delay = 1.61>
ST_2 : Operation 47 [1/1] (0.00ns)   --->   "%zext_ln46 = zext i5 %ir" [firmware/nnet_utils/nnet_dense_resource.h:46->firmware/nnet_utils/nnet_dense.h:65->firmware/nnet_utils/nnet_dense.h:45->firmware/recurrent.cpp:41]   --->   Operation 47 'zext' 'zext_ln46' <Predicate = true> <Delay = 0.00>
ST_2 : Operation 48 [1/1] (0.00ns)   --->   "%w3_addr = getelementptr i10 %w3, i64 0, i64 %zext_ln46" [firmware/nnet_utils/nnet_dense_resource.h:59->firmware/nnet_utils/nnet_dense.h:65->firmware/nnet_utils/nnet_dense.h:45->firmware/recurrent.cpp:41]   --->   Operation 48 'getelementptr' 'w3_addr' <Predicate = true> <Delay = 0.00>
ST_2 : Operation 49 [3/3] (1.68ns)   --->   "%w = load i5 %w3_addr" [firmware/nnet_utils/nnet_dense_resource.h:59->firmware/nnet_utils/nnet_dense.h:65->firmware/nnet_utils/nnet_dense.h:45->firmware/recurrent.cpp:41]   --->   Operation 49 'load' 'w' <Predicate = true> <Delay = 1.68> <CoreInst = "ROM_nP_BRAM">   --->   Core 102 'ROM_nP_BRAM' <Latency = 2> <II = 1> <Delay = 1.68> <Storage> <Opcode : 'load'> <Ports = 0> <Width = 10> <Depth = 32> <ROM>
ST_2 : Operation 50 [1/1] (1.86ns)   --->   "%w_index = add i5 %ir, i5 1" [firmware/nnet_utils/nnet_dense_resource.h:46->firmware/nnet_utils/nnet_dense.h:65->firmware/nnet_utils/nnet_dense.h:45->firmware/recurrent.cpp:41]   --->   Operation 50 'add' 'w_index' <Predicate = true> <Delay = 1.86> <CoreInst = "Adder">   --->   Core 1 'Adder' <Latency = 0> <II = 1> <Delay = 1.86> <FuncUnit> <Opcode : 'add' 'sub'> <InPorts = 2> <OutPorts = 1>
ST_2 : Operation 51 [1/1] (1.86ns)   --->   "%icmp_ln46 = icmp_eq  i5 %ir, i5 31" [firmware/nnet_utils/nnet_dense_resource.h:46->firmware/nnet_utils/nnet_dense.h:65->firmware/nnet_utils/nnet_dense.h:45->firmware/recurrent.cpp:41]   --->   Operation 51 'icmp' 'icmp_ln46' <Predicate = true> <Delay = 1.86> <CoreInst = "Cmp">   --->   Core 9 'Cmp' <Latency = 0> <II = 1> <Delay = 1.86> <FuncUnit> <Opcode : 'seteq' 'setne' 'setle' 'setge' 'setlt' 'setgt'> <InPorts = 2> <OutPorts = 1>
ST_2 : Operation 52 [1/1] (0.00ns)   --->   "%br_ln46 = br i1 %icmp_ln46, void %rewind_header, void %_ZN4nnet25dense_resource_rf_leq_ninI8ap_fixedILi14ELi7EL9ap_q_mode0EL9ap_o_mode3ELi0EES4_7config3EEvPT_PT0_PNT1_8weight_tEPNSA_6bias_tE.153.154.4.exit" [firmware/nnet_utils/nnet_dense_resource.h:46->firmware/nnet_utils/nnet_dense.h:65->firmware/nnet_utils/nnet_dense.h:45->firmware/recurrent.cpp:41]   --->   Operation 52 'br' 'br_ln46' <Predicate = true> <Delay = 0.00>
ST_2 : Operation 53 [1/1] (0.00ns)   --->   "%br_ln0 = br void %rewind_header"   --->   Operation 53 'br' 'br_ln0' <Predicate = (icmp_ln46)> <Delay = 0.00>

State 3 <SV = 2> <Delay = 3.03>
ST_3 : Operation 54 [1/1] (0.00ns)   --->   "%p_read32_rewind = phi i14 0, void %newFuncRoot, i14 %p_read32_phi, void %MultLoop.split.i, i14 0, void %_ZN4nnet25dense_resource_rf_leq_ninI8ap_fixedILi14ELi7EL9ap_q_mode0EL9ap_o_mode3ELi0EES4_7config3EEvPT_PT0_PNT1_8weight_tEPNSA_6bias_tE.153.154.4.exit" [firmware/nnet_utils/nnet_dense_resource.h:13->firmware/nnet_utils/nnet_dense.h:65->firmware/nnet_utils/nnet_dense.h:45->firmware/recurrent.cpp:41]   --->   Operation 54 'phi' 'p_read32_rewind' <Predicate = true> <Delay = 0.00>
ST_3 : Operation 55 [1/1] (0.00ns)   --->   "%p_read133_rewind = phi i14 0, void %newFuncRoot, i14 %p_read133_phi, void %MultLoop.split.i, i14 0, void %_ZN4nnet25dense_resource_rf_leq_ninI8ap_fixedILi14ELi7EL9ap_q_mode0EL9ap_o_mode3ELi0EES4_7config3EEvPT_PT0_PNT1_8weight_tEPNSA_6bias_tE.153.154.4.exit" [firmware/nnet_utils/nnet_dense_resource.h:13->firmware/nnet_utils/nnet_dense.h:65->firmware/nnet_utils/nnet_dense.h:45->firmware/recurrent.cpp:41]   --->   Operation 55 'phi' 'p_read133_rewind' <Predicate = true> <Delay = 0.00>
ST_3 : Operation 56 [1/1] (0.00ns)   --->   "%p_read234_rewind = phi i14 0, void %newFuncRoot, i14 %p_read234_phi, void %MultLoop.split.i, i14 0, void %_ZN4nnet25dense_resource_rf_leq_ninI8ap_fixedILi14ELi7EL9ap_q_mode0EL9ap_o_mode3ELi0EES4_7config3EEvPT_PT0_PNT1_8weight_tEPNSA_6bias_tE.153.154.4.exit" [firmware/nnet_utils/nnet_dense_resource.h:13->firmware/nnet_utils/nnet_dense.h:65->firmware/nnet_utils/nnet_dense.h:45->firmware/recurrent.cpp:41]   --->   Operation 56 'phi' 'p_read234_rewind' <Predicate = true> <Delay = 0.00>
ST_3 : Operation 57 [1/1] (0.00ns)   --->   "%p_read335_rewind = phi i14 0, void %newFuncRoot, i14 %p_read335_phi, void %MultLoop.split.i, i14 0, void %_ZN4nnet25dense_resource_rf_leq_ninI8ap_fixedILi14ELi7EL9ap_q_mode0EL9ap_o_mode3ELi0EES4_7config3EEvPT_PT0_PNT1_8weight_tEPNSA_6bias_tE.153.154.4.exit" [firmware/nnet_utils/nnet_dense_resource.h:13->firmware/nnet_utils/nnet_dense.h:65->firmware/nnet_utils/nnet_dense.h:45->firmware/recurrent.cpp:41]   --->   Operation 57 'phi' 'p_read335_rewind' <Predicate = true> <Delay = 0.00>
ST_3 : Operation 58 [1/1] (0.00ns)   --->   "%p_read436_rewind = phi i14 0, void %newFuncRoot, i14 %p_read436_phi, void %MultLoop.split.i, i14 0, void %_ZN4nnet25dense_resource_rf_leq_ninI8ap_fixedILi14ELi7EL9ap_q_mode0EL9ap_o_mode3ELi0EES4_7config3EEvPT_PT0_PNT1_8weight_tEPNSA_6bias_tE.153.154.4.exit" [firmware/nnet_utils/nnet_dense_resource.h:13->firmware/nnet_utils/nnet_dense.h:65->firmware/nnet_utils/nnet_dense.h:45->firmware/recurrent.cpp:41]   --->   Operation 58 'phi' 'p_read436_rewind' <Predicate = true> <Delay = 0.00>
ST_3 : Operation 59 [1/1] (0.00ns)   --->   "%p_read537_rewind = phi i14 0, void %newFuncRoot, i14 %p_read537_phi, void %MultLoop.split.i, i14 0, void %_ZN4nnet25dense_resource_rf_leq_ninI8ap_fixedILi14ELi7EL9ap_q_mode0EL9ap_o_mode3ELi0EES4_7config3EEvPT_PT0_PNT1_8weight_tEPNSA_6bias_tE.153.154.4.exit" [firmware/nnet_utils/nnet_dense_resource.h:13->firmware/nnet_utils/nnet_dense.h:65->firmware/nnet_utils/nnet_dense.h:45->firmware/recurrent.cpp:41]   --->   Operation 59 'phi' 'p_read537_rewind' <Predicate = true> <Delay = 0.00>
ST_3 : Operation 60 [1/1] (0.00ns)   --->   "%p_read638_rewind = phi i14 0, void %newFuncRoot, i14 %p_read638_phi, void %MultLoop.split.i, i14 0, void %_ZN4nnet25dense_resource_rf_leq_ninI8ap_fixedILi14ELi7EL9ap_q_mode0EL9ap_o_mode3ELi0EES4_7config3EEvPT_PT0_PNT1_8weight_tEPNSA_6bias_tE.153.154.4.exit" [firmware/nnet_utils/nnet_dense_resource.h:13->firmware/nnet_utils/nnet_dense.h:65->firmware/nnet_utils/nnet_dense.h:45->firmware/recurrent.cpp:41]   --->   Operation 60 'phi' 'p_read638_rewind' <Predicate = true> <Delay = 0.00>
ST_3 : Operation 61 [1/1] (0.00ns)   --->   "%p_read739_rewind = phi i14 0, void %newFuncRoot, i14 %p_read739_phi, void %MultLoop.split.i, i14 0, void %_ZN4nnet25dense_resource_rf_leq_ninI8ap_fixedILi14ELi7EL9ap_q_mode0EL9ap_o_mode3ELi0EES4_7config3EEvPT_PT0_PNT1_8weight_tEPNSA_6bias_tE.153.154.4.exit" [firmware/nnet_utils/nnet_dense_resource.h:13->firmware/nnet_utils/nnet_dense.h:65->firmware/nnet_utils/nnet_dense.h:45->firmware/recurrent.cpp:41]   --->   Operation 61 'phi' 'p_read739_rewind' <Predicate = true> <Delay = 0.00>
ST_3 : Operation 62 [1/1] (0.00ns)   --->   "%p_read840_rewind = phi i14 0, void %newFuncRoot, i14 %p_read840_phi, void %MultLoop.split.i, i14 0, void %_ZN4nnet25dense_resource_rf_leq_ninI8ap_fixedILi14ELi7EL9ap_q_mode0EL9ap_o_mode3ELi0EES4_7config3EEvPT_PT0_PNT1_8weight_tEPNSA_6bias_tE.153.154.4.exit" [firmware/nnet_utils/nnet_dense_resource.h:13->firmware/nnet_utils/nnet_dense.h:65->firmware/nnet_utils/nnet_dense.h:45->firmware/recurrent.cpp:41]   --->   Operation 62 'phi' 'p_read840_rewind' <Predicate = true> <Delay = 0.00>
ST_3 : Operation 63 [1/1] (0.00ns)   --->   "%p_read941_rewind = phi i14 0, void %newFuncRoot, i14 %p_read941_phi, void %MultLoop.split.i, i14 0, void %_ZN4nnet25dense_resource_rf_leq_ninI8ap_fixedILi14ELi7EL9ap_q_mode0EL9ap_o_mode3ELi0EES4_7config3EEvPT_PT0_PNT1_8weight_tEPNSA_6bias_tE.153.154.4.exit" [firmware/nnet_utils/nnet_dense_resource.h:13->firmware/nnet_utils/nnet_dense.h:65->firmware/nnet_utils/nnet_dense.h:45->firmware/recurrent.cpp:41]   --->   Operation 63 'phi' 'p_read941_rewind' <Predicate = true> <Delay = 0.00>
ST_3 : Operation 64 [1/1] (0.00ns)   --->   "%p_read1042_rewind = phi i14 0, void %newFuncRoot, i14 %p_read1042_phi, void %MultLoop.split.i, i14 0, void %_ZN4nnet25dense_resource_rf_leq_ninI8ap_fixedILi14ELi7EL9ap_q_mode0EL9ap_o_mode3ELi0EES4_7config3EEvPT_PT0_PNT1_8weight_tEPNSA_6bias_tE.153.154.4.exit" [firmware/nnet_utils/nnet_dense_resource.h:13->firmware/nnet_utils/nnet_dense.h:65->firmware/nnet_utils/nnet_dense.h:45->firmware/recurrent.cpp:41]   --->   Operation 64 'phi' 'p_read1042_rewind' <Predicate = true> <Delay = 0.00>
ST_3 : Operation 65 [1/1] (0.00ns)   --->   "%p_read1143_rewind = phi i14 0, void %newFuncRoot, i14 %p_read1143_phi, void %MultLoop.split.i, i14 0, void %_ZN4nnet25dense_resource_rf_leq_ninI8ap_fixedILi14ELi7EL9ap_q_mode0EL9ap_o_mode3ELi0EES4_7config3EEvPT_PT0_PNT1_8weight_tEPNSA_6bias_tE.153.154.4.exit" [firmware/nnet_utils/nnet_dense_resource.h:13->firmware/nnet_utils/nnet_dense.h:65->firmware/nnet_utils/nnet_dense.h:45->firmware/recurrent.cpp:41]   --->   Operation 65 'phi' 'p_read1143_rewind' <Predicate = true> <Delay = 0.00>
ST_3 : Operation 66 [1/1] (0.00ns)   --->   "%p_read1244_rewind = phi i14 0, void %newFuncRoot, i14 %p_read1244_phi, void %MultLoop.split.i, i14 0, void %_ZN4nnet25dense_resource_rf_leq_ninI8ap_fixedILi14ELi7EL9ap_q_mode0EL9ap_o_mode3ELi0EES4_7config3EEvPT_PT0_PNT1_8weight_tEPNSA_6bias_tE.153.154.4.exit" [firmware/nnet_utils/nnet_dense_resource.h:13->firmware/nnet_utils/nnet_dense.h:65->firmware/nnet_utils/nnet_dense.h:45->firmware/recurrent.cpp:41]   --->   Operation 66 'phi' 'p_read1244_rewind' <Predicate = true> <Delay = 0.00>
ST_3 : Operation 67 [1/1] (0.00ns)   --->   "%p_read1345_rewind = phi i14 0, void %newFuncRoot, i14 %p_read1345_phi, void %MultLoop.split.i, i14 0, void %_ZN4nnet25dense_resource_rf_leq_ninI8ap_fixedILi14ELi7EL9ap_q_mode0EL9ap_o_mode3ELi0EES4_7config3EEvPT_PT0_PNT1_8weight_tEPNSA_6bias_tE.153.154.4.exit" [firmware/nnet_utils/nnet_dense_resource.h:13->firmware/nnet_utils/nnet_dense.h:65->firmware/nnet_utils/nnet_dense.h:45->firmware/recurrent.cpp:41]   --->   Operation 67 'phi' 'p_read1345_rewind' <Predicate = true> <Delay = 0.00>
ST_3 : Operation 68 [1/1] (0.00ns)   --->   "%p_read1446_rewind = phi i14 0, void %newFuncRoot, i14 %p_read1446_phi, void %MultLoop.split.i, i14 0, void %_ZN4nnet25dense_resource_rf_leq_ninI8ap_fixedILi14ELi7EL9ap_q_mode0EL9ap_o_mode3ELi0EES4_7config3EEvPT_PT0_PNT1_8weight_tEPNSA_6bias_tE.153.154.4.exit" [firmware/nnet_utils/nnet_dense_resource.h:13->firmware/nnet_utils/nnet_dense.h:65->firmware/nnet_utils/nnet_dense.h:45->firmware/recurrent.cpp:41]   --->   Operation 68 'phi' 'p_read1446_rewind' <Predicate = true> <Delay = 0.00>
ST_3 : Operation 69 [1/1] (0.00ns)   --->   "%p_read1547_rewind = phi i14 0, void %newFuncRoot, i14 %p_read1547_phi, void %MultLoop.split.i, i14 0, void %_ZN4nnet25dense_resource_rf_leq_ninI8ap_fixedILi14ELi7EL9ap_q_mode0EL9ap_o_mode3ELi0EES4_7config3EEvPT_PT0_PNT1_8weight_tEPNSA_6bias_tE.153.154.4.exit" [firmware/nnet_utils/nnet_dense_resource.h:13->firmware/nnet_utils/nnet_dense.h:65->firmware/nnet_utils/nnet_dense.h:45->firmware/recurrent.cpp:41]   --->   Operation 69 'phi' 'p_read1547_rewind' <Predicate = true> <Delay = 0.00>
ST_3 : Operation 70 [1/1] (0.00ns)   --->   "%p_read1648_rewind = phi i14 0, void %newFuncRoot, i14 %p_read1648_phi, void %MultLoop.split.i, i14 0, void %_ZN4nnet25dense_resource_rf_leq_ninI8ap_fixedILi14ELi7EL9ap_q_mode0EL9ap_o_mode3ELi0EES4_7config3EEvPT_PT0_PNT1_8weight_tEPNSA_6bias_tE.153.154.4.exit" [firmware/nnet_utils/nnet_dense_resource.h:13->firmware/nnet_utils/nnet_dense.h:65->firmware/nnet_utils/nnet_dense.h:45->firmware/recurrent.cpp:41]   --->   Operation 70 'phi' 'p_read1648_rewind' <Predicate = true> <Delay = 0.00>
ST_3 : Operation 71 [1/1] (0.00ns)   --->   "%p_read1749_rewind = phi i14 0, void %newFuncRoot, i14 %p_read1749_phi, void %MultLoop.split.i, i14 0, void %_ZN4nnet25dense_resource_rf_leq_ninI8ap_fixedILi14ELi7EL9ap_q_mode0EL9ap_o_mode3ELi0EES4_7config3EEvPT_PT0_PNT1_8weight_tEPNSA_6bias_tE.153.154.4.exit" [firmware/nnet_utils/nnet_dense_resource.h:13->firmware/nnet_utils/nnet_dense.h:65->firmware/nnet_utils/nnet_dense.h:45->firmware/recurrent.cpp:41]   --->   Operation 71 'phi' 'p_read1749_rewind' <Predicate = true> <Delay = 0.00>
ST_3 : Operation 72 [1/1] (0.00ns)   --->   "%p_read1850_rewind = phi i14 0, void %newFuncRoot, i14 %p_read1850_phi, void %MultLoop.split.i, i14 0, void %_ZN4nnet25dense_resource_rf_leq_ninI8ap_fixedILi14ELi7EL9ap_q_mode0EL9ap_o_mode3ELi0EES4_7config3EEvPT_PT0_PNT1_8weight_tEPNSA_6bias_tE.153.154.4.exit" [firmware/nnet_utils/nnet_dense_resource.h:13->firmware/nnet_utils/nnet_dense.h:65->firmware/nnet_utils/nnet_dense.h:45->firmware/recurrent.cpp:41]   --->   Operation 72 'phi' 'p_read1850_rewind' <Predicate = true> <Delay = 0.00>
ST_3 : Operation 73 [1/1] (0.00ns)   --->   "%p_read1951_rewind = phi i14 0, void %newFuncRoot, i14 %p_read1951_phi, void %MultLoop.split.i, i14 0, void %_ZN4nnet25dense_resource_rf_leq_ninI8ap_fixedILi14ELi7EL9ap_q_mode0EL9ap_o_mode3ELi0EES4_7config3EEvPT_PT0_PNT1_8weight_tEPNSA_6bias_tE.153.154.4.exit" [firmware/nnet_utils/nnet_dense_resource.h:13->firmware/nnet_utils/nnet_dense.h:65->firmware/nnet_utils/nnet_dense.h:45->firmware/recurrent.cpp:41]   --->   Operation 73 'phi' 'p_read1951_rewind' <Predicate = true> <Delay = 0.00>
ST_3 : Operation 74 [1/1] (0.00ns)   --->   "%p_read2052_rewind = phi i14 0, void %newFuncRoot, i14 %p_read2052_phi, void %MultLoop.split.i, i14 0, void %_ZN4nnet25dense_resource_rf_leq_ninI8ap_fixedILi14ELi7EL9ap_q_mode0EL9ap_o_mode3ELi0EES4_7config3EEvPT_PT0_PNT1_8weight_tEPNSA_6bias_tE.153.154.4.exit" [firmware/nnet_utils/nnet_dense_resource.h:13->firmware/nnet_utils/nnet_dense.h:65->firmware/nnet_utils/nnet_dense.h:45->firmware/recurrent.cpp:41]   --->   Operation 74 'phi' 'p_read2052_rewind' <Predicate = true> <Delay = 0.00>
ST_3 : Operation 75 [1/1] (0.00ns)   --->   "%p_read2153_rewind = phi i14 0, void %newFuncRoot, i14 %p_read2153_phi, void %MultLoop.split.i, i14 0, void %_ZN4nnet25dense_resource_rf_leq_ninI8ap_fixedILi14ELi7EL9ap_q_mode0EL9ap_o_mode3ELi0EES4_7config3EEvPT_PT0_PNT1_8weight_tEPNSA_6bias_tE.153.154.4.exit" [firmware/nnet_utils/nnet_dense_resource.h:13->firmware/nnet_utils/nnet_dense.h:65->firmware/nnet_utils/nnet_dense.h:45->firmware/recurrent.cpp:41]   --->   Operation 75 'phi' 'p_read2153_rewind' <Predicate = true> <Delay = 0.00>
ST_3 : Operation 76 [1/1] (0.00ns)   --->   "%p_read2254_rewind = phi i14 0, void %newFuncRoot, i14 %p_read2254_phi, void %MultLoop.split.i, i14 0, void %_ZN4nnet25dense_resource_rf_leq_ninI8ap_fixedILi14ELi7EL9ap_q_mode0EL9ap_o_mode3ELi0EES4_7config3EEvPT_PT0_PNT1_8weight_tEPNSA_6bias_tE.153.154.4.exit" [firmware/nnet_utils/nnet_dense_resource.h:13->firmware/nnet_utils/nnet_dense.h:65->firmware/nnet_utils/nnet_dense.h:45->firmware/recurrent.cpp:41]   --->   Operation 76 'phi' 'p_read2254_rewind' <Predicate = true> <Delay = 0.00>
ST_3 : Operation 77 [1/1] (0.00ns)   --->   "%p_read2355_rewind = phi i14 0, void %newFuncRoot, i14 %p_read2355_phi, void %MultLoop.split.i, i14 0, void %_ZN4nnet25dense_resource_rf_leq_ninI8ap_fixedILi14ELi7EL9ap_q_mode0EL9ap_o_mode3ELi0EES4_7config3EEvPT_PT0_PNT1_8weight_tEPNSA_6bias_tE.153.154.4.exit" [firmware/nnet_utils/nnet_dense_resource.h:13->firmware/nnet_utils/nnet_dense.h:65->firmware/nnet_utils/nnet_dense.h:45->firmware/recurrent.cpp:41]   --->   Operation 77 'phi' 'p_read2355_rewind' <Predicate = true> <Delay = 0.00>
ST_3 : Operation 78 [1/1] (0.00ns)   --->   "%p_read2456_rewind = phi i14 0, void %newFuncRoot, i14 %p_read2456_phi, void %MultLoop.split.i, i14 0, void %_ZN4nnet25dense_resource_rf_leq_ninI8ap_fixedILi14ELi7EL9ap_q_mode0EL9ap_o_mode3ELi0EES4_7config3EEvPT_PT0_PNT1_8weight_tEPNSA_6bias_tE.153.154.4.exit" [firmware/nnet_utils/nnet_dense_resource.h:13->firmware/nnet_utils/nnet_dense.h:65->firmware/nnet_utils/nnet_dense.h:45->firmware/recurrent.cpp:41]   --->   Operation 78 'phi' 'p_read2456_rewind' <Predicate = true> <Delay = 0.00>
ST_3 : Operation 79 [1/1] (0.00ns)   --->   "%p_read2557_rewind = phi i14 0, void %newFuncRoot, i14 %p_read2557_phi, void %MultLoop.split.i, i14 0, void %_ZN4nnet25dense_resource_rf_leq_ninI8ap_fixedILi14ELi7EL9ap_q_mode0EL9ap_o_mode3ELi0EES4_7config3EEvPT_PT0_PNT1_8weight_tEPNSA_6bias_tE.153.154.4.exit" [firmware/nnet_utils/nnet_dense_resource.h:13->firmware/nnet_utils/nnet_dense.h:65->firmware/nnet_utils/nnet_dense.h:45->firmware/recurrent.cpp:41]   --->   Operation 79 'phi' 'p_read2557_rewind' <Predicate = true> <Delay = 0.00>
ST_3 : Operation 80 [1/1] (0.00ns)   --->   "%p_read2658_rewind = phi i14 0, void %newFuncRoot, i14 %p_read2658_phi, void %MultLoop.split.i, i14 0, void %_ZN4nnet25dense_resource_rf_leq_ninI8ap_fixedILi14ELi7EL9ap_q_mode0EL9ap_o_mode3ELi0EES4_7config3EEvPT_PT0_PNT1_8weight_tEPNSA_6bias_tE.153.154.4.exit" [firmware/nnet_utils/nnet_dense_resource.h:13->firmware/nnet_utils/nnet_dense.h:65->firmware/nnet_utils/nnet_dense.h:45->firmware/recurrent.cpp:41]   --->   Operation 80 'phi' 'p_read2658_rewind' <Predicate = true> <Delay = 0.00>
ST_3 : Operation 81 [1/1] (0.00ns)   --->   "%p_read2759_rewind = phi i14 0, void %newFuncRoot, i14 %p_read2759_phi, void %MultLoop.split.i, i14 0, void %_ZN4nnet25dense_resource_rf_leq_ninI8ap_fixedILi14ELi7EL9ap_q_mode0EL9ap_o_mode3ELi0EES4_7config3EEvPT_PT0_PNT1_8weight_tEPNSA_6bias_tE.153.154.4.exit" [firmware/nnet_utils/nnet_dense_resource.h:13->firmware/nnet_utils/nnet_dense.h:65->firmware/nnet_utils/nnet_dense.h:45->firmware/recurrent.cpp:41]   --->   Operation 81 'phi' 'p_read2759_rewind' <Predicate = true> <Delay = 0.00>
ST_3 : Operation 82 [1/1] (0.00ns)   --->   "%p_read2860_rewind = phi i14 0, void %newFuncRoot, i14 %p_read2860_phi, void %MultLoop.split.i, i14 0, void %_ZN4nnet25dense_resource_rf_leq_ninI8ap_fixedILi14ELi7EL9ap_q_mode0EL9ap_o_mode3ELi0EES4_7config3EEvPT_PT0_PNT1_8weight_tEPNSA_6bias_tE.153.154.4.exit" [firmware/nnet_utils/nnet_dense_resource.h:13->firmware/nnet_utils/nnet_dense.h:65->firmware/nnet_utils/nnet_dense.h:45->firmware/recurrent.cpp:41]   --->   Operation 82 'phi' 'p_read2860_rewind' <Predicate = true> <Delay = 0.00>
ST_3 : Operation 83 [1/1] (0.00ns)   --->   "%p_read2961_rewind = phi i14 0, void %newFuncRoot, i14 %p_read2961_phi, void %MultLoop.split.i, i14 0, void %_ZN4nnet25dense_resource_rf_leq_ninI8ap_fixedILi14ELi7EL9ap_q_mode0EL9ap_o_mode3ELi0EES4_7config3EEvPT_PT0_PNT1_8weight_tEPNSA_6bias_tE.153.154.4.exit" [firmware/nnet_utils/nnet_dense_resource.h:13->firmware/nnet_utils/nnet_dense.h:65->firmware/nnet_utils/nnet_dense.h:45->firmware/recurrent.cpp:41]   --->   Operation 83 'phi' 'p_read2961_rewind' <Predicate = true> <Delay = 0.00>
ST_3 : Operation 84 [1/1] (0.00ns)   --->   "%p_read3062_rewind = phi i14 0, void %newFuncRoot, i14 %p_read3062_phi, void %MultLoop.split.i, i14 0, void %_ZN4nnet25dense_resource_rf_leq_ninI8ap_fixedILi14ELi7EL9ap_q_mode0EL9ap_o_mode3ELi0EES4_7config3EEvPT_PT0_PNT1_8weight_tEPNSA_6bias_tE.153.154.4.exit" [firmware/nnet_utils/nnet_dense_resource.h:13->firmware/nnet_utils/nnet_dense.h:65->firmware/nnet_utils/nnet_dense.h:45->firmware/recurrent.cpp:41]   --->   Operation 84 'phi' 'p_read3062_rewind' <Predicate = true> <Delay = 0.00>
ST_3 : Operation 85 [1/1] (0.00ns)   --->   "%p_read3163_rewind = phi i14 0, void %newFuncRoot, i14 %p_read3163_phi, void %MultLoop.split.i, i14 0, void %_ZN4nnet25dense_resource_rf_leq_ninI8ap_fixedILi14ELi7EL9ap_q_mode0EL9ap_o_mode3ELi0EES4_7config3EEvPT_PT0_PNT1_8weight_tEPNSA_6bias_tE.153.154.4.exit" [firmware/nnet_utils/nnet_dense_resource.h:13->firmware/nnet_utils/nnet_dense.h:65->firmware/nnet_utils/nnet_dense.h:45->firmware/recurrent.cpp:41]   --->   Operation 85 'phi' 'p_read3163_rewind' <Predicate = true> <Delay = 0.00>
ST_3 : Operation 86 [1/1] (0.00ns)   --->   "%p_read32_phi = phi i14 %p_read32, void %rewind_init, i14 %p_read32_rewind, void %rewind_header" [firmware/nnet_utils/nnet_dense_resource.h:13->firmware/nnet_utils/nnet_dense.h:65->firmware/nnet_utils/nnet_dense.h:45->firmware/recurrent.cpp:41]   --->   Operation 86 'phi' 'p_read32_phi' <Predicate = true> <Delay = 0.00>
ST_3 : Operation 87 [1/1] (0.00ns)   --->   "%p_read133_phi = phi i14 %p_read_31, void %rewind_init, i14 %p_read133_rewind, void %rewind_header" [firmware/nnet_utils/nnet_dense_resource.h:13->firmware/nnet_utils/nnet_dense.h:65->firmware/nnet_utils/nnet_dense.h:45->firmware/recurrent.cpp:41]   --->   Operation 87 'phi' 'p_read133_phi' <Predicate = true> <Delay = 0.00>
ST_3 : Operation 88 [1/1] (0.00ns)   --->   "%p_read234_phi = phi i14 %p_read_30, void %rewind_init, i14 %p_read234_rewind, void %rewind_header" [firmware/nnet_utils/nnet_dense_resource.h:13->firmware/nnet_utils/nnet_dense.h:65->firmware/nnet_utils/nnet_dense.h:45->firmware/recurrent.cpp:41]   --->   Operation 88 'phi' 'p_read234_phi' <Predicate = true> <Delay = 0.00>
ST_3 : Operation 89 [1/1] (0.00ns)   --->   "%p_read335_phi = phi i14 %p_read_29, void %rewind_init, i14 %p_read335_rewind, void %rewind_header" [firmware/nnet_utils/nnet_dense_resource.h:13->firmware/nnet_utils/nnet_dense.h:65->firmware/nnet_utils/nnet_dense.h:45->firmware/recurrent.cpp:41]   --->   Operation 89 'phi' 'p_read335_phi' <Predicate = true> <Delay = 0.00>
ST_3 : Operation 90 [1/1] (0.00ns)   --->   "%p_read436_phi = phi i14 %p_read_28, void %rewind_init, i14 %p_read436_rewind, void %rewind_header" [firmware/nnet_utils/nnet_dense_resource.h:13->firmware/nnet_utils/nnet_dense.h:65->firmware/nnet_utils/nnet_dense.h:45->firmware/recurrent.cpp:41]   --->   Operation 90 'phi' 'p_read436_phi' <Predicate = true> <Delay = 0.00>
ST_3 : Operation 91 [1/1] (0.00ns)   --->   "%p_read537_phi = phi i14 %p_read_27, void %rewind_init, i14 %p_read537_rewind, void %rewind_header" [firmware/nnet_utils/nnet_dense_resource.h:13->firmware/nnet_utils/nnet_dense.h:65->firmware/nnet_utils/nnet_dense.h:45->firmware/recurrent.cpp:41]   --->   Operation 91 'phi' 'p_read537_phi' <Predicate = true> <Delay = 0.00>
ST_3 : Operation 92 [1/1] (0.00ns)   --->   "%p_read638_phi = phi i14 %p_read_26, void %rewind_init, i14 %p_read638_rewind, void %rewind_header" [firmware/nnet_utils/nnet_dense_resource.h:13->firmware/nnet_utils/nnet_dense.h:65->firmware/nnet_utils/nnet_dense.h:45->firmware/recurrent.cpp:41]   --->   Operation 92 'phi' 'p_read638_phi' <Predicate = true> <Delay = 0.00>
ST_3 : Operation 93 [1/1] (0.00ns)   --->   "%p_read739_phi = phi i14 %p_read_25, void %rewind_init, i14 %p_read739_rewind, void %rewind_header" [firmware/nnet_utils/nnet_dense_resource.h:13->firmware/nnet_utils/nnet_dense.h:65->firmware/nnet_utils/nnet_dense.h:45->firmware/recurrent.cpp:41]   --->   Operation 93 'phi' 'p_read739_phi' <Predicate = true> <Delay = 0.00>
ST_3 : Operation 94 [1/1] (0.00ns)   --->   "%p_read840_phi = phi i14 %p_read_24, void %rewind_init, i14 %p_read840_rewind, void %rewind_header" [firmware/nnet_utils/nnet_dense_resource.h:13->firmware/nnet_utils/nnet_dense.h:65->firmware/nnet_utils/nnet_dense.h:45->firmware/recurrent.cpp:41]   --->   Operation 94 'phi' 'p_read840_phi' <Predicate = true> <Delay = 0.00>
ST_3 : Operation 95 [1/1] (0.00ns)   --->   "%p_read941_phi = phi i14 %p_read_23, void %rewind_init, i14 %p_read941_rewind, void %rewind_header" [firmware/nnet_utils/nnet_dense_resource.h:13->firmware/nnet_utils/nnet_dense.h:65->firmware/nnet_utils/nnet_dense.h:45->firmware/recurrent.cpp:41]   --->   Operation 95 'phi' 'p_read941_phi' <Predicate = true> <Delay = 0.00>
ST_3 : Operation 96 [1/1] (0.00ns)   --->   "%p_read1042_phi = phi i14 %p_read_22, void %rewind_init, i14 %p_read1042_rewind, void %rewind_header" [firmware/nnet_utils/nnet_dense_resource.h:13->firmware/nnet_utils/nnet_dense.h:65->firmware/nnet_utils/nnet_dense.h:45->firmware/recurrent.cpp:41]   --->   Operation 96 'phi' 'p_read1042_phi' <Predicate = true> <Delay = 0.00>
ST_3 : Operation 97 [1/1] (0.00ns)   --->   "%p_read1143_phi = phi i14 %p_read_21, void %rewind_init, i14 %p_read1143_rewind, void %rewind_header" [firmware/nnet_utils/nnet_dense_resource.h:13->firmware/nnet_utils/nnet_dense.h:65->firmware/nnet_utils/nnet_dense.h:45->firmware/recurrent.cpp:41]   --->   Operation 97 'phi' 'p_read1143_phi' <Predicate = true> <Delay = 0.00>
ST_3 : Operation 98 [1/1] (0.00ns)   --->   "%p_read1244_phi = phi i14 %p_read_20, void %rewind_init, i14 %p_read1244_rewind, void %rewind_header" [firmware/nnet_utils/nnet_dense_resource.h:13->firmware/nnet_utils/nnet_dense.h:65->firmware/nnet_utils/nnet_dense.h:45->firmware/recurrent.cpp:41]   --->   Operation 98 'phi' 'p_read1244_phi' <Predicate = true> <Delay = 0.00>
ST_3 : Operation 99 [1/1] (0.00ns)   --->   "%p_read1345_phi = phi i14 %p_read_19, void %rewind_init, i14 %p_read1345_rewind, void %rewind_header" [firmware/nnet_utils/nnet_dense_resource.h:13->firmware/nnet_utils/nnet_dense.h:65->firmware/nnet_utils/nnet_dense.h:45->firmware/recurrent.cpp:41]   --->   Operation 99 'phi' 'p_read1345_phi' <Predicate = true> <Delay = 0.00>
ST_3 : Operation 100 [1/1] (0.00ns)   --->   "%p_read1446_phi = phi i14 %p_read_18, void %rewind_init, i14 %p_read1446_rewind, void %rewind_header" [firmware/nnet_utils/nnet_dense_resource.h:13->firmware/nnet_utils/nnet_dense.h:65->firmware/nnet_utils/nnet_dense.h:45->firmware/recurrent.cpp:41]   --->   Operation 100 'phi' 'p_read1446_phi' <Predicate = true> <Delay = 0.00>
ST_3 : Operation 101 [1/1] (0.00ns)   --->   "%p_read1547_phi = phi i14 %p_read_17, void %rewind_init, i14 %p_read1547_rewind, void %rewind_header" [firmware/nnet_utils/nnet_dense_resource.h:13->firmware/nnet_utils/nnet_dense.h:65->firmware/nnet_utils/nnet_dense.h:45->firmware/recurrent.cpp:41]   --->   Operation 101 'phi' 'p_read1547_phi' <Predicate = true> <Delay = 0.00>
ST_3 : Operation 102 [1/1] (0.00ns)   --->   "%p_read1648_phi = phi i14 %p_read_16, void %rewind_init, i14 %p_read1648_rewind, void %rewind_header" [firmware/nnet_utils/nnet_dense_resource.h:13->firmware/nnet_utils/nnet_dense.h:65->firmware/nnet_utils/nnet_dense.h:45->firmware/recurrent.cpp:41]   --->   Operation 102 'phi' 'p_read1648_phi' <Predicate = true> <Delay = 0.00>
ST_3 : Operation 103 [1/1] (0.00ns)   --->   "%p_read1749_phi = phi i14 %p_read_15, void %rewind_init, i14 %p_read1749_rewind, void %rewind_header" [firmware/nnet_utils/nnet_dense_resource.h:13->firmware/nnet_utils/nnet_dense.h:65->firmware/nnet_utils/nnet_dense.h:45->firmware/recurrent.cpp:41]   --->   Operation 103 'phi' 'p_read1749_phi' <Predicate = true> <Delay = 0.00>
ST_3 : Operation 104 [1/1] (0.00ns)   --->   "%p_read1850_phi = phi i14 %p_read_14, void %rewind_init, i14 %p_read1850_rewind, void %rewind_header" [firmware/nnet_utils/nnet_dense_resource.h:13->firmware/nnet_utils/nnet_dense.h:65->firmware/nnet_utils/nnet_dense.h:45->firmware/recurrent.cpp:41]   --->   Operation 104 'phi' 'p_read1850_phi' <Predicate = true> <Delay = 0.00>
ST_3 : Operation 105 [1/1] (0.00ns)   --->   "%p_read1951_phi = phi i14 %p_read_13, void %rewind_init, i14 %p_read1951_rewind, void %rewind_header" [firmware/nnet_utils/nnet_dense_resource.h:13->firmware/nnet_utils/nnet_dense.h:65->firmware/nnet_utils/nnet_dense.h:45->firmware/recurrent.cpp:41]   --->   Operation 105 'phi' 'p_read1951_phi' <Predicate = true> <Delay = 0.00>
ST_3 : Operation 106 [1/1] (0.00ns)   --->   "%p_read2052_phi = phi i14 %p_read_12, void %rewind_init, i14 %p_read2052_rewind, void %rewind_header" [firmware/nnet_utils/nnet_dense_resource.h:13->firmware/nnet_utils/nnet_dense.h:65->firmware/nnet_utils/nnet_dense.h:45->firmware/recurrent.cpp:41]   --->   Operation 106 'phi' 'p_read2052_phi' <Predicate = true> <Delay = 0.00>
ST_3 : Operation 107 [1/1] (0.00ns)   --->   "%p_read2153_phi = phi i14 %p_read_11, void %rewind_init, i14 %p_read2153_rewind, void %rewind_header" [firmware/nnet_utils/nnet_dense_resource.h:13->firmware/nnet_utils/nnet_dense.h:65->firmware/nnet_utils/nnet_dense.h:45->firmware/recurrent.cpp:41]   --->   Operation 107 'phi' 'p_read2153_phi' <Predicate = true> <Delay = 0.00>
ST_3 : Operation 108 [1/1] (0.00ns)   --->   "%p_read2254_phi = phi i14 %p_read_10, void %rewind_init, i14 %p_read2254_rewind, void %rewind_header" [firmware/nnet_utils/nnet_dense_resource.h:13->firmware/nnet_utils/nnet_dense.h:65->firmware/nnet_utils/nnet_dense.h:45->firmware/recurrent.cpp:41]   --->   Operation 108 'phi' 'p_read2254_phi' <Predicate = true> <Delay = 0.00>
ST_3 : Operation 109 [1/1] (0.00ns)   --->   "%p_read2355_phi = phi i14 %p_read_9, void %rewind_init, i14 %p_read2355_rewind, void %rewind_header" [firmware/nnet_utils/nnet_dense_resource.h:13->firmware/nnet_utils/nnet_dense.h:65->firmware/nnet_utils/nnet_dense.h:45->firmware/recurrent.cpp:41]   --->   Operation 109 'phi' 'p_read2355_phi' <Predicate = true> <Delay = 0.00>
ST_3 : Operation 110 [1/1] (0.00ns)   --->   "%p_read2456_phi = phi i14 %p_read_8, void %rewind_init, i14 %p_read2456_rewind, void %rewind_header" [firmware/nnet_utils/nnet_dense_resource.h:13->firmware/nnet_utils/nnet_dense.h:65->firmware/nnet_utils/nnet_dense.h:45->firmware/recurrent.cpp:41]   --->   Operation 110 'phi' 'p_read2456_phi' <Predicate = true> <Delay = 0.00>
ST_3 : Operation 111 [1/1] (0.00ns)   --->   "%p_read2557_phi = phi i14 %p_read_7, void %rewind_init, i14 %p_read2557_rewind, void %rewind_header" [firmware/nnet_utils/nnet_dense_resource.h:13->firmware/nnet_utils/nnet_dense.h:65->firmware/nnet_utils/nnet_dense.h:45->firmware/recurrent.cpp:41]   --->   Operation 111 'phi' 'p_read2557_phi' <Predicate = true> <Delay = 0.00>
ST_3 : Operation 112 [1/1] (0.00ns)   --->   "%p_read2658_phi = phi i14 %p_read_6, void %rewind_init, i14 %p_read2658_rewind, void %rewind_header" [firmware/nnet_utils/nnet_dense_resource.h:13->firmware/nnet_utils/nnet_dense.h:65->firmware/nnet_utils/nnet_dense.h:45->firmware/recurrent.cpp:41]   --->   Operation 112 'phi' 'p_read2658_phi' <Predicate = true> <Delay = 0.00>
ST_3 : Operation 113 [1/1] (0.00ns)   --->   "%p_read2759_phi = phi i14 %p_read_5, void %rewind_init, i14 %p_read2759_rewind, void %rewind_header" [firmware/nnet_utils/nnet_dense_resource.h:13->firmware/nnet_utils/nnet_dense.h:65->firmware/nnet_utils/nnet_dense.h:45->firmware/recurrent.cpp:41]   --->   Operation 113 'phi' 'p_read2759_phi' <Predicate = true> <Delay = 0.00>
ST_3 : Operation 114 [1/1] (0.00ns)   --->   "%p_read2860_phi = phi i14 %p_read_4, void %rewind_init, i14 %p_read2860_rewind, void %rewind_header" [firmware/nnet_utils/nnet_dense_resource.h:13->firmware/nnet_utils/nnet_dense.h:65->firmware/nnet_utils/nnet_dense.h:45->firmware/recurrent.cpp:41]   --->   Operation 114 'phi' 'p_read2860_phi' <Predicate = true> <Delay = 0.00>
ST_3 : Operation 115 [1/1] (0.00ns)   --->   "%p_read2961_phi = phi i14 %p_read_3, void %rewind_init, i14 %p_read2961_rewind, void %rewind_header" [firmware/nnet_utils/nnet_dense_resource.h:13->firmware/nnet_utils/nnet_dense.h:65->firmware/nnet_utils/nnet_dense.h:45->firmware/recurrent.cpp:41]   --->   Operation 115 'phi' 'p_read2961_phi' <Predicate = true> <Delay = 0.00>
ST_3 : Operation 116 [1/1] (0.00ns)   --->   "%p_read3062_phi = phi i14 %p_read_2, void %rewind_init, i14 %p_read3062_rewind, void %rewind_header" [firmware/nnet_utils/nnet_dense_resource.h:13->firmware/nnet_utils/nnet_dense.h:65->firmware/nnet_utils/nnet_dense.h:45->firmware/recurrent.cpp:41]   --->   Operation 116 'phi' 'p_read3062_phi' <Predicate = true> <Delay = 0.00>
ST_3 : Operation 117 [1/1] (0.00ns)   --->   "%p_read3163_phi = phi i14 %p_read_1, void %rewind_init, i14 %p_read3163_rewind, void %rewind_header" [firmware/nnet_utils/nnet_dense_resource.h:13->firmware/nnet_utils/nnet_dense.h:65->firmware/nnet_utils/nnet_dense.h:45->firmware/recurrent.cpp:41]   --->   Operation 117 'phi' 'p_read3163_phi' <Predicate = true> <Delay = 0.00>
ST_3 : Operation 118 [1/1] (3.03ns)   --->   "%a = sparsemux i14 @_ssdm_op_SparseMux.ap_auto.32i14.i14.i5, i5 0, i14 %p_read32_phi, i5 1, i14 %p_read133_phi, i5 2, i14 %p_read234_phi, i5 3, i14 %p_read335_phi, i5 4, i14 %p_read436_phi, i5 5, i14 %p_read537_phi, i5 6, i14 %p_read638_phi, i5 7, i14 %p_read739_phi, i5 8, i14 %p_read840_phi, i5 9, i14 %p_read941_phi, i5 10, i14 %p_read1042_phi, i5 11, i14 %p_read1143_phi, i5 12, i14 %p_read1244_phi, i5 13, i14 %p_read1345_phi, i5 14, i14 %p_read1446_phi, i5 15, i14 %p_read1547_phi, i5 16, i14 %p_read1648_phi, i5 17, i14 %p_read1749_phi, i5 18, i14 %p_read1850_phi, i5 19, i14 %p_read1951_phi, i5 20, i14 %p_read2052_phi, i5 21, i14 %p_read2153_phi, i5 22, i14 %p_read2254_phi, i5 23, i14 %p_read2355_phi, i5 24, i14 %p_read2456_phi, i5 25, i14 %p_read2557_phi, i5 26, i14 %p_read2658_phi, i5 27, i14 %p_read2759_phi, i5 28, i14 %p_read2860_phi, i5 29, i14 %p_read2961_phi, i5 30, i14 %p_read3062_phi, i5 31, i14 %p_read3163_phi, i14 0, i5 %ir" [firmware/nnet_utils/nnet_dense_resource.h:13->firmware/nnet_utils/nnet_dense.h:65->firmware/nnet_utils/nnet_dense.h:45->firmware/recurrent.cpp:41]   --->   Operation 118 'sparsemux' 'a' <Predicate = true> <Delay = 3.03> <CoreInst = "BinarySparseMux_DontCare">   --->   Core 137 'BinarySparseMux_DontCare' <Latency = 0> <II = 1> <Delay = 3.03> <FuncUnit> <Opcode : 'sparsemux'> <InPorts = 2> <OutPorts = 1>
ST_3 : Operation 119 [2/3] (1.68ns)   --->   "%w = load i5 %w3_addr" [firmware/nnet_utils/nnet_dense_resource.h:59->firmware/nnet_utils/nnet_dense.h:65->firmware/nnet_utils/nnet_dense.h:45->firmware/recurrent.cpp:41]   --->   Operation 119 'load' 'w' <Predicate = true> <Delay = 1.68> <CoreInst = "ROM_nP_BRAM">   --->   Core 102 'ROM_nP_BRAM' <Latency = 2> <II = 1> <Delay = 1.68> <Storage> <Opcode : 'load'> <Ports = 0> <Width = 10> <Depth = 32> <ROM>

State 4 <SV = 3> <Delay = 3.13>
ST_4 : Operation 120 [1/3] ( I:1.68ns O:1.68ns )   --->   "%w = load i5 %w3_addr" [firmware/nnet_utils/nnet_dense_resource.h:59->firmware/nnet_utils/nnet_dense.h:65->firmware/nnet_utils/nnet_dense.h:45->firmware/recurrent.cpp:41]   --->   Operation 120 'load' 'w' <Predicate = true> <Delay = 1.68> <CoreInst = "ROM_nP_BRAM">   --->   Core 102 'ROM_nP_BRAM' <Latency = 2> <II = 1> <Delay = 1.68> <Storage> <Opcode : 'load'> <Ports = 0> <Width = 10> <Depth = 32> <ROM>
ST_4 : Operation 121 [1/1] (0.00ns)   --->   "%sext_ln73 = sext i14 %a" [firmware/nnet_utils/nnet_mult.h:73->firmware/nnet_utils/nnet_dense_resource.h:59->firmware/nnet_utils/nnet_dense.h:65->firmware/nnet_utils/nnet_dense.h:45->firmware/recurrent.cpp:41]   --->   Operation 121 'sext' 'sext_ln73' <Predicate = true> <Delay = 0.00>
ST_4 : Operation 122 [1/1] (0.00ns)   --->   "%sext_ln73_1 = sext i10 %w" [firmware/nnet_utils/nnet_mult.h:73->firmware/nnet_utils/nnet_dense_resource.h:59->firmware/nnet_utils/nnet_dense.h:65->firmware/nnet_utils/nnet_dense.h:45->firmware/recurrent.cpp:41]   --->   Operation 122 'sext' 'sext_ln73_1' <Predicate = true> <Delay = 0.00>
ST_4 : Operation 123 [3/3] (1.45ns) (grouped into DSP with root node add_ln58)   --->   "%mul_ln73 = mul i24 %sext_ln73, i24 %sext_ln73_1" [firmware/nnet_utils/nnet_mult.h:73->firmware/nnet_utils/nnet_dense_resource.h:59->firmware/nnet_utils/nnet_dense.h:65->firmware/nnet_utils/nnet_dense.h:45->firmware/recurrent.cpp:41]   --->   Operation 123 'mul' 'mul_ln73' <Predicate = true> <Delay = 1.45> <CoreInst = "DSP48">   --->   Core 116 'DSP48' <Latency = 3> <II = 1> <Delay = 2.15> <IPBlock> <Opcode : 'add' 'sub' 'mul' 'select'> <InPorts = 0> <OutPorts = 1> <Sync> <CReg>

State 5 <SV = 4> <Delay = 1.45>
ST_5 : Operation 124 [2/3] (1.45ns) (grouped into DSP with root node add_ln58)   --->   "%mul_ln73 = mul i24 %sext_ln73, i24 %sext_ln73_1" [firmware/nnet_utils/nnet_mult.h:73->firmware/nnet_utils/nnet_dense_resource.h:59->firmware/nnet_utils/nnet_dense.h:65->firmware/nnet_utils/nnet_dense.h:45->firmware/recurrent.cpp:41]   --->   Operation 124 'mul' 'mul_ln73' <Predicate = true> <Delay = 1.45> <CoreInst = "DSP48">   --->   Core 116 'DSP48' <Latency = 3> <II = 1> <Delay = 2.15> <IPBlock> <Opcode : 'add' 'sub' 'mul' 'select'> <InPorts = 0> <OutPorts = 1> <Sync> <CReg>

State 6 <SV = 5> <Delay = 2.10>
ST_6 : Operation 125 [1/1] (0.00ns)   --->   "%empty = phi i28 268420224, void %newFuncRoot, i28 %add_ln58, void %MultLoop.split.i, i28 268420224, void %_ZN4nnet25dense_resource_rf_leq_ninI8ap_fixedILi14ELi7EL9ap_q_mode0EL9ap_o_mode3ELi0EES4_7config3EEvPT_PT0_PNT1_8weight_tEPNSA_6bias_tE.153.154.4.exit" [firmware/nnet_utils/nnet_dense_resource.h:58->firmware/nnet_utils/nnet_dense.h:65->firmware/nnet_utils/nnet_dense.h:45->firmware/recurrent.cpp:41]   --->   Operation 125 'phi' 'empty' <Predicate = true> <Delay = 0.00>
ST_6 : Operation 126 [1/3] (0.00ns) (grouped into DSP with root node add_ln58)   --->   "%mul_ln73 = mul i24 %sext_ln73, i24 %sext_ln73_1" [firmware/nnet_utils/nnet_mult.h:73->firmware/nnet_utils/nnet_dense_resource.h:59->firmware/nnet_utils/nnet_dense.h:65->firmware/nnet_utils/nnet_dense.h:45->firmware/recurrent.cpp:41]   --->   Operation 126 'mul' 'mul_ln73' <Predicate = true> <Delay = 0.00> <CoreInst = "DSP48">   --->   Core 116 'DSP48' <Latency = 3> <II = 1> <Delay = 2.15> <IPBlock> <Opcode : 'add' 'sub' 'mul' 'select'> <InPorts = 0> <OutPorts = 1> <Sync> <CReg>
ST_6 : Operation 127 [1/1] (0.00ns) (grouped into DSP with root node add_ln58)   --->   "%sext_ln58 = sext i24 %mul_ln73" [firmware/nnet_utils/nnet_dense_resource.h:58->firmware/nnet_utils/nnet_dense.h:65->firmware/nnet_utils/nnet_dense.h:45->firmware/recurrent.cpp:41]   --->   Operation 127 'sext' 'sext_ln58' <Predicate = true> <Delay = 0.00>
ST_6 : Operation 128 [2/2] (2.10ns) (root node of the DSP)   --->   "%add_ln58 = add i28 %sext_ln58, i28 %empty" [firmware/nnet_utils/nnet_dense_resource.h:58->firmware/nnet_utils/nnet_dense.h:65->firmware/nnet_utils/nnet_dense.h:45->firmware/recurrent.cpp:41]   --->   Operation 128 'add' 'add_ln58' <Predicate = true> <Delay = 2.10> <CoreInst = "DSP48">   --->   Core 116 'DSP48' <Latency = 3> <II = 1> <Delay = 2.15> <IPBlock> <Opcode : 'add' 'sub' 'mul' 'select'> <InPorts = 0> <OutPorts = 1> <Sync> <CReg>

State 7 <SV = 6> <Delay = 5.81>
ST_7 : Operation 129 [1/1] (0.00ns)   --->   "%specpipeline_ln47 = specpipeline void @_ssdm_op_SpecPipeline, i32 1, i32 0, i32 0, i32 1, i32 4294967295, void @empty_2" [firmware/nnet_utils/nnet_dense_resource.h:47->firmware/nnet_utils/nnet_dense.h:65->firmware/nnet_utils/nnet_dense.h:45->firmware/recurrent.cpp:41]   --->   Operation 129 'specpipeline' 'specpipeline_ln47' <Predicate = true> <Delay = 0.00>
ST_7 : Operation 130 [1/1] (0.00ns)   --->   "%speclooptripcount_ln49 = speclooptripcount void @_ssdm_op_SpecLoopTripCount, i64 32, i64 32, i64 32" [firmware/nnet_utils/nnet_dense_resource.h:49->firmware/nnet_utils/nnet_dense.h:65->firmware/nnet_utils/nnet_dense.h:45->firmware/recurrent.cpp:41]   --->   Operation 130 'speclooptripcount' 'speclooptripcount_ln49' <Predicate = true> <Delay = 0.00>
ST_7 : Operation 131 [1/1] (0.00ns)   --->   "%specloopname_ln46 = specloopname void @_ssdm_op_SpecLoopName, void @empty_3" [firmware/nnet_utils/nnet_dense_resource.h:46->firmware/nnet_utils/nnet_dense.h:65->firmware/nnet_utils/nnet_dense.h:45->firmware/recurrent.cpp:41]   --->   Operation 131 'specloopname' 'specloopname_ln46' <Predicate = true> <Delay = 0.00>
ST_7 : Operation 132 [1/2] (2.10ns) (root node of the DSP)   --->   "%add_ln58 = add i28 %sext_ln58, i28 %empty" [firmware/nnet_utils/nnet_dense_resource.h:58->firmware/nnet_utils/nnet_dense.h:65->firmware/nnet_utils/nnet_dense.h:45->firmware/recurrent.cpp:41]   --->   Operation 132 'add' 'add_ln58' <Predicate = true> <Delay = 2.10> <CoreInst = "DSP48">   --->   Core 116 'DSP48' <Latency = 3> <II = 1> <Delay = 2.15> <IPBlock> <Opcode : 'add' 'sub' 'mul' 'select'> <InPorts = 0> <OutPorts = 1> <Sync> <CReg>
ST_7 : Operation 133 [1/1] (0.00ns)   --->   "%trunc_ln = partselect i14 @_ssdm_op_PartSelect.i14.i28.i32.i32, i28 %add_ln58, i32 7, i32 20" [firmware/nnet_utils/nnet_mult.h:111->firmware/nnet_utils/nnet_dense_resource.h:82->firmware/nnet_utils/nnet_dense.h:65->firmware/nnet_utils/nnet_dense.h:45->firmware/recurrent.cpp:41]   --->   Operation 133 'partselect' 'trunc_ln' <Predicate = (icmp_ln46)> <Delay = 0.00>
ST_7 : Operation 134 [1/1] (0.00ns)   --->   "%tmp = bitselect i1 @_ssdm_op_BitSelect.i1.i28.i32, i28 %add_ln58, i32 6" [firmware/nnet_utils/nnet_mult.h:111->firmware/nnet_utils/nnet_dense_resource.h:82->firmware/nnet_utils/nnet_dense.h:65->firmware/nnet_utils/nnet_dense.h:45->firmware/recurrent.cpp:41]   --->   Operation 134 'bitselect' 'tmp' <Predicate = (icmp_ln46)> <Delay = 0.00>

State 8 <SV = 7> <Delay = 2.13>
ST_8 : Operation 135 [1/1] (0.00ns)   --->   "%zext_ln111 = zext i1 %tmp" [firmware/nnet_utils/nnet_mult.h:111->firmware/nnet_utils/nnet_dense_resource.h:82->firmware/nnet_utils/nnet_dense.h:65->firmware/nnet_utils/nnet_dense.h:45->firmware/recurrent.cpp:41]   --->   Operation 135 'zext' 'zext_ln111' <Predicate = (icmp_ln46)> <Delay = 0.00>
ST_8 : Operation 136 [1/1] (2.13ns)   --->   "%add_ln111 = add i14 %trunc_ln, i14 %zext_ln111" [firmware/nnet_utils/nnet_mult.h:111->firmware/nnet_utils/nnet_dense_resource.h:82->firmware/nnet_utils/nnet_dense.h:65->firmware/nnet_utils/nnet_dense.h:45->firmware/recurrent.cpp:41]   --->   Operation 136 'add' 'add_ln111' <Predicate = (icmp_ln46)> <Delay = 2.13> <CoreInst = "Adder">   --->   Core 1 'Adder' <Latency = 0> <II = 1> <Delay = 2.13> <FuncUnit> <Opcode : 'add' 'sub'> <InPorts = 2> <OutPorts = 1>
ST_8 : Operation 137 [1/1] (0.00ns)   --->   "%write_ln82 = write void @_ssdm_op_Write.ap_auto.i14P0A, i14 %layer3_out, i14 %add_ln111" [firmware/nnet_utils/nnet_dense_resource.h:82->firmware/nnet_utils/nnet_dense.h:65->firmware/nnet_utils/nnet_dense.h:45->firmware/recurrent.cpp:41]   --->   Operation 137 'write' 'write_ln82' <Predicate = (icmp_ln46)> <Delay = 0.00>
ST_8 : Operation 138 [1/1] (0.00ns)   --->   "%return_ln0 = return void @_ssdm_op_Return"   --->   Operation 138 'return' 'return_ln0' <Predicate = (icmp_ln46)> <Delay = 0.00>


============================================================
+ Verbose Summary: Timing violations
============================================================
Target clock period: 4.000ns, clock uncertainty: 1.080ns.

 <State 1>: 1.610ns
The critical path consists of the following:
	multiplexor before 'phi' operation 1 bit ('do_init') [37]  (1.610 ns)
	'br' operation ('br_ln46', firmware/nnet_utils/nnet_dense_resource.h:46->firmware/nnet_utils/nnet_dense.h:65->firmware/nnet_utils/nnet_dense.h:45->firmware/recurrent.cpp:41) [35]  (1.610 ns)

 <State 2>: 1.861ns
The critical path consists of the following:
	'phi' operation 5 bit ('w_index') with incoming values : ('w_index', firmware/nnet_utils/nnet_dense_resource.h:46->firmware/nnet_utils/nnet_dense.h:65->firmware/nnet_utils/nnet_dense.h:45->firmware/recurrent.cpp:41) [71]  (0.000 ns)
	'add' operation 5 bit ('w_index', firmware/nnet_utils/nnet_dense_resource.h:46->firmware/nnet_utils/nnet_dense.h:65->firmware/nnet_utils/nnet_dense.h:45->firmware/recurrent.cpp:41) [153]  (1.861 ns)

 <State 3>: 3.035ns
The critical path consists of the following:
	'phi' operation 14 bit ('p_read32_rewind', firmware/nnet_utils/nnet_dense_resource.h:13->firmware/nnet_utils/nnet_dense.h:65->firmware/nnet_utils/nnet_dense.h:45->firmware/recurrent.cpp:41) with incoming values : ('p_read32', firmware/nnet_utils/nnet_dense_resource.h:13->firmware/nnet_utils/nnet_dense.h:65->firmware/nnet_utils/nnet_dense.h:45->firmware/recurrent.cpp:41) [38]  (0.000 ns)
	'phi' operation 14 bit ('p_read32_phi', firmware/nnet_utils/nnet_dense_resource.h:13->firmware/nnet_utils/nnet_dense.h:65->firmware/nnet_utils/nnet_dense.h:45->firmware/recurrent.cpp:41) with incoming values : ('p_read32', firmware/nnet_utils/nnet_dense_resource.h:13->firmware/nnet_utils/nnet_dense.h:65->firmware/nnet_utils/nnet_dense.h:45->firmware/recurrent.cpp:41) [109]  (0.000 ns)
	'sparsemux' operation 14 bit ('a', firmware/nnet_utils/nnet_dense_resource.h:13->firmware/nnet_utils/nnet_dense.h:65->firmware/nnet_utils/nnet_dense.h:45->firmware/recurrent.cpp:41) [145]  (3.035 ns)

 <State 4>: 3.135ns
The critical path consists of the following:
	'load' operation 10 bit ('w', firmware/nnet_utils/nnet_dense_resource.h:59->firmware/nnet_utils/nnet_dense.h:65->firmware/nnet_utils/nnet_dense.h:45->firmware/recurrent.cpp:41) on array 'w3' [147]  (1.685 ns)
	'mul' operation 24 bit of DSP[152] ('mul_ln73', firmware/nnet_utils/nnet_mult.h:73->firmware/nnet_utils/nnet_dense_resource.h:59->firmware/nnet_utils/nnet_dense.h:65->firmware/nnet_utils/nnet_dense.h:45->firmware/recurrent.cpp:41) [150]  (1.450 ns)

 <State 5>: 1.450ns
The critical path consists of the following:
	'mul' operation 24 bit of DSP[152] ('mul_ln73', firmware/nnet_utils/nnet_mult.h:73->firmware/nnet_utils/nnet_dense_resource.h:59->firmware/nnet_utils/nnet_dense.h:65->firmware/nnet_utils/nnet_dense.h:45->firmware/recurrent.cpp:41) [150]  (1.450 ns)

 <State 6>: 2.100ns
The critical path consists of the following:
	'phi' operation 28 bit ('empty', firmware/nnet_utils/nnet_dense_resource.h:58->firmware/nnet_utils/nnet_dense.h:65->firmware/nnet_utils/nnet_dense.h:45->firmware/recurrent.cpp:41) with incoming values : ('add_ln58', firmware/nnet_utils/nnet_dense_resource.h:58->firmware/nnet_utils/nnet_dense.h:65->firmware/nnet_utils/nnet_dense.h:45->firmware/recurrent.cpp:41) [70]  (0.000 ns)
	'add' operation 28 bit of DSP[152] ('add_ln58', firmware/nnet_utils/nnet_dense_resource.h:58->firmware/nnet_utils/nnet_dense.h:65->firmware/nnet_utils/nnet_dense.h:45->firmware/recurrent.cpp:41) [152]  (2.100 ns)

 <State 7>: 5.810ns
The critical path consists of the following:
	'add' operation 28 bit of DSP[152] ('add_ln58', firmware/nnet_utils/nnet_dense_resource.h:58->firmware/nnet_utils/nnet_dense.h:65->firmware/nnet_utils/nnet_dense.h:45->firmware/recurrent.cpp:41) [152]  (2.100 ns)
	multiplexor before 'phi' operation 28 bit ('empty', firmware/nnet_utils/nnet_dense_resource.h:58->firmware/nnet_utils/nnet_dense.h:65->firmware/nnet_utils/nnet_dense.h:45->firmware/recurrent.cpp:41) with incoming values : ('add_ln58', firmware/nnet_utils/nnet_dense_resource.h:58->firmware/nnet_utils/nnet_dense.h:65->firmware/nnet_utils/nnet_dense.h:45->firmware/recurrent.cpp:41) [70]  (1.610 ns)
	'phi' operation 28 bit ('empty', firmware/nnet_utils/nnet_dense_resource.h:58->firmware/nnet_utils/nnet_dense.h:65->firmware/nnet_utils/nnet_dense.h:45->firmware/recurrent.cpp:41) with incoming values : ('add_ln58', firmware/nnet_utils/nnet_dense_resource.h:58->firmware/nnet_utils/nnet_dense.h:65->firmware/nnet_utils/nnet_dense.h:45->firmware/recurrent.cpp:41) [70]  (0.000 ns)
	'add' operation 28 bit of DSP[152] ('add_ln58', firmware/nnet_utils/nnet_dense_resource.h:58->firmware/nnet_utils/nnet_dense.h:65->firmware/nnet_utils/nnet_dense.h:45->firmware/recurrent.cpp:41) [152]  (2.100 ns)

 <State 8>: 2.138ns
The critical path consists of the following:
	'add' operation 14 bit ('add_ln111', firmware/nnet_utils/nnet_mult.h:111->firmware/nnet_utils/nnet_dense_resource.h:82->firmware/nnet_utils/nnet_dense.h:65->firmware/nnet_utils/nnet_dense.h:45->firmware/recurrent.cpp:41) [160]  (2.138 ns)


============================================================
+ Verbose Summary: Binding
============================================================
N/A
* FSMD analyzer results:
  - Output states:
 - Input state : 
  - Chain level:
	State 1
	State 2
	State 3
	State 4
	State 5
	State 6
	State 7
	State 8


============================================================
+ Verbose Summary: Datapath Resource usage 
============================================================
N/A
