

================================================================
== Vitis HLS Report for 'lstm_stack_ap_fixed_14_7_0_3_0_ap_fixed_14_7_0_3_0_config2_s'
================================================================
* Date:           Tue Sep 15 12:08:22 2026

* Version:        2026.1 (Build 6493734 on Jun 16 2026)
* Project:        recurrent_prj
* Solution:       solution1
* Product family: artix7
* Target device:  xc7a100t-csg324-1


================================================================
== Performance Estimates
================================================================
+ Timing: 
    * Summary: 
    +--------+---------+----------+------------+
    |  Clock |  Target | Estimated| Uncertainty|
    +--------+---------+----------+------------+
    |ap_clk  |  4.00 ns|  9.651 ns|     1.08 ns|
    +--------+---------+----------+------------+

+ Latency: 
    * Summary: 
    +---------+---------+----------+----------+-----+-----+---------+
    |  Latency (cycles) |  Latency (absolute) |  Interval | Pipeline|
    |   min   |   max   |    min   |    max   | min | max |   Type  |
    +---------+---------+----------+----------+-----+-----+---------+
    |      437|      441|  1.748 us|  1.764 us|  437|  441|       no|
    +---------+---------+----------+----------+-----+-----+---------+

    + Detail: 
        * Instance: 
        N/A

        * Loop: 
        +--------------------+---------+---------+-----------+-----------+-----------+------+----------+
        |                    |  Latency (cycles) | Iteration |  Initiation Interval  | Trip |          |
        |      Loop Name     |   min   |   max   |  Latency  |  achieved |   target  | Count| Pipelined|
        +--------------------+---------+---------+-----------+-----------+-----------+------+----------+
        |- VITIS_LOOP_242_2  |      436|      440|  109 ~ 110|          -|          -|     4|        no|
        +--------------------+---------+---------+-----------+-----------+-----------+------+----------+

============================================================
+ Verbose Summary: Synthesis Manager
============================================================
InlineROM: 1
ExposeGlobal: 0
============================================================
+ Verbose Summary: CDFG Model
============================================================
IsTopModel: 0
ResetActiveHigh: 1
IsCombinational: 2
IsDatapathOnly: 0
HasWiredReturn: 1
HasMFsm: 0
HasVarLatency: 1
IsPipeline: 0
IsRtlPipelined: 0
IsInstanceOverlapped: 0
IsDontTouch: 0
HasImplIP: 0
IsGatedGlobalClock: 0


============================================================
+ Verbose Summary: Schedule
============================================================
* Number of FSM states : 10
* Pipeline : 0
* Dataflow Pipeline: 0

* FSM state transitions: 
1 --> 2 
2 --> 3 
3 --> 4 
4 --> 5 
5 --> 6 
6 --> 7 
7 --> 8 
8 --> 9 
9 --> 10 
10 --> 2 

* FSM state operations: 

State 1 <SV = 0> <Delay = 1.61>
ST_1 : Operation 11 [1/1] (0.00ns)   --->   "%iloop = alloca i32 1" [firmware/nnet_utils/nnet_recurrent.h:242->firmware/recurrent.cpp:39]   --->   Operation 11 'alloca' 'iloop' <Predicate = true> <Delay = 0.00>
ST_1 : Operation 12 [1/1] (0.00ns)   --->   "%layer2_out_0_0 = alloca i32 1"   --->   Operation 12 'alloca' 'layer2_out_0_0' <Predicate = true> <Delay = 0.00>
ST_1 : Operation 13 [1/1] (0.00ns)   --->   "%layer2_out_1_0 = alloca i32 1"   --->   Operation 13 'alloca' 'layer2_out_1_0' <Predicate = true> <Delay = 0.00>
ST_1 : Operation 14 [1/1] (0.00ns)   --->   "%layer2_out_2_0 = alloca i32 1"   --->   Operation 14 'alloca' 'layer2_out_2_0' <Predicate = true> <Delay = 0.00>
ST_1 : Operation 15 [1/1] (0.00ns)   --->   "%layer2_out_3_0 = alloca i32 1"   --->   Operation 15 'alloca' 'layer2_out_3_0' <Predicate = true> <Delay = 0.00>
ST_1 : Operation 16 [1/1] (0.00ns)   --->   "%layer2_out_4_0 = alloca i32 1"   --->   Operation 16 'alloca' 'layer2_out_4_0' <Predicate = true> <Delay = 0.00>
ST_1 : Operation 17 [1/1] (0.00ns)   --->   "%layer2_out_5_0 = alloca i32 1"   --->   Operation 17 'alloca' 'layer2_out_5_0' <Predicate = true> <Delay = 0.00>
ST_1 : Operation 18 [1/1] (0.00ns)   --->   "%layer2_out_6_0 = alloca i32 1"   --->   Operation 18 'alloca' 'layer2_out_6_0' <Predicate = true> <Delay = 0.00>
ST_1 : Operation 19 [1/1] (0.00ns)   --->   "%layer2_out_7_0 = alloca i32 1"   --->   Operation 19 'alloca' 'layer2_out_7_0' <Predicate = true> <Delay = 0.00>
ST_1 : Operation 20 [1/1] (0.00ns)   --->   "%layer2_out_8_0 = alloca i32 1"   --->   Operation 20 'alloca' 'layer2_out_8_0' <Predicate = true> <Delay = 0.00>
ST_1 : Operation 21 [1/1] (0.00ns)   --->   "%layer2_out_9_0 = alloca i32 1"   --->   Operation 21 'alloca' 'layer2_out_9_0' <Predicate = true> <Delay = 0.00>
ST_1 : Operation 22 [1/1] (0.00ns)   --->   "%layer2_out_10_0 = alloca i32 1"   --->   Operation 22 'alloca' 'layer2_out_10_0' <Predicate = true> <Delay = 0.00>
ST_1 : Operation 23 [1/1] (0.00ns)   --->   "%layer2_out_11_0 = alloca i32 1"   --->   Operation 23 'alloca' 'layer2_out_11_0' <Predicate = true> <Delay = 0.00>
ST_1 : Operation 24 [1/1] (0.00ns)   --->   "%layer2_out_12_0 = alloca i32 1"   --->   Operation 24 'alloca' 'layer2_out_12_0' <Predicate = true> <Delay = 0.00>
ST_1 : Operation 25 [1/1] (0.00ns)   --->   "%layer2_out_13_0 = alloca i32 1"   --->   Operation 25 'alloca' 'layer2_out_13_0' <Predicate = true> <Delay = 0.00>
ST_1 : Operation 26 [1/1] (0.00ns)   --->   "%layer2_out_1445_0 = alloca i32 1"   --->   Operation 26 'alloca' 'layer2_out_1445_0' <Predicate = true> <Delay = 0.00>
ST_1 : Operation 27 [1/1] (0.00ns)   --->   "%layer2_out_15_0 = alloca i32 1"   --->   Operation 27 'alloca' 'layer2_out_15_0' <Predicate = true> <Delay = 0.00>
ST_1 : Operation 28 [1/1] (0.00ns)   --->   "%layer2_out_16_0 = alloca i32 1"   --->   Operation 28 'alloca' 'layer2_out_16_0' <Predicate = true> <Delay = 0.00>
ST_1 : Operation 29 [1/1] (0.00ns)   --->   "%layer2_out_17_0 = alloca i32 1"   --->   Operation 29 'alloca' 'layer2_out_17_0' <Predicate = true> <Delay = 0.00>
ST_1 : Operation 30 [1/1] (0.00ns)   --->   "%layer2_out_18_0 = alloca i32 1"   --->   Operation 30 'alloca' 'layer2_out_18_0' <Predicate = true> <Delay = 0.00>
ST_1 : Operation 31 [1/1] (0.00ns)   --->   "%layer2_out_19_0 = alloca i32 1"   --->   Operation 31 'alloca' 'layer2_out_19_0' <Predicate = true> <Delay = 0.00>
ST_1 : Operation 32 [1/1] (0.00ns)   --->   "%layer2_out_20_0 = alloca i32 1"   --->   Operation 32 'alloca' 'layer2_out_20_0' <Predicate = true> <Delay = 0.00>
ST_1 : Operation 33 [1/1] (0.00ns)   --->   "%layer2_out_21_0 = alloca i32 1"   --->   Operation 33 'alloca' 'layer2_out_21_0' <Predicate = true> <Delay = 0.00>
ST_1 : Operation 34 [1/1] (0.00ns)   --->   "%layer2_out_22_0 = alloca i32 1"   --->   Operation 34 'alloca' 'layer2_out_22_0' <Predicate = true> <Delay = 0.00>
ST_1 : Operation 35 [1/1] (0.00ns)   --->   "%layer2_out_23_0 = alloca i32 1"   --->   Operation 35 'alloca' 'layer2_out_23_0' <Predicate = true> <Delay = 0.00>
ST_1 : Operation 36 [1/1] (0.00ns)   --->   "%layer2_out_24_0 = alloca i32 1"   --->   Operation 36 'alloca' 'layer2_out_24_0' <Predicate = true> <Delay = 0.00>
ST_1 : Operation 37 [1/1] (0.00ns)   --->   "%layer2_out_25_0 = alloca i32 1"   --->   Operation 37 'alloca' 'layer2_out_25_0' <Predicate = true> <Delay = 0.00>
ST_1 : Operation 38 [1/1] (0.00ns)   --->   "%layer2_out_26_0 = alloca i32 1"   --->   Operation 38 'alloca' 'layer2_out_26_0' <Predicate = true> <Delay = 0.00>
ST_1 : Operation 39 [1/1] (0.00ns)   --->   "%layer2_out_2786_0 = alloca i32 1"   --->   Operation 39 'alloca' 'layer2_out_2786_0' <Predicate = true> <Delay = 0.00>
ST_1 : Operation 40 [1/1] (0.00ns)   --->   "%layer2_out_28_0 = alloca i32 1"   --->   Operation 40 'alloca' 'layer2_out_28_0' <Predicate = true> <Delay = 0.00>
ST_1 : Operation 41 [1/1] (0.00ns)   --->   "%layer2_out_29_0 = alloca i32 1"   --->   Operation 41 'alloca' 'layer2_out_29_0' <Predicate = true> <Delay = 0.00>
ST_1 : Operation 42 [1/1] (0.00ns)   --->   "%layer2_out_30_0 = alloca i32 1"   --->   Operation 42 'alloca' 'layer2_out_30_0' <Predicate = true> <Delay = 0.00>
ST_1 : Operation 43 [1/1] (0.00ns)   --->   "%layer2_out_31_0 = alloca i32 1"   --->   Operation 43 'alloca' 'layer2_out_31_0' <Predicate = true> <Delay = 0.00>
ST_1 : Operation 44 [1/1] (0.00ns)   --->   "%data_in = alloca i64 1" [firmware/nnet_utils/nnet_recurrent.h:231->firmware/recurrent.cpp:39]   --->   Operation 44 'alloca' 'data_in' <Predicate = true> <Delay = 0.00> <CoreInst = "RAM">   --->   Core 81 'RAM' <Latency = 1> <II = 1> <Delay = 2.15> <Storage> <Opcode : 'load' 'store'> <Ports = 2> <Width = 14> <Depth = 8> <RAM>
ST_1 : Operation 45 [1/1] (0.00ns)   --->   "%input_layer_read = read i448 @_ssdm_op_Read.ap_auto.i448P0A, i448 %input_layer"   --->   Operation 45 'read' 'input_layer_read' <Predicate = true> <Delay = 0.00>
ST_1 : Operation 46 [1/1] (0.00ns)   --->   "%data_in_addr = getelementptr i14 %data_in, i64 0, i64 0" [firmware/nnet_utils/nnet_recurrent.h:248->firmware/recurrent.cpp:39]   --->   Operation 46 'getelementptr' 'data_in_addr' <Predicate = true> <Delay = 0.00>
ST_1 : Operation 47 [1/1] (0.00ns)   --->   "%data_in_addr_1 = getelementptr i14 %data_in, i64 0, i64 1" [firmware/nnet_utils/nnet_recurrent.h:245->firmware/recurrent.cpp:39]   --->   Operation 47 'getelementptr' 'data_in_addr_1' <Predicate = true> <Delay = 0.00>
ST_1 : Operation 48 [1/1] (0.00ns)   --->   "%data_in_addr_2 = getelementptr i14 %data_in, i64 0, i64 2" [firmware/nnet_utils/nnet_recurrent.h:245->firmware/recurrent.cpp:39]   --->   Operation 48 'getelementptr' 'data_in_addr_2' <Predicate = true> <Delay = 0.00>
ST_1 : Operation 49 [1/1] (0.00ns)   --->   "%data_in_addr_3 = getelementptr i14 %data_in, i64 0, i64 3" [firmware/nnet_utils/nnet_recurrent.h:245->firmware/recurrent.cpp:39]   --->   Operation 49 'getelementptr' 'data_in_addr_3' <Predicate = true> <Delay = 0.00>
ST_1 : Operation 50 [1/1] (0.00ns)   --->   "%data_in_addr_4 = getelementptr i14 %data_in, i64 0, i64 4" [firmware/nnet_utils/nnet_recurrent.h:245->firmware/recurrent.cpp:39]   --->   Operation 50 'getelementptr' 'data_in_addr_4' <Predicate = true> <Delay = 0.00>
ST_1 : Operation 51 [1/1] (0.00ns)   --->   "%data_in_addr_5 = getelementptr i14 %data_in, i64 0, i64 5" [firmware/nnet_utils/nnet_recurrent.h:245->firmware/recurrent.cpp:39]   --->   Operation 51 'getelementptr' 'data_in_addr_5' <Predicate = true> <Delay = 0.00>
ST_1 : Operation 52 [1/1] (0.00ns)   --->   "%data_in_addr_6 = getelementptr i14 %data_in, i64 0, i64 6" [firmware/nnet_utils/nnet_recurrent.h:245->firmware/recurrent.cpp:39]   --->   Operation 52 'getelementptr' 'data_in_addr_6' <Predicate = true> <Delay = 0.00>
ST_1 : Operation 53 [1/1] (0.00ns)   --->   "%data_in_addr_7 = getelementptr i14 %data_in, i64 0, i64 7" [firmware/nnet_utils/nnet_recurrent.h:245->firmware/recurrent.cpp:39]   --->   Operation 53 'getelementptr' 'data_in_addr_7' <Predicate = true> <Delay = 0.00>
ST_1 : Operation 54 [1/1] (1.61ns)   --->   "%store_ln0 = store i14 0, i14 %layer2_out_31_0"   --->   Operation 54 'store' 'store_ln0' <Predicate = true> <Delay = 1.61>
ST_1 : Operation 55 [1/1] (1.61ns)   --->   "%store_ln0 = store i14 0, i14 %layer2_out_30_0"   --->   Operation 55 'store' 'store_ln0' <Predicate = true> <Delay = 1.61>
ST_1 : Operation 56 [1/1] (1.61ns)   --->   "%store_ln0 = store i14 0, i14 %layer2_out_29_0"   --->   Operation 56 'store' 'store_ln0' <Predicate = true> <Delay = 1.61>
ST_1 : Operation 57 [1/1] (1.61ns)   --->   "%store_ln0 = store i14 0, i14 %layer2_out_28_0"   --->   Operation 57 'store' 'store_ln0' <Predicate = true> <Delay = 1.61>
ST_1 : Operation 58 [1/1] (1.61ns)   --->   "%store_ln0 = store i14 0, i14 %layer2_out_2786_0"   --->   Operation 58 'store' 'store_ln0' <Predicate = true> <Delay = 1.61>
ST_1 : Operation 59 [1/1] (1.61ns)   --->   "%store_ln0 = store i14 0, i14 %layer2_out_26_0"   --->   Operation 59 'store' 'store_ln0' <Predicate = true> <Delay = 1.61>
ST_1 : Operation 60 [1/1] (1.61ns)   --->   "%store_ln0 = store i14 0, i14 %layer2_out_25_0"   --->   Operation 60 'store' 'store_ln0' <Predicate = true> <Delay = 1.61>
ST_1 : Operation 61 [1/1] (1.61ns)   --->   "%store_ln0 = store i14 0, i14 %layer2_out_24_0"   --->   Operation 61 'store' 'store_ln0' <Predicate = true> <Delay = 1.61>
ST_1 : Operation 62 [1/1] (1.61ns)   --->   "%store_ln0 = store i14 0, i14 %layer2_out_23_0"   --->   Operation 62 'store' 'store_ln0' <Predicate = true> <Delay = 1.61>
ST_1 : Operation 63 [1/1] (1.61ns)   --->   "%store_ln0 = store i14 0, i14 %layer2_out_22_0"   --->   Operation 63 'store' 'store_ln0' <Predicate = true> <Delay = 1.61>
ST_1 : Operation 64 [1/1] (1.61ns)   --->   "%store_ln0 = store i14 0, i14 %layer2_out_21_0"   --->   Operation 64 'store' 'store_ln0' <Predicate = true> <Delay = 1.61>
ST_1 : Operation 65 [1/1] (1.61ns)   --->   "%store_ln0 = store i14 0, i14 %layer2_out_20_0"   --->   Operation 65 'store' 'store_ln0' <Predicate = true> <Delay = 1.61>
ST_1 : Operation 66 [1/1] (1.61ns)   --->   "%store_ln0 = store i14 0, i14 %layer2_out_19_0"   --->   Operation 66 'store' 'store_ln0' <Predicate = true> <Delay = 1.61>
ST_1 : Operation 67 [1/1] (1.61ns)   --->   "%store_ln0 = store i14 0, i14 %layer2_out_18_0"   --->   Operation 67 'store' 'store_ln0' <Predicate = true> <Delay = 1.61>
ST_1 : Operation 68 [1/1] (1.61ns)   --->   "%store_ln0 = store i14 0, i14 %layer2_out_17_0"   --->   Operation 68 'store' 'store_ln0' <Predicate = true> <Delay = 1.61>
ST_1 : Operation 69 [1/1] (1.61ns)   --->   "%store_ln0 = store i14 0, i14 %layer2_out_16_0"   --->   Operation 69 'store' 'store_ln0' <Predicate = true> <Delay = 1.61>
ST_1 : Operation 70 [1/1] (1.61ns)   --->   "%store_ln0 = store i14 0, i14 %layer2_out_15_0"   --->   Operation 70 'store' 'store_ln0' <Predicate = true> <Delay = 1.61>
ST_1 : Operation 71 [1/1] (1.61ns)   --->   "%store_ln0 = store i14 0, i14 %layer2_out_1445_0"   --->   Operation 71 'store' 'store_ln0' <Predicate = true> <Delay = 1.61>
ST_1 : Operation 72 [1/1] (1.61ns)   --->   "%store_ln0 = store i14 0, i14 %layer2_out_13_0"   --->   Operation 72 'store' 'store_ln0' <Predicate = true> <Delay = 1.61>
ST_1 : Operation 73 [1/1] (1.61ns)   --->   "%store_ln0 = store i14 0, i14 %layer2_out_12_0"   --->   Operation 73 'store' 'store_ln0' <Predicate = true> <Delay = 1.61>
ST_1 : Operation 74 [1/1] (1.61ns)   --->   "%store_ln0 = store i14 0, i14 %layer2_out_11_0"   --->   Operation 74 'store' 'store_ln0' <Predicate = true> <Delay = 1.61>
ST_1 : Operation 75 [1/1] (1.61ns)   --->   "%store_ln0 = store i14 0, i14 %layer2_out_10_0"   --->   Operation 75 'store' 'store_ln0' <Predicate = true> <Delay = 1.61>
ST_1 : Operation 76 [1/1] (1.61ns)   --->   "%store_ln0 = store i14 0, i14 %layer2_out_9_0"   --->   Operation 76 'store' 'store_ln0' <Predicate = true> <Delay = 1.61>
ST_1 : Operation 77 [1/1] (1.61ns)   --->   "%store_ln0 = store i14 0, i14 %layer2_out_8_0"   --->   Operation 77 'store' 'store_ln0' <Predicate = true> <Delay = 1.61>
ST_1 : Operation 78 [1/1] (1.61ns)   --->   "%store_ln0 = store i14 0, i14 %layer2_out_7_0"   --->   Operation 78 'store' 'store_ln0' <Predicate = true> <Delay = 1.61>
ST_1 : Operation 79 [1/1] (1.61ns)   --->   "%store_ln0 = store i14 0, i14 %layer2_out_6_0"   --->   Operation 79 'store' 'store_ln0' <Predicate = true> <Delay = 1.61>
ST_1 : Operation 80 [1/1] (1.61ns)   --->   "%store_ln0 = store i14 0, i14 %layer2_out_5_0"   --->   Operation 80 'store' 'store_ln0' <Predicate = true> <Delay = 1.61>
ST_1 : Operation 81 [1/1] (1.61ns)   --->   "%store_ln0 = store i14 0, i14 %layer2_out_4_0"   --->   Operation 81 'store' 'store_ln0' <Predicate = true> <Delay = 1.61>
ST_1 : Operation 82 [1/1] (1.61ns)   --->   "%store_ln0 = store i14 0, i14 %layer2_out_3_0"   --->   Operation 82 'store' 'store_ln0' <Predicate = true> <Delay = 1.61>
ST_1 : Operation 83 [1/1] (1.61ns)   --->   "%store_ln0 = store i14 0, i14 %layer2_out_2_0"   --->   Operation 83 'store' 'store_ln0' <Predicate = true> <Delay = 1.61>
ST_1 : Operation 84 [1/1] (1.61ns)   --->   "%store_ln0 = store i14 0, i14 %layer2_out_1_0"   --->   Operation 84 'store' 'store_ln0' <Predicate = true> <Delay = 1.61>
ST_1 : Operation 85 [1/1] (1.61ns)   --->   "%store_ln0 = store i14 0, i14 %layer2_out_0_0"   --->   Operation 85 'store' 'store_ln0' <Predicate = true> <Delay = 1.61>
ST_1 : Operation 86 [1/1] (1.61ns)   --->   "%store_ln242 = store i3 0, i3 %iloop" [firmware/nnet_utils/nnet_recurrent.h:242->firmware/recurrent.cpp:39]   --->   Operation 86 'store' 'store_ln242' <Predicate = true> <Delay = 1.61>
ST_1 : Operation 87 [1/1] (1.61ns)   --->   "%br_ln242 = br void %VITIS_LOOP_243_3.i" [firmware/nnet_utils/nnet_recurrent.h:242->firmware/recurrent.cpp:39]   --->   Operation 87 'br' 'br_ln242' <Predicate = true> <Delay = 1.61>

State 2 <SV = 1> <Delay = 2.11>
ST_2 : Operation 88 [1/1] (0.00ns)   --->   "%reset_state = phi i1 1, void %newFuncRoot, i1 0, void %VITIS_LOOP_243_3.split.i"   --->   Operation 88 'phi' 'reset_state' <Predicate = true> <Delay = 0.00>
ST_2 : Operation 89 [1/1] (0.00ns)   --->   "%iloop_1 = load i3 %iloop" [firmware/nnet_utils/nnet_recurrent.h:242->firmware/recurrent.cpp:39]   --->   Operation 89 'load' 'iloop_1' <Predicate = true> <Delay = 0.00>
ST_2 : Operation 90 [1/1] (1.68ns)   --->   "%icmp_ln242 = icmp_eq  i3 %iloop_1, i3 4" [firmware/nnet_utils/nnet_recurrent.h:242->firmware/recurrent.cpp:39]   --->   Operation 90 'icmp' 'icmp_ln242' <Predicate = true> <Delay = 1.68> <CoreInst = "Cmp">   --->   Core 9 'Cmp' <Latency = 0> <II = 1> <Delay = 1.68> <FuncUnit> <Opcode : 'seteq' 'setne' 'setle' 'setge' 'setlt' 'setgt'> <InPorts = 2> <OutPorts = 1>
ST_2 : Operation 91 [1/1] (1.68ns)   --->   "%add_ln242 = add i3 %iloop_1, i3 1" [firmware/nnet_utils/nnet_recurrent.h:242->firmware/recurrent.cpp:39]   --->   Operation 91 'add' 'add_ln242' <Predicate = true> <Delay = 1.68> <CoreInst = "Adder">   --->   Core 1 'Adder' <Latency = 0> <II = 1> <Delay = 1.68> <FuncUnit> <Opcode : 'add' 'sub'> <InPorts = 2> <OutPorts = 1>
ST_2 : Operation 92 [1/1] (0.00ns)   --->   "%br_ln242 = br i1 %icmp_ln242, void %VITIS_LOOP_243_3.split.i, void %_ZN4nnet10lstm_stackI8ap_fixedILi14ELi7EL9ap_q_mode0EL9ap_o_mode3ELi0EES4_7config2EEvPT_PT0_PNT1_8weight_tEPNSA_18recurrent_weight_tEPNSA_6bias_tEPNSA_16recurrent_bias_tE.3.exit" [firmware/nnet_utils/nnet_recurrent.h:242->firmware/recurrent.cpp:39]   --->   Operation 92 'br' 'br_ln242' <Predicate = true> <Delay = 0.00>
ST_2 : Operation 93 [1/1] (0.00ns)   --->   "%trunc_ln245 = trunc i3 %iloop_1" [firmware/nnet_utils/nnet_recurrent.h:245->firmware/recurrent.cpp:39]   --->   Operation 93 'trunc' 'trunc_ln245' <Predicate = (!icmp_ln242)> <Delay = 0.00>
ST_2 : Operation 94 [1/1] (0.00ns)   --->   "%p_shl = bitconcatenate i9 @_ssdm_op_BitConcatenate.i9.i2.i7, i2 %trunc_ln245, i7 0" [firmware/nnet_utils/nnet_recurrent.h:245->firmware/recurrent.cpp:39]   --->   Operation 94 'bitconcatenate' 'p_shl' <Predicate = (!icmp_ln242)> <Delay = 0.00>
ST_2 : Operation 95 [1/1] (0.00ns)   --->   "%tmp_734 = bitconcatenate i7 @_ssdm_op_BitConcatenate.i7.i3.i4, i3 %iloop_1, i4 0" [firmware/nnet_utils/nnet_recurrent.h:245->firmware/recurrent.cpp:39]   --->   Operation 95 'bitconcatenate' 'tmp_734' <Predicate = (!icmp_ln242)> <Delay = 0.00>
ST_2 : Operation 96 [1/1] (0.00ns)   --->   "%zext_ln245 = zext i7 %tmp_734" [firmware/nnet_utils/nnet_recurrent.h:245->firmware/recurrent.cpp:39]   --->   Operation 96 'zext' 'zext_ln245' <Predicate = (!icmp_ln242)> <Delay = 0.00>
ST_2 : Operation 97 [1/1] (2.11ns)   --->   "%sub_ln245 = sub i9 %p_shl, i9 %zext_ln245" [firmware/nnet_utils/nnet_recurrent.h:245->firmware/recurrent.cpp:39]   --->   Operation 97 'sub' 'sub_ln245' <Predicate = (!icmp_ln242)> <Delay = 2.11> <CoreInst = "Adder">   --->   Core 1 'Adder' <Latency = 0> <II = 1> <Delay = 2.11> <FuncUnit> <Opcode : 'add' 'sub'> <InPorts = 2> <OutPorts = 1>
ST_2 : Operation 98 [1/1] (0.00ns)   --->   "%tmp_575 = partselect i5 @_ssdm_op_PartSelect.i5.i9.i32.i32, i9 %sub_ln245, i32 4, i32 8" [firmware/nnet_utils/nnet_recurrent.h:245->firmware/recurrent.cpp:39]   --->   Operation 98 'partselect' 'tmp_575' <Predicate = (!icmp_ln242)> <Delay = 0.00>
ST_2 : Operation 99 [1/1] (0.00ns)   --->   "%layer2_out_0_0_load = load i14 %layer2_out_0_0"   --->   Operation 99 'load' 'layer2_out_0_0_load' <Predicate = (icmp_ln242)> <Delay = 0.00>
ST_2 : Operation 100 [1/1] (0.00ns)   --->   "%layer2_out_1_0_load = load i14 %layer2_out_1_0"   --->   Operation 100 'load' 'layer2_out_1_0_load' <Predicate = (icmp_ln242)> <Delay = 0.00>
ST_2 : Operation 101 [1/1] (0.00ns)   --->   "%layer2_out_2_0_load = load i14 %layer2_out_2_0"   --->   Operation 101 'load' 'layer2_out_2_0_load' <Predicate = (icmp_ln242)> <Delay = 0.00>
ST_2 : Operation 102 [1/1] (0.00ns)   --->   "%layer2_out_3_0_load = load i14 %layer2_out_3_0"   --->   Operation 102 'load' 'layer2_out_3_0_load' <Predicate = (icmp_ln242)> <Delay = 0.00>
ST_2 : Operation 103 [1/1] (0.00ns)   --->   "%layer2_out_4_0_load = load i14 %layer2_out_4_0"   --->   Operation 103 'load' 'layer2_out_4_0_load' <Predicate = (icmp_ln242)> <Delay = 0.00>
ST_2 : Operation 104 [1/1] (0.00ns)   --->   "%layer2_out_5_0_load = load i14 %layer2_out_5_0"   --->   Operation 104 'load' 'layer2_out_5_0_load' <Predicate = (icmp_ln242)> <Delay = 0.00>
ST_2 : Operation 105 [1/1] (0.00ns)   --->   "%layer2_out_6_0_load = load i14 %layer2_out_6_0"   --->   Operation 105 'load' 'layer2_out_6_0_load' <Predicate = (icmp_ln242)> <Delay = 0.00>
ST_2 : Operation 106 [1/1] (0.00ns)   --->   "%layer2_out_7_0_load = load i14 %layer2_out_7_0"   --->   Operation 106 'load' 'layer2_out_7_0_load' <Predicate = (icmp_ln242)> <Delay = 0.00>
ST_2 : Operation 107 [1/1] (0.00ns)   --->   "%layer2_out_8_0_load = load i14 %layer2_out_8_0"   --->   Operation 107 'load' 'layer2_out_8_0_load' <Predicate = (icmp_ln242)> <Delay = 0.00>
ST_2 : Operation 108 [1/1] (0.00ns)   --->   "%layer2_out_9_0_load = load i14 %layer2_out_9_0"   --->   Operation 108 'load' 'layer2_out_9_0_load' <Predicate = (icmp_ln242)> <Delay = 0.00>
ST_2 : Operation 109 [1/1] (0.00ns)   --->   "%layer2_out_10_0_load = load i14 %layer2_out_10_0"   --->   Operation 109 'load' 'layer2_out_10_0_load' <Predicate = (icmp_ln242)> <Delay = 0.00>
ST_2 : Operation 110 [1/1] (0.00ns)   --->   "%layer2_out_11_0_load = load i14 %layer2_out_11_0"   --->   Operation 110 'load' 'layer2_out_11_0_load' <Predicate = (icmp_ln242)> <Delay = 0.00>
ST_2 : Operation 111 [1/1] (0.00ns)   --->   "%layer2_out_12_0_load = load i14 %layer2_out_12_0"   --->   Operation 111 'load' 'layer2_out_12_0_load' <Predicate = (icmp_ln242)> <Delay = 0.00>
ST_2 : Operation 112 [1/1] (0.00ns)   --->   "%layer2_out_13_0_load = load i14 %layer2_out_13_0"   --->   Operation 112 'load' 'layer2_out_13_0_load' <Predicate = (icmp_ln242)> <Delay = 0.00>
ST_2 : Operation 113 [1/1] (0.00ns)   --->   "%layer2_out_1445_0_load = load i14 %layer2_out_1445_0"   --->   Operation 113 'load' 'layer2_out_1445_0_load' <Predicate = (icmp_ln242)> <Delay = 0.00>
ST_2 : Operation 114 [1/1] (0.00ns)   --->   "%layer2_out_15_0_load = load i14 %layer2_out_15_0"   --->   Operation 114 'load' 'layer2_out_15_0_load' <Predicate = (icmp_ln242)> <Delay = 0.00>
ST_2 : Operation 115 [1/1] (0.00ns)   --->   "%layer2_out_16_0_load = load i14 %layer2_out_16_0"   --->   Operation 115 'load' 'layer2_out_16_0_load' <Predicate = (icmp_ln242)> <Delay = 0.00>
ST_2 : Operation 116 [1/1] (0.00ns)   --->   "%layer2_out_17_0_load = load i14 %layer2_out_17_0"   --->   Operation 116 'load' 'layer2_out_17_0_load' <Predicate = (icmp_ln242)> <Delay = 0.00>
ST_2 : Operation 117 [1/1] (0.00ns)   --->   "%layer2_out_18_0_load = load i14 %layer2_out_18_0"   --->   Operation 117 'load' 'layer2_out_18_0_load' <Predicate = (icmp_ln242)> <Delay = 0.00>
ST_2 : Operation 118 [1/1] (0.00ns)   --->   "%layer2_out_19_0_load = load i14 %layer2_out_19_0"   --->   Operation 118 'load' 'layer2_out_19_0_load' <Predicate = (icmp_ln242)> <Delay = 0.00>
ST_2 : Operation 119 [1/1] (0.00ns)   --->   "%layer2_out_20_0_load = load i14 %layer2_out_20_0"   --->   Operation 119 'load' 'layer2_out_20_0_load' <Predicate = (icmp_ln242)> <Delay = 0.00>
ST_2 : Operation 120 [1/1] (0.00ns)   --->   "%layer2_out_21_0_load = load i14 %layer2_out_21_0"   --->   Operation 120 'load' 'layer2_out_21_0_load' <Predicate = (icmp_ln242)> <Delay = 0.00>
ST_2 : Operation 121 [1/1] (0.00ns)   --->   "%layer2_out_22_0_load = load i14 %layer2_out_22_0"   --->   Operation 121 'load' 'layer2_out_22_0_load' <Predicate = (icmp_ln242)> <Delay = 0.00>
ST_2 : Operation 122 [1/1] (0.00ns)   --->   "%layer2_out_23_0_load = load i14 %layer2_out_23_0"   --->   Operation 122 'load' 'layer2_out_23_0_load' <Predicate = (icmp_ln242)> <Delay = 0.00>
ST_2 : Operation 123 [1/1] (0.00ns)   --->   "%layer2_out_24_0_load = load i14 %layer2_out_24_0"   --->   Operation 123 'load' 'layer2_out_24_0_load' <Predicate = (icmp_ln242)> <Delay = 0.00>
ST_2 : Operation 124 [1/1] (0.00ns)   --->   "%layer2_out_25_0_load = load i14 %layer2_out_25_0"   --->   Operation 124 'load' 'layer2_out_25_0_load' <Predicate = (icmp_ln242)> <Delay = 0.00>
ST_2 : Operation 125 [1/1] (0.00ns)   --->   "%layer2_out_26_0_load = load i14 %layer2_out_26_0"   --->   Operation 125 'load' 'layer2_out_26_0_load' <Predicate = (icmp_ln242)> <Delay = 0.00>
ST_2 : Operation 126 [1/1] (0.00ns)   --->   "%layer2_out_2786_0_load = load i14 %layer2_out_2786_0"   --->   Operation 126 'load' 'layer2_out_2786_0_load' <Predicate = (icmp_ln242)> <Delay = 0.00>
ST_2 : Operation 127 [1/1] (0.00ns)   --->   "%layer2_out_28_0_load = load i14 %layer2_out_28_0"   --->   Operation 127 'load' 'layer2_out_28_0_load' <Predicate = (icmp_ln242)> <Delay = 0.00>
ST_2 : Operation 128 [1/1] (0.00ns)   --->   "%layer2_out_29_0_load = load i14 %layer2_out_29_0"   --->   Operation 128 'load' 'layer2_out_29_0_load' <Predicate = (icmp_ln242)> <Delay = 0.00>
ST_2 : Operation 129 [1/1] (0.00ns)   --->   "%layer2_out_30_0_load = load i14 %layer2_out_30_0"   --->   Operation 129 'load' 'layer2_out_30_0_load' <Predicate = (icmp_ln242)> <Delay = 0.00>
ST_2 : Operation 130 [1/1] (0.00ns)   --->   "%layer2_out_31_0_load = load i14 %layer2_out_31_0"   --->   Operation 130 'load' 'layer2_out_31_0_load' <Predicate = (icmp_ln242)> <Delay = 0.00>
ST_2 : Operation 131 [1/1] (0.00ns)   --->   "%mrv = insertvalue i448 <undef>, i14 %layer2_out_0_0_load"   --->   Operation 131 'insertvalue' 'mrv' <Predicate = (icmp_ln242)> <Delay = 0.00>
ST_2 : Operation 132 [1/1] (0.00ns)   --->   "%mrv_1 = insertvalue i448 %mrv, i14 %layer2_out_1_0_load"   --->   Operation 132 'insertvalue' 'mrv_1' <Predicate = (icmp_ln242)> <Delay = 0.00>
ST_2 : Operation 133 [1/1] (0.00ns)   --->   "%mrv_2 = insertvalue i448 %mrv_1, i14 %layer2_out_2_0_load"   --->   Operation 133 'insertvalue' 'mrv_2' <Predicate = (icmp_ln242)> <Delay = 0.00>
ST_2 : Operation 134 [1/1] (0.00ns)   --->   "%mrv_3 = insertvalue i448 %mrv_2, i14 %layer2_out_3_0_load"   --->   Operation 134 'insertvalue' 'mrv_3' <Predicate = (icmp_ln242)> <Delay = 0.00>
ST_2 : Operation 135 [1/1] (0.00ns)   --->   "%mrv_4 = insertvalue i448 %mrv_3, i14 %layer2_out_4_0_load"   --->   Operation 135 'insertvalue' 'mrv_4' <Predicate = (icmp_ln242)> <Delay = 0.00>
ST_2 : Operation 136 [1/1] (0.00ns)   --->   "%mrv_5 = insertvalue i448 %mrv_4, i14 %layer2_out_5_0_load"   --->   Operation 136 'insertvalue' 'mrv_5' <Predicate = (icmp_ln242)> <Delay = 0.00>
ST_2 : Operation 137 [1/1] (0.00ns)   --->   "%mrv_6 = insertvalue i448 %mrv_5, i14 %layer2_out_6_0_load"   --->   Operation 137 'insertvalue' 'mrv_6' <Predicate = (icmp_ln242)> <Delay = 0.00>
ST_2 : Operation 138 [1/1] (0.00ns)   --->   "%mrv_7 = insertvalue i448 %mrv_6, i14 %layer2_out_7_0_load"   --->   Operation 138 'insertvalue' 'mrv_7' <Predicate = (icmp_ln242)> <Delay = 0.00>
ST_2 : Operation 139 [1/1] (0.00ns)   --->   "%mrv_8 = insertvalue i448 %mrv_7, i14 %layer2_out_8_0_load"   --->   Operation 139 'insertvalue' 'mrv_8' <Predicate = (icmp_ln242)> <Delay = 0.00>
ST_2 : Operation 140 [1/1] (0.00ns)   --->   "%mrv_9 = insertvalue i448 %mrv_8, i14 %layer2_out_9_0_load"   --->   Operation 140 'insertvalue' 'mrv_9' <Predicate = (icmp_ln242)> <Delay = 0.00>
ST_2 : Operation 141 [1/1] (0.00ns)   --->   "%mrv_10 = insertvalue i448 %mrv_9, i14 %layer2_out_10_0_load"   --->   Operation 141 'insertvalue' 'mrv_10' <Predicate = (icmp_ln242)> <Delay = 0.00>
ST_2 : Operation 142 [1/1] (0.00ns)   --->   "%mrv_11 = insertvalue i448 %mrv_10, i14 %layer2_out_11_0_load"   --->   Operation 142 'insertvalue' 'mrv_11' <Predicate = (icmp_ln242)> <Delay = 0.00>
ST_2 : Operation 143 [1/1] (0.00ns)   --->   "%mrv_12 = insertvalue i448 %mrv_11, i14 %layer2_out_12_0_load"   --->   Operation 143 'insertvalue' 'mrv_12' <Predicate = (icmp_ln242)> <Delay = 0.00>
ST_2 : Operation 144 [1/1] (0.00ns)   --->   "%mrv_13 = insertvalue i448 %mrv_12, i14 %layer2_out_13_0_load"   --->   Operation 144 'insertvalue' 'mrv_13' <Predicate = (icmp_ln242)> <Delay = 0.00>
ST_2 : Operation 145 [1/1] (0.00ns)   --->   "%mrv_14 = insertvalue i448 %mrv_13, i14 %layer2_out_1445_0_load"   --->   Operation 145 'insertvalue' 'mrv_14' <Predicate = (icmp_ln242)> <Delay = 0.00>
ST_2 : Operation 146 [1/1] (0.00ns)   --->   "%mrv_15 = insertvalue i448 %mrv_14, i14 %layer2_out_15_0_load"   --->   Operation 146 'insertvalue' 'mrv_15' <Predicate = (icmp_ln242)> <Delay = 0.00>
ST_2 : Operation 147 [1/1] (0.00ns)   --->   "%mrv_16 = insertvalue i448 %mrv_15, i14 %layer2_out_16_0_load"   --->   Operation 147 'insertvalue' 'mrv_16' <Predicate = (icmp_ln242)> <Delay = 0.00>
ST_2 : Operation 148 [1/1] (0.00ns)   --->   "%mrv_17 = insertvalue i448 %mrv_16, i14 %layer2_out_17_0_load"   --->   Operation 148 'insertvalue' 'mrv_17' <Predicate = (icmp_ln242)> <Delay = 0.00>
ST_2 : Operation 149 [1/1] (0.00ns)   --->   "%mrv_18 = insertvalue i448 %mrv_17, i14 %layer2_out_18_0_load"   --->   Operation 149 'insertvalue' 'mrv_18' <Predicate = (icmp_ln242)> <Delay = 0.00>
ST_2 : Operation 150 [1/1] (0.00ns)   --->   "%mrv_19 = insertvalue i448 %mrv_18, i14 %layer2_out_19_0_load"   --->   Operation 150 'insertvalue' 'mrv_19' <Predicate = (icmp_ln242)> <Delay = 0.00>
ST_2 : Operation 151 [1/1] (0.00ns)   --->   "%mrv_20 = insertvalue i448 %mrv_19, i14 %layer2_out_20_0_load"   --->   Operation 151 'insertvalue' 'mrv_20' <Predicate = (icmp_ln242)> <Delay = 0.00>
ST_2 : Operation 152 [1/1] (0.00ns)   --->   "%mrv_21 = insertvalue i448 %mrv_20, i14 %layer2_out_21_0_load"   --->   Operation 152 'insertvalue' 'mrv_21' <Predicate = (icmp_ln242)> <Delay = 0.00>
ST_2 : Operation 153 [1/1] (0.00ns)   --->   "%mrv_22 = insertvalue i448 %mrv_21, i14 %layer2_out_22_0_load"   --->   Operation 153 'insertvalue' 'mrv_22' <Predicate = (icmp_ln242)> <Delay = 0.00>
ST_2 : Operation 154 [1/1] (0.00ns)   --->   "%mrv_23 = insertvalue i448 %mrv_22, i14 %layer2_out_23_0_load"   --->   Operation 154 'insertvalue' 'mrv_23' <Predicate = (icmp_ln242)> <Delay = 0.00>
ST_2 : Operation 155 [1/1] (0.00ns)   --->   "%mrv_24 = insertvalue i448 %mrv_23, i14 %layer2_out_24_0_load"   --->   Operation 155 'insertvalue' 'mrv_24' <Predicate = (icmp_ln242)> <Delay = 0.00>
ST_2 : Operation 156 [1/1] (0.00ns)   --->   "%mrv_25 = insertvalue i448 %mrv_24, i14 %layer2_out_25_0_load"   --->   Operation 156 'insertvalue' 'mrv_25' <Predicate = (icmp_ln242)> <Delay = 0.00>
ST_2 : Operation 157 [1/1] (0.00ns)   --->   "%mrv_26 = insertvalue i448 %mrv_25, i14 %layer2_out_26_0_load"   --->   Operation 157 'insertvalue' 'mrv_26' <Predicate = (icmp_ln242)> <Delay = 0.00>
ST_2 : Operation 158 [1/1] (0.00ns)   --->   "%mrv_27 = insertvalue i448 %mrv_26, i14 %layer2_out_2786_0_load"   --->   Operation 158 'insertvalue' 'mrv_27' <Predicate = (icmp_ln242)> <Delay = 0.00>
ST_2 : Operation 159 [1/1] (0.00ns)   --->   "%mrv_28 = insertvalue i448 %mrv_27, i14 %layer2_out_28_0_load"   --->   Operation 159 'insertvalue' 'mrv_28' <Predicate = (icmp_ln242)> <Delay = 0.00>
ST_2 : Operation 160 [1/1] (0.00ns)   --->   "%mrv_29 = insertvalue i448 %mrv_28, i14 %layer2_out_29_0_load"   --->   Operation 160 'insertvalue' 'mrv_29' <Predicate = (icmp_ln242)> <Delay = 0.00>
ST_2 : Operation 161 [1/1] (0.00ns)   --->   "%mrv_30 = insertvalue i448 %mrv_29, i14 %layer2_out_30_0_load"   --->   Operation 161 'insertvalue' 'mrv_30' <Predicate = (icmp_ln242)> <Delay = 0.00>
ST_2 : Operation 162 [1/1] (0.00ns)   --->   "%mrv_31 = insertvalue i448 %mrv_30, i14 %layer2_out_31_0_load"   --->   Operation 162 'insertvalue' 'mrv_31' <Predicate = (icmp_ln242)> <Delay = 0.00>
ST_2 : Operation 163 [1/1] (0.00ns)   --->   "%ret_ln0 = ret i448 %mrv_31"   --->   Operation 163 'ret' 'ret_ln0' <Predicate = (icmp_ln242)> <Delay = 0.00>

State 3 <SV = 2> <Delay = 3.87>
ST_3 : Operation 164 [2/2] (3.87ns)   --->   "%tmp = partselect i14 @_ssdm_op_PartSelect.i14.i448.i9, i448 %input_layer_read, i9 %sub_ln245" [firmware/nnet_utils/nnet_recurrent.h:245->firmware/recurrent.cpp:39]   --->   Operation 164 'partselect' 'tmp' <Predicate = true> <Delay = 3.87> <CoreInst = "PartSelect">   --->   Core 143 'PartSelect' <Latency = 1> <II = 1> <Delay = 3.87> <FuncUnit> <Opcode : 'partselect'> <InPorts = 2> <OutPorts = 1>
ST_3 : Operation 165 [1/1] (0.00ns)   --->   "%or_ln = bitconcatenate i9 @_ssdm_op_BitConcatenate.i9.i5.i4, i5 %tmp_575, i4 14" [firmware/nnet_utils/nnet_recurrent.h:245->firmware/recurrent.cpp:39]   --->   Operation 165 'bitconcatenate' 'or_ln' <Predicate = true> <Delay = 0.00>
ST_3 : Operation 166 [2/2] (3.87ns)   --->   "%tmp_s = partselect i14 @_ssdm_op_PartSelect.i14.i448.i9, i448 %input_layer_read, i9 %or_ln" [firmware/nnet_utils/nnet_recurrent.h:245->firmware/recurrent.cpp:39]   --->   Operation 166 'partselect' 'tmp_s' <Predicate = true> <Delay = 3.87> <CoreInst = "PartSelect">   --->   Core 143 'PartSelect' <Latency = 1> <II = 1> <Delay = 3.87> <FuncUnit> <Opcode : 'partselect'> <InPorts = 2> <OutPorts = 1>
ST_3 : Operation 167 [1/1] (2.11ns)   --->   "%add_ln245 = add i9 %or_ln, i9 14" [firmware/nnet_utils/nnet_recurrent.h:245->firmware/recurrent.cpp:39]   --->   Operation 167 'add' 'add_ln245' <Predicate = true> <Delay = 2.11> <CoreInst = "Adder">   --->   Core 1 'Adder' <Latency = 0> <II = 1> <Delay = 2.11> <FuncUnit> <Opcode : 'add' 'sub'> <InPorts = 2> <OutPorts = 1>
ST_3 : Operation 168 [1/1] (2.11ns)   --->   "%add_ln245_1 = add i9 %or_ln, i9 28" [firmware/nnet_utils/nnet_recurrent.h:245->firmware/recurrent.cpp:39]   --->   Operation 168 'add' 'add_ln245_1' <Predicate = true> <Delay = 2.11> <CoreInst = "Adder">   --->   Core 1 'Adder' <Latency = 0> <II = 1> <Delay = 2.11> <FuncUnit> <Opcode : 'add' 'sub'> <InPorts = 2> <OutPorts = 1>
ST_3 : Operation 169 [1/1] (2.11ns)   --->   "%add_ln245_2 = add i9 %or_ln, i9 42" [firmware/nnet_utils/nnet_recurrent.h:245->firmware/recurrent.cpp:39]   --->   Operation 169 'add' 'add_ln245_2' <Predicate = true> <Delay = 2.11> <CoreInst = "Adder">   --->   Core 1 'Adder' <Latency = 0> <II = 1> <Delay = 2.11> <FuncUnit> <Opcode : 'add' 'sub'> <InPorts = 2> <OutPorts = 1>
ST_3 : Operation 170 [1/1] (2.11ns)   --->   "%add_ln245_3 = add i9 %or_ln, i9 56" [firmware/nnet_utils/nnet_recurrent.h:245->firmware/recurrent.cpp:39]   --->   Operation 170 'add' 'add_ln245_3' <Predicate = true> <Delay = 2.11> <CoreInst = "Adder">   --->   Core 1 'Adder' <Latency = 0> <II = 1> <Delay = 2.11> <FuncUnit> <Opcode : 'add' 'sub'> <InPorts = 2> <OutPorts = 1>
ST_3 : Operation 171 [1/1] (2.11ns)   --->   "%add_ln245_4 = add i9 %or_ln, i9 70" [firmware/nnet_utils/nnet_recurrent.h:245->firmware/recurrent.cpp:39]   --->   Operation 171 'add' 'add_ln245_4' <Predicate = true> <Delay = 2.11> <CoreInst = "Adder">   --->   Core 1 'Adder' <Latency = 0> <II = 1> <Delay = 2.11> <FuncUnit> <Opcode : 'add' 'sub'> <InPorts = 2> <OutPorts = 1>
ST_3 : Operation 172 [1/1] (2.11ns)   --->   "%add_ln245_5 = add i9 %or_ln, i9 84" [firmware/nnet_utils/nnet_recurrent.h:245->firmware/recurrent.cpp:39]   --->   Operation 172 'add' 'add_ln245_5' <Predicate = true> <Delay = 2.11> <CoreInst = "Adder">   --->   Core 1 'Adder' <Latency = 0> <II = 1> <Delay = 2.11> <FuncUnit> <Opcode : 'add' 'sub'> <InPorts = 2> <OutPorts = 1>
ST_3 : Operation 173 [1/1] (1.61ns)   --->   "%store_ln242 = store i3 %add_ln242, i3 %iloop" [firmware/nnet_utils/nnet_recurrent.h:242->firmware/recurrent.cpp:39]   --->   Operation 173 'store' 'store_ln242' <Predicate = true> <Delay = 1.61>

State 4 <SV = 3> <Delay = 3.87>
ST_4 : Operation 174 [1/2] (3.87ns)   --->   "%tmp = partselect i14 @_ssdm_op_PartSelect.i14.i448.i9, i448 %input_layer_read, i9 %sub_ln245" [firmware/nnet_utils/nnet_recurrent.h:245->firmware/recurrent.cpp:39]   --->   Operation 174 'partselect' 'tmp' <Predicate = true> <Delay = 3.87> <CoreInst = "PartSelect">   --->   Core 143 'PartSelect' <Latency = 1> <II = 1> <Delay = 3.87> <FuncUnit> <Opcode : 'partselect'> <InPorts = 2> <OutPorts = 1>
ST_4 : Operation 175 [1/2] (3.87ns)   --->   "%tmp_s = partselect i14 @_ssdm_op_PartSelect.i14.i448.i9, i448 %input_layer_read, i9 %or_ln" [firmware/nnet_utils/nnet_recurrent.h:245->firmware/recurrent.cpp:39]   --->   Operation 175 'partselect' 'tmp_s' <Predicate = true> <Delay = 3.87> <CoreInst = "PartSelect">   --->   Core 143 'PartSelect' <Latency = 1> <II = 1> <Delay = 3.87> <FuncUnit> <Opcode : 'partselect'> <InPorts = 2> <OutPorts = 1>
ST_4 : Operation 176 [2/2] (3.87ns)   --->   "%tmp_541 = partselect i14 @_ssdm_op_PartSelect.i14.i448.i9, i448 %input_layer_read, i9 %add_ln245" [firmware/nnet_utils/nnet_recurrent.h:245->firmware/recurrent.cpp:39]   --->   Operation 176 'partselect' 'tmp_541' <Predicate = true> <Delay = 3.87> <CoreInst = "PartSelect">   --->   Core 143 'PartSelect' <Latency = 1> <II = 1> <Delay = 3.87> <FuncUnit> <Opcode : 'partselect'> <InPorts = 2> <OutPorts = 1>
ST_4 : Operation 177 [2/2] (3.87ns)   --->   "%tmp_542 = partselect i14 @_ssdm_op_PartSelect.i14.i448.i9, i448 %input_layer_read, i9 %add_ln245_1" [firmware/nnet_utils/nnet_recurrent.h:245->firmware/recurrent.cpp:39]   --->   Operation 177 'partselect' 'tmp_542' <Predicate = true> <Delay = 3.87> <CoreInst = "PartSelect">   --->   Core 143 'PartSelect' <Latency = 1> <II = 1> <Delay = 3.87> <FuncUnit> <Opcode : 'partselect'> <InPorts = 2> <OutPorts = 1>
ST_4 : Operation 178 [2/2] (3.87ns)   --->   "%tmp_543 = partselect i14 @_ssdm_op_PartSelect.i14.i448.i9, i448 %input_layer_read, i9 %add_ln245_2" [firmware/nnet_utils/nnet_recurrent.h:245->firmware/recurrent.cpp:39]   --->   Operation 178 'partselect' 'tmp_543' <Predicate = true> <Delay = 3.87> <CoreInst = "PartSelect">   --->   Core 143 'PartSelect' <Latency = 1> <II = 1> <Delay = 3.87> <FuncUnit> <Opcode : 'partselect'> <InPorts = 2> <OutPorts = 1>
ST_4 : Operation 179 [2/2] (3.87ns)   --->   "%tmp_544 = partselect i14 @_ssdm_op_PartSelect.i14.i448.i9, i448 %input_layer_read, i9 %add_ln245_3" [firmware/nnet_utils/nnet_recurrent.h:245->firmware/recurrent.cpp:39]   --->   Operation 179 'partselect' 'tmp_544' <Predicate = true> <Delay = 3.87> <CoreInst = "PartSelect">   --->   Core 143 'PartSelect' <Latency = 1> <II = 1> <Delay = 3.87> <FuncUnit> <Opcode : 'partselect'> <InPorts = 2> <OutPorts = 1>
ST_4 : Operation 180 [2/2] (3.87ns)   --->   "%tmp_545 = partselect i14 @_ssdm_op_PartSelect.i14.i448.i9, i448 %input_layer_read, i9 %add_ln245_4" [firmware/nnet_utils/nnet_recurrent.h:245->firmware/recurrent.cpp:39]   --->   Operation 180 'partselect' 'tmp_545' <Predicate = true> <Delay = 3.87> <CoreInst = "PartSelect">   --->   Core 143 'PartSelect' <Latency = 1> <II = 1> <Delay = 3.87> <FuncUnit> <Opcode : 'partselect'> <InPorts = 2> <OutPorts = 1>
ST_4 : Operation 181 [2/2] (3.87ns)   --->   "%tmp_546 = partselect i14 @_ssdm_op_PartSelect.i14.i448.i9, i448 %input_layer_read, i9 %add_ln245_5" [firmware/nnet_utils/nnet_recurrent.h:245->firmware/recurrent.cpp:39]   --->   Operation 181 'partselect' 'tmp_546' <Predicate = true> <Delay = 3.87> <CoreInst = "PartSelect">   --->   Core 143 'PartSelect' <Latency = 1> <II = 1> <Delay = 3.87> <FuncUnit> <Opcode : 'partselect'> <InPorts = 2> <OutPorts = 1>

State 5 <SV = 4> <Delay = 3.87>
ST_5 : Operation 182 [1/1] ( I:2.15ns O:2.15ns )   --->   "%store_ln245 = store i14 %tmp, i3 %data_in_addr" [firmware/nnet_utils/nnet_recurrent.h:245->firmware/recurrent.cpp:39]   --->   Operation 182 'store' 'store_ln245' <Predicate = true> <Delay = 2.15> <CoreInst = "RAM">   --->   Core 81 'RAM' <Latency = 1> <II = 1> <Delay = 2.15> <Storage> <Opcode : 'load' 'store'> <Ports = 2> <Width = 14> <Depth = 8> <RAM>
ST_5 : Operation 183 [1/1] ( I:2.15ns O:2.15ns )   --->   "%store_ln245 = store i14 %tmp_s, i3 %data_in_addr_1" [firmware/nnet_utils/nnet_recurrent.h:245->firmware/recurrent.cpp:39]   --->   Operation 183 'store' 'store_ln245' <Predicate = true> <Delay = 2.15> <CoreInst = "RAM">   --->   Core 81 'RAM' <Latency = 1> <II = 1> <Delay = 2.15> <Storage> <Opcode : 'load' 'store'> <Ports = 2> <Width = 14> <Depth = 8> <RAM>
ST_5 : Operation 184 [1/2] (3.87ns)   --->   "%tmp_541 = partselect i14 @_ssdm_op_PartSelect.i14.i448.i9, i448 %input_layer_read, i9 %add_ln245" [firmware/nnet_utils/nnet_recurrent.h:245->firmware/recurrent.cpp:39]   --->   Operation 184 'partselect' 'tmp_541' <Predicate = true> <Delay = 3.87> <CoreInst = "PartSelect">   --->   Core 143 'PartSelect' <Latency = 1> <II = 1> <Delay = 3.87> <FuncUnit> <Opcode : 'partselect'> <InPorts = 2> <OutPorts = 1>
ST_5 : Operation 185 [1/2] (3.87ns)   --->   "%tmp_542 = partselect i14 @_ssdm_op_PartSelect.i14.i448.i9, i448 %input_layer_read, i9 %add_ln245_1" [firmware/nnet_utils/nnet_recurrent.h:245->firmware/recurrent.cpp:39]   --->   Operation 185 'partselect' 'tmp_542' <Predicate = true> <Delay = 3.87> <CoreInst = "PartSelect">   --->   Core 143 'PartSelect' <Latency = 1> <II = 1> <Delay = 3.87> <FuncUnit> <Opcode : 'partselect'> <InPorts = 2> <OutPorts = 1>
ST_5 : Operation 186 [1/2] (3.87ns)   --->   "%tmp_543 = partselect i14 @_ssdm_op_PartSelect.i14.i448.i9, i448 %input_layer_read, i9 %add_ln245_2" [firmware/nnet_utils/nnet_recurrent.h:245->firmware/recurrent.cpp:39]   --->   Operation 186 'partselect' 'tmp_543' <Predicate = true> <Delay = 3.87> <CoreInst = "PartSelect">   --->   Core 143 'PartSelect' <Latency = 1> <II = 1> <Delay = 3.87> <FuncUnit> <Opcode : 'partselect'> <InPorts = 2> <OutPorts = 1>
ST_5 : Operation 187 [1/2] (3.87ns)   --->   "%tmp_544 = partselect i14 @_ssdm_op_PartSelect.i14.i448.i9, i448 %input_layer_read, i9 %add_ln245_3" [firmware/nnet_utils/nnet_recurrent.h:245->firmware/recurrent.cpp:39]   --->   Operation 187 'partselect' 'tmp_544' <Predicate = true> <Delay = 3.87> <CoreInst = "PartSelect">   --->   Core 143 'PartSelect' <Latency = 1> <II = 1> <Delay = 3.87> <FuncUnit> <Opcode : 'partselect'> <InPorts = 2> <OutPorts = 1>
ST_5 : Operation 188 [1/2] (3.87ns)   --->   "%tmp_545 = partselect i14 @_ssdm_op_PartSelect.i14.i448.i9, i448 %input_layer_read, i9 %add_ln245_4" [firmware/nnet_utils/nnet_recurrent.h:245->firmware/recurrent.cpp:39]   --->   Operation 188 'partselect' 'tmp_545' <Predicate = true> <Delay = 3.87> <CoreInst = "PartSelect">   --->   Core 143 'PartSelect' <Latency = 1> <II = 1> <Delay = 3.87> <FuncUnit> <Opcode : 'partselect'> <InPorts = 2> <OutPorts = 1>
ST_5 : Operation 189 [1/2] (3.87ns)   --->   "%tmp_546 = partselect i14 @_ssdm_op_PartSelect.i14.i448.i9, i448 %input_layer_read, i9 %add_ln245_5" [firmware/nnet_utils/nnet_recurrent.h:245->firmware/recurrent.cpp:39]   --->   Operation 189 'partselect' 'tmp_546' <Predicate = true> <Delay = 3.87> <CoreInst = "PartSelect">   --->   Core 143 'PartSelect' <Latency = 1> <II = 1> <Delay = 3.87> <FuncUnit> <Opcode : 'partselect'> <InPorts = 2> <OutPorts = 1>

State 6 <SV = 5> <Delay = 2.15>
ST_6 : Operation 190 [1/1] ( I:2.15ns O:2.15ns )   --->   "%store_ln245 = store i14 %tmp_541, i3 %data_in_addr_2" [firmware/nnet_utils/nnet_recurrent.h:245->firmware/recurrent.cpp:39]   --->   Operation 190 'store' 'store_ln245' <Predicate = true> <Delay = 2.15> <CoreInst = "RAM">   --->   Core 81 'RAM' <Latency = 1> <II = 1> <Delay = 2.15> <Storage> <Opcode : 'load' 'store'> <Ports = 2> <Width = 14> <Depth = 8> <RAM>
ST_6 : Operation 191 [1/1] ( I:2.15ns O:2.15ns )   --->   "%store_ln245 = store i14 %tmp_542, i3 %data_in_addr_3" [firmware/nnet_utils/nnet_recurrent.h:245->firmware/recurrent.cpp:39]   --->   Operation 191 'store' 'store_ln245' <Predicate = true> <Delay = 2.15> <CoreInst = "RAM">   --->   Core 81 'RAM' <Latency = 1> <II = 1> <Delay = 2.15> <Storage> <Opcode : 'load' 'store'> <Ports = 2> <Width = 14> <Depth = 8> <RAM>

State 7 <SV = 6> <Delay = 2.15>
ST_7 : Operation 192 [1/1] ( I:2.15ns O:2.15ns )   --->   "%store_ln245 = store i14 %tmp_543, i3 %data_in_addr_4" [firmware/nnet_utils/nnet_recurrent.h:245->firmware/recurrent.cpp:39]   --->   Operation 192 'store' 'store_ln245' <Predicate = true> <Delay = 2.15> <CoreInst = "RAM">   --->   Core 81 'RAM' <Latency = 1> <II = 1> <Delay = 2.15> <Storage> <Opcode : 'load' 'store'> <Ports = 2> <Width = 14> <Depth = 8> <RAM>
ST_7 : Operation 193 [1/1] ( I:2.15ns O:2.15ns )   --->   "%store_ln245 = store i14 %tmp_544, i3 %data_in_addr_5" [firmware/nnet_utils/nnet_recurrent.h:245->firmware/recurrent.cpp:39]   --->   Operation 193 'store' 'store_ln245' <Predicate = true> <Delay = 2.15> <CoreInst = "RAM">   --->   Core 81 'RAM' <Latency = 1> <II = 1> <Delay = 2.15> <Storage> <Opcode : 'load' 'store'> <Ports = 2> <Width = 14> <Depth = 8> <RAM>

State 8 <SV = 7> <Delay = 2.15>
ST_8 : Operation 194 [1/1] ( I:2.15ns O:2.15ns )   --->   "%store_ln245 = store i14 %tmp_545, i3 %data_in_addr_6" [firmware/nnet_utils/nnet_recurrent.h:245->firmware/recurrent.cpp:39]   --->   Operation 194 'store' 'store_ln245' <Predicate = true> <Delay = 2.15> <CoreInst = "RAM">   --->   Core 81 'RAM' <Latency = 1> <II = 1> <Delay = 2.15> <Storage> <Opcode : 'load' 'store'> <Ports = 2> <Width = 14> <Depth = 8> <RAM>
ST_8 : Operation 195 [1/1] ( I:2.15ns O:2.15ns )   --->   "%store_ln245 = store i14 %tmp_546, i3 %data_in_addr_7" [firmware/nnet_utils/nnet_recurrent.h:245->firmware/recurrent.cpp:39]   --->   Operation 195 'store' 'store_ln245' <Predicate = true> <Delay = 2.15> <CoreInst = "RAM">   --->   Core 81 'RAM' <Latency = 1> <II = 1> <Delay = 2.15> <Storage> <Opcode : 'load' 'store'> <Ports = 2> <Width = 14> <Depth = 8> <RAM>

State 9 <SV = 8> <Delay = 1.61>
ST_9 : Operation 196 [2/2] (1.61ns)   --->   "%call_ret = call i448 @lstm_static<ap_fixed<14, 7, 0, 3, 0>, ap_fixed<14, 7, 0, 3, 0>, config2, false>, i1 %reset_state, i14 %data_in, i14 %void_lstm_static_bool_ap_fixed_ap_fixed_ap_fixed_weight_t_recurrent_weight_t_9, i14 %void_lstm_static_bool_ap_fixed_ap_fixed_ap_fixed_weight_t_recurrent_weight_t_8, i14 %void_lstm_static_bool_ap_fixed_ap_fixed_ap_fixed_weight_t_recurrent_weight_t_7, i14 %void_lstm_static_bool_ap_fixed_ap_fixed_ap_fixed_weight_t_recurrent_weight_t_6, i14 %void_lstm_static_bool_ap_fixed_ap_fixed_ap_fixed_weight_t_recurrent_weight_t_5, i14 %void_lstm_static_bool_ap_fixed_ap_fixed_ap_fixed_weight_t_recurrent_weight_t_4, i14 %void_lstm_static_bool_ap_fixed_ap_fixed_ap_fixed_weight_t_recurrent_weight_t_3, i14 %void_lstm_static_bool_ap_fixed_ap_fixed_ap_fixed_weight_t_recurrent_weight_t_2, i14 %void_lstm_static_bool_ap_fixed_ap_fixed_ap_fixed_weight_t_recurrent_weight_t_1, i14 %void_lstm_static_bool_ap_fixed_ap_fixed_ap_fixed_weight_t_recurrent_weight_t, i14 %p_ZZN4nnet11lstm_staticI8ap_fixedILi14ELi7EL9ap_q_mode0EL9ap_o_mode3ELi0EES4_7con_21, i14 %p_ZZN4nnet11lstm_staticI8ap_fixedILi14ELi7EL9ap_q_mode0EL9ap_o_mode3ELi0EES4_7con_20, i14 %p_ZZN4nnet11lstm_staticI8ap_fixedILi14ELi7EL9ap_q_mode0EL9ap_o_mode3ELi0EES4_7con_19, i14 %p_ZZN4nnet11lstm_staticI8ap_fixedILi14ELi7EL9ap_q_mode0EL9ap_o_mode3ELi0EES4_7con_18, i14 %p_ZZN4nnet11lstm_staticI8ap_fixedILi14ELi7EL9ap_q_mode0EL9ap_o_mode3ELi0EES4_7con_17, i14 %p_ZZN4nnet11lstm_staticI8ap_fixedILi14ELi7EL9ap_q_mode0EL9ap_o_mode3ELi0EES4_7con_16, i14 %p_ZZN4nnet11lstm_staticI8ap_fixedILi14ELi7EL9ap_q_mode0EL9ap_o_mode3ELi0EES4_7con_15, i14 %p_ZZN4nnet11lstm_staticI8ap_fixedILi14ELi7EL9ap_q_mode0EL9ap_o_mode3ELi0EES4_7con_14, i14 %p_ZZN4nnet11lstm_staticI8ap_fixedILi14ELi7EL9ap_q_mode0EL9ap_o_mode3ELi0EES4_7con_13, i14 %p_ZZN4nnet11lstm_staticI8ap_fixedILi14ELi7EL9ap_q_mode0EL9ap_o_mode3ELi0EES4_7con_12, i14 %p_ZZN4nnet11lstm_staticI8ap_fixedILi14ELi7EL9ap_q_mode0EL9ap_o_mode3ELi0EES4_7con_11, i14 %p_ZZN4nnet11lstm_staticI8ap_fixedILi14ELi7EL9ap_q_mode0EL9ap_o_mode3ELi0EES4_7con_10, i14 %p_ZZN4nnet11lstm_staticI8ap_fixedILi14ELi7EL9ap_q_mode0EL9ap_o_mode3ELi0EES4_7con_9, i14 %p_ZZN4nnet11lstm_staticI8ap_fixedILi14ELi7EL9ap_q_mode0EL9ap_o_mode3ELi0EES4_7con_8, i14 %p_ZZN4nnet11lstm_staticI8ap_fixedILi14ELi7EL9ap_q_mode0EL9ap_o_mode3ELi0EES4_7con_7, i14 %p_ZZN4nnet11lstm_staticI8ap_fixedILi14ELi7EL9ap_q_mode0EL9ap_o_mode3ELi0EES4_7con_6, i14 %p_ZZN4nnet11lstm_staticI8ap_fixedILi14ELi7EL9ap_q_mode0EL9ap_o_mode3ELi0EES4_7con_5, i14 %p_ZZN4nnet11lstm_staticI8ap_fixedILi14ELi7EL9ap_q_mode0EL9ap_o_mode3ELi0EES4_7con_4, i14 %p_ZZN4nnet11lstm_staticI8ap_fixedILi14ELi7EL9ap_q_mode0EL9ap_o_mode3ELi0EES4_7con_3, i14 %p_ZZN4nnet11lstm_staticI8ap_fixedILi14ELi7EL9ap_q_mode0EL9ap_o_mode3ELi0EES4_7con_2, i14 %p_ZZN4nnet11lstm_staticI8ap_fixedILi14ELi7EL9ap_q_mode0EL9ap_o_mode3ELi0EES4_7con_1, i14 %p_ZZN4nnet11lstm_staticI8ap_fixedILi14ELi7EL9ap_q_mode0EL9ap_o_mode3ELi0EES4_7con, i14 %void_lstm_static_bool_ap_fixed_ap_fixed_ap_fixed_weight_t_recurrent_weight_t_19, i14 %void_lstm_static_bool_ap_fixed_ap_fixed_ap_fixed_weight_t_recurrent_weight_t_18, i14 %void_lstm_static_bool_ap_fixed_ap_fixed_ap_fixed_weight_t_recurrent_weight_t_17, i14 %void_lstm_static_bool_ap_fixed_ap_fixed_ap_fixed_weight_t_recurrent_weight_t_16, i14 %void_lstm_static_bool_ap_fixed_ap_fixed_ap_fixed_weight_t_recurrent_weight_t_15, i14 %void_lstm_static_bool_ap_fixed_ap_fixed_ap_fixed_weight_t_recurrent_weight_t_14, i14 %void_lstm_static_bool_ap_fixed_ap_fixed_ap_fixed_weight_t_recurrent_weight_t_13, i14 %void_lstm_static_bool_ap_fixed_ap_fixed_ap_fixed_weight_t_recurrent_weight_t_12, i14 %void_lstm_static_bool_ap_fixed_ap_fixed_ap_fixed_weight_t_recurrent_weight_t_11, i14 %void_lstm_static_bool_ap_fixed_ap_fixed_ap_fixed_weight_t_recurrent_weight_t_10, i14 %p_ZZN4nnet11lstm_staticI8ap_fixedILi14ELi7EL9ap_q_mode0EL9ap_o_mode3ELi0EES4_7con_43, i14 %p_ZZN4nnet11lstm_staticI8ap_fixedILi14ELi7EL9ap_q_mode0EL9ap_o_mode3ELi0EES4_7con_42, i14 %p_ZZN4nnet11lstm_staticI8ap_fixedILi14ELi7EL9ap_q_mode0EL9ap_o_mode3ELi0EES4_7con_41, i14 %p_ZZN4nnet11lstm_staticI8ap_fixedILi14ELi7EL9ap_q_mode0EL9ap_o_mode3ELi0EES4_7con_40, i14 %p_ZZN4nnet11lstm_staticI8ap_fixedILi14ELi7EL9ap_q_mode0EL9ap_o_mode3ELi0EES4_7con_39, i14 %p_ZZN4nnet11lstm_staticI8ap_fixedILi14ELi7EL9ap_q_mode0EL9ap_o_mode3ELi0EES4_7con_38, i14 %p_ZZN4nnet11lstm_staticI8ap_fixedILi14ELi7EL9ap_q_mode0EL9ap_o_mode3ELi0EES4_7con_37, i14 %p_ZZN4nnet11lstm_staticI8ap_fixedILi14ELi7EL9ap_q_mode0EL9ap_o_mode3ELi0EES4_7con_36, i14 %p_ZZN4nnet11lstm_staticI8ap_fixedILi14ELi7EL9ap_q_mode0EL9ap_o_mode3ELi0EES4_7con_35, i14 %p_ZZN4nnet11lstm_staticI8ap_fixedILi14ELi7EL9ap_q_mode0EL9ap_o_mode3ELi0EES4_7con_34, i14 %p_ZZN4nnet11lstm_staticI8ap_fixedILi14ELi7EL9ap_q_mode0EL9ap_o_mode3ELi0EES4_7con_33, i14 %p_ZZN4nnet11lstm_staticI8ap_fixedILi14ELi7EL9ap_q_mode0EL9ap_o_mode3ELi0EES4_7con_32, i14 %p_ZZN4nnet11lstm_staticI8ap_fixedILi14ELi7EL9ap_q_mode0EL9ap_o_mode3ELi0EES4_7con_31, i14 %p_ZZN4nnet11lstm_staticI8ap_fixedILi14ELi7EL9ap_q_mode0EL9ap_o_mode3ELi0EES4_7con_30, i14 %p_ZZN4nnet11lstm_staticI8ap_fixedILi14ELi7EL9ap_q_mode0EL9ap_o_mode3ELi0EES4_7con_29, i14 %p_ZZN4nnet11lstm_staticI8ap_fixedILi14ELi7EL9ap_q_mode0EL9ap_o_mode3ELi0EES4_7con_28, i14 %p_ZZN4nnet11lstm_staticI8ap_fixedILi14ELi7EL9ap_q_mode0EL9ap_o_mode3ELi0EES4_7con_27, i14 %p_ZZN4nnet11lstm_staticI8ap_fixedILi14ELi7EL9ap_q_mode0EL9ap_o_mode3ELi0EES4_7con_26, i14 %p_ZZN4nnet11lstm_staticI8ap_fixedILi14ELi7EL9ap_q_mode0EL9ap_o_mode3ELi0EES4_7con_25, i14 %p_ZZN4nnet11lstm_staticI8ap_fixedILi14ELi7EL9ap_q_mode0EL9ap_o_mode3ELi0EES4_7con_24, i14 %p_ZZN4nnet11lstm_staticI8ap_fixedILi14ELi7EL9ap_q_mode0EL9ap_o_mode3ELi0EES4_7con_23, i14 %p_ZZN4nnet11lstm_staticI8ap_fixedILi14ELi7EL9ap_q_mode0EL9ap_o_mode3ELi0EES4_7con_22, i3 %outidx, i206 %w2, i1 %outidx_4, i703 %wr2, i10 %sigmoid_table, i11 %tanh_table" [firmware/nnet_utils/nnet_recurrent.h:248->firmware/recurrent.cpp:39]   --->   Operation 196 'call' 'call_ret' <Predicate = true> <Delay = 1.61> <CoreType = "Generic">   --->   Generic Core

State 10 <SV = 9> <Delay = 1.61>
ST_10 : Operation 197 [1/1] (0.00ns)   --->   "%speclooptripcount_ln232 = speclooptripcount void @_ssdm_op_SpecLoopTripCount, i64 4, i64 4, i64 4" [firmware/nnet_utils/nnet_recurrent.h:232->firmware/recurrent.cpp:39]   --->   Operation 197 'speclooptripcount' 'speclooptripcount_ln232' <Predicate = true> <Delay = 0.00>
ST_10 : Operation 198 [1/1] (0.00ns)   --->   "%specloopname_ln242 = specloopname void @_ssdm_op_SpecLoopName, void @empty_0" [firmware/nnet_utils/nnet_recurrent.h:242->firmware/recurrent.cpp:39]   --->   Operation 198 'specloopname' 'specloopname_ln242' <Predicate = true> <Delay = 0.00>
ST_10 : Operation 199 [1/2] (0.00ns)   --->   "%call_ret = call i448 @lstm_static<ap_fixed<14, 7, 0, 3, 0>, ap_fixed<14, 7, 0, 3, 0>, config2, false>, i1 %reset_state, i14 %data_in, i14 %void_lstm_static_bool_ap_fixed_ap_fixed_ap_fixed_weight_t_recurrent_weight_t_9, i14 %void_lstm_static_bool_ap_fixed_ap_fixed_ap_fixed_weight_t_recurrent_weight_t_8, i14 %void_lstm_static_bool_ap_fixed_ap_fixed_ap_fixed_weight_t_recurrent_weight_t_7, i14 %void_lstm_static_bool_ap_fixed_ap_fixed_ap_fixed_weight_t_recurrent_weight_t_6, i14 %void_lstm_static_bool_ap_fixed_ap_fixed_ap_fixed_weight_t_recurrent_weight_t_5, i14 %void_lstm_static_bool_ap_fixed_ap_fixed_ap_fixed_weight_t_recurrent_weight_t_4, i14 %void_lstm_static_bool_ap_fixed_ap_fixed_ap_fixed_weight_t_recurrent_weight_t_3, i14 %void_lstm_static_bool_ap_fixed_ap_fixed_ap_fixed_weight_t_recurrent_weight_t_2, i14 %void_lstm_static_bool_ap_fixed_ap_fixed_ap_fixed_weight_t_recurrent_weight_t_1, i14 %void_lstm_static_bool_ap_fixed_ap_fixed_ap_fixed_weight_t_recurrent_weight_t, i14 %p_ZZN4nnet11lstm_staticI8ap_fixedILi14ELi7EL9ap_q_mode0EL9ap_o_mode3ELi0EES4_7con_21, i14 %p_ZZN4nnet11lstm_staticI8ap_fixedILi14ELi7EL9ap_q_mode0EL9ap_o_mode3ELi0EES4_7con_20, i14 %p_ZZN4nnet11lstm_staticI8ap_fixedILi14ELi7EL9ap_q_mode0EL9ap_o_mode3ELi0EES4_7con_19, i14 %p_ZZN4nnet11lstm_staticI8ap_fixedILi14ELi7EL9ap_q_mode0EL9ap_o_mode3ELi0EES4_7con_18, i14 %p_ZZN4nnet11lstm_staticI8ap_fixedILi14ELi7EL9ap_q_mode0EL9ap_o_mode3ELi0EES4_7con_17, i14 %p_ZZN4nnet11lstm_staticI8ap_fixedILi14ELi7EL9ap_q_mode0EL9ap_o_mode3ELi0EES4_7con_16, i14 %p_ZZN4nnet11lstm_staticI8ap_fixedILi14ELi7EL9ap_q_mode0EL9ap_o_mode3ELi0EES4_7con_15, i14 %p_ZZN4nnet11lstm_staticI8ap_fixedILi14ELi7EL9ap_q_mode0EL9ap_o_mode3ELi0EES4_7con_14, i14 %p_ZZN4nnet11lstm_staticI8ap_fixedILi14ELi7EL9ap_q_mode0EL9ap_o_mode3ELi0EES4_7con_13, i14 %p_ZZN4nnet11lstm_staticI8ap_fixedILi14ELi7EL9ap_q_mode0EL9ap_o_mode3ELi0EES4_7con_12, i14 %p_ZZN4nnet11lstm_staticI8ap_fixedILi14ELi7EL9ap_q_mode0EL9ap_o_mode3ELi0EES4_7con_11, i14 %p_ZZN4nnet11lstm_staticI8ap_fixedILi14ELi7EL9ap_q_mode0EL9ap_o_mode3ELi0EES4_7con_10, i14 %p_ZZN4nnet11lstm_staticI8ap_fixedILi14ELi7EL9ap_q_mode0EL9ap_o_mode3ELi0EES4_7con_9, i14 %p_ZZN4nnet11lstm_staticI8ap_fixedILi14ELi7EL9ap_q_mode0EL9ap_o_mode3ELi0EES4_7con_8, i14 %p_ZZN4nnet11lstm_staticI8ap_fixedILi14ELi7EL9ap_q_mode0EL9ap_o_mode3ELi0EES4_7con_7, i14 %p_ZZN4nnet11lstm_staticI8ap_fixedILi14ELi7EL9ap_q_mode0EL9ap_o_mode3ELi0EES4_7con_6, i14 %p_ZZN4nnet11lstm_staticI8ap_fixedILi14ELi7EL9ap_q_mode0EL9ap_o_mode3ELi0EES4_7con_5, i14 %p_ZZN4nnet11lstm_staticI8ap_fixedILi14ELi7EL9ap_q_mode0EL9ap_o_mode3ELi0EES4_7con_4, i14 %p_ZZN4nnet11lstm_staticI8ap_fixedILi14ELi7EL9ap_q_mode0EL9ap_o_mode3ELi0EES4_7con_3, i14 %p_ZZN4nnet11lstm_staticI8ap_fixedILi14ELi7EL9ap_q_mode0EL9ap_o_mode3ELi0EES4_7con_2, i14 %p_ZZN4nnet11lstm_staticI8ap_fixedILi14ELi7EL9ap_q_mode0EL9ap_o_mode3ELi0EES4_7con_1, i14 %p_ZZN4nnet11lstm_staticI8ap_fixedILi14ELi7EL9ap_q_mode0EL9ap_o_mode3ELi0EES4_7con, i14 %void_lstm_static_bool_ap_fixed_ap_fixed_ap_fixed_weight_t_recurrent_weight_t_19, i14 %void_lstm_static_bool_ap_fixed_ap_fixed_ap_fixed_weight_t_recurrent_weight_t_18, i14 %void_lstm_static_bool_ap_fixed_ap_fixed_ap_fixed_weight_t_recurrent_weight_t_17, i14 %void_lstm_static_bool_ap_fixed_ap_fixed_ap_fixed_weight_t_recurrent_weight_t_16, i14 %void_lstm_static_bool_ap_fixed_ap_fixed_ap_fixed_weight_t_recurrent_weight_t_15, i14 %void_lstm_static_bool_ap_fixed_ap_fixed_ap_fixed_weight_t_recurrent_weight_t_14, i14 %void_lstm_static_bool_ap_fixed_ap_fixed_ap_fixed_weight_t_recurrent_weight_t_13, i14 %void_lstm_static_bool_ap_fixed_ap_fixed_ap_fixed_weight_t_recurrent_weight_t_12, i14 %void_lstm_static_bool_ap_fixed_ap_fixed_ap_fixed_weight_t_recurrent_weight_t_11, i14 %void_lstm_static_bool_ap_fixed_ap_fixed_ap_fixed_weight_t_recurrent_weight_t_10, i14 %p_ZZN4nnet11lstm_staticI8ap_fixedILi14ELi7EL9ap_q_mode0EL9ap_o_mode3ELi0EES4_7con_43, i14 %p_ZZN4nnet11lstm_staticI8ap_fixedILi14ELi7EL9ap_q_mode0EL9ap_o_mode3ELi0EES4_7con_42, i14 %p_ZZN4nnet11lstm_staticI8ap_fixedILi14ELi7EL9ap_q_mode0EL9ap_o_mode3ELi0EES4_7con_41, i14 %p_ZZN4nnet11lstm_staticI8ap_fixedILi14ELi7EL9ap_q_mode0EL9ap_o_mode3ELi0EES4_7con_40, i14 %p_ZZN4nnet11lstm_staticI8ap_fixedILi14ELi7EL9ap_q_mode0EL9ap_o_mode3ELi0EES4_7con_39, i14 %p_ZZN4nnet11lstm_staticI8ap_fixedILi14ELi7EL9ap_q_mode0EL9ap_o_mode3ELi0EES4_7con_38, i14 %p_ZZN4nnet11lstm_staticI8ap_fixedILi14ELi7EL9ap_q_mode0EL9ap_o_mode3ELi0EES4_7con_37, i14 %p_ZZN4nnet11lstm_staticI8ap_fixedILi14ELi7EL9ap_q_mode0EL9ap_o_mode3ELi0EES4_7con_36, i14 %p_ZZN4nnet11lstm_staticI8ap_fixedILi14ELi7EL9ap_q_mode0EL9ap_o_mode3ELi0EES4_7con_35, i14 %p_ZZN4nnet11lstm_staticI8ap_fixedILi14ELi7EL9ap_q_mode0EL9ap_o_mode3ELi0EES4_7con_34, i14 %p_ZZN4nnet11lstm_staticI8ap_fixedILi14ELi7EL9ap_q_mode0EL9ap_o_mode3ELi0EES4_7con_33, i14 %p_ZZN4nnet11lstm_staticI8ap_fixedILi14ELi7EL9ap_q_mode0EL9ap_o_mode3ELi0EES4_7con_32, i14 %p_ZZN4nnet11lstm_staticI8ap_fixedILi14ELi7EL9ap_q_mode0EL9ap_o_mode3ELi0EES4_7con_31, i14 %p_ZZN4nnet11lstm_staticI8ap_fixedILi14ELi7EL9ap_q_mode0EL9ap_o_mode3ELi0EES4_7con_30, i14 %p_ZZN4nnet11lstm_staticI8ap_fixedILi14ELi7EL9ap_q_mode0EL9ap_o_mode3ELi0EES4_7con_29, i14 %p_ZZN4nnet11lstm_staticI8ap_fixedILi14ELi7EL9ap_q_mode0EL9ap_o_mode3ELi0EES4_7con_28, i14 %p_ZZN4nnet11lstm_staticI8ap_fixedILi14ELi7EL9ap_q_mode0EL9ap_o_mode3ELi0EES4_7con_27, i14 %p_ZZN4nnet11lstm_staticI8ap_fixedILi14ELi7EL9ap_q_mode0EL9ap_o_mode3ELi0EES4_7con_26, i14 %p_ZZN4nnet11lstm_staticI8ap_fixedILi14ELi7EL9ap_q_mode0EL9ap_o_mode3ELi0EES4_7con_25, i14 %p_ZZN4nnet11lstm_staticI8ap_fixedILi14ELi7EL9ap_q_mode0EL9ap_o_mode3ELi0EES4_7con_24, i14 %p_ZZN4nnet11lstm_staticI8ap_fixedILi14ELi7EL9ap_q_mode0EL9ap_o_mode3ELi0EES4_7con_23, i14 %p_ZZN4nnet11lstm_staticI8ap_fixedILi14ELi7EL9ap_q_mode0EL9ap_o_mode3ELi0EES4_7con_22, i3 %outidx, i206 %w2, i1 %outidx_4, i703 %wr2, i10 %sigmoid_table, i11 %tanh_table" [firmware/nnet_utils/nnet_recurrent.h:248->firmware/recurrent.cpp:39]   --->   Operation 199 'call' 'call_ret' <Predicate = true> <Delay = 0.00> <CoreType = "Generic">   --->   Generic Core
ST_10 : Operation 200 [1/1] (0.00ns)   --->   "%h_newstate = extractvalue i448 %call_ret" [firmware/nnet_utils/nnet_recurrent.h:248->firmware/recurrent.cpp:39]   --->   Operation 200 'extractvalue' 'h_newstate' <Predicate = true> <Delay = 0.00>
ST_10 : Operation 201 [1/1] (0.00ns)   --->   "%h_newstate_1 = extractvalue i448 %call_ret" [firmware/nnet_utils/nnet_recurrent.h:248->firmware/recurrent.cpp:39]   --->   Operation 201 'extractvalue' 'h_newstate_1' <Predicate = true> <Delay = 0.00>
ST_10 : Operation 202 [1/1] (0.00ns)   --->   "%h_newstate_2 = extractvalue i448 %call_ret" [firmware/nnet_utils/nnet_recurrent.h:248->firmware/recurrent.cpp:39]   --->   Operation 202 'extractvalue' 'h_newstate_2' <Predicate = true> <Delay = 0.00>
ST_10 : Operation 203 [1/1] (0.00ns)   --->   "%h_newstate_3 = extractvalue i448 %call_ret" [firmware/nnet_utils/nnet_recurrent.h:248->firmware/recurrent.cpp:39]   --->   Operation 203 'extractvalue' 'h_newstate_3' <Predicate = true> <Delay = 0.00>
ST_10 : Operation 204 [1/1] (0.00ns)   --->   "%h_newstate_4 = extractvalue i448 %call_ret" [firmware/nnet_utils/nnet_recurrent.h:248->firmware/recurrent.cpp:39]   --->   Operation 204 'extractvalue' 'h_newstate_4' <Predicate = true> <Delay = 0.00>
ST_10 : Operation 205 [1/1] (0.00ns)   --->   "%h_newstate_5 = extractvalue i448 %call_ret" [firmware/nnet_utils/nnet_recurrent.h:248->firmware/recurrent.cpp:39]   --->   Operation 205 'extractvalue' 'h_newstate_5' <Predicate = true> <Delay = 0.00>
ST_10 : Operation 206 [1/1] (0.00ns)   --->   "%h_newstate_6 = extractvalue i448 %call_ret" [firmware/nnet_utils/nnet_recurrent.h:248->firmware/recurrent.cpp:39]   --->   Operation 206 'extractvalue' 'h_newstate_6' <Predicate = true> <Delay = 0.00>
ST_10 : Operation 207 [1/1] (0.00ns)   --->   "%h_newstate_7 = extractvalue i448 %call_ret" [firmware/nnet_utils/nnet_recurrent.h:248->firmware/recurrent.cpp:39]   --->   Operation 207 'extractvalue' 'h_newstate_7' <Predicate = true> <Delay = 0.00>
ST_10 : Operation 208 [1/1] (0.00ns)   --->   "%h_newstate_8 = extractvalue i448 %call_ret" [firmware/nnet_utils/nnet_recurrent.h:248->firmware/recurrent.cpp:39]   --->   Operation 208 'extractvalue' 'h_newstate_8' <Predicate = true> <Delay = 0.00>
ST_10 : Operation 209 [1/1] (0.00ns)   --->   "%h_newstate_9 = extractvalue i448 %call_ret" [firmware/nnet_utils/nnet_recurrent.h:248->firmware/recurrent.cpp:39]   --->   Operation 209 'extractvalue' 'h_newstate_9' <Predicate = true> <Delay = 0.00>
ST_10 : Operation 210 [1/1] (0.00ns)   --->   "%h_newstate_31 = extractvalue i448 %call_ret" [firmware/nnet_utils/nnet_recurrent.h:248->firmware/recurrent.cpp:39]   --->   Operation 210 'extractvalue' 'h_newstate_31' <Predicate = true> <Delay = 0.00>
ST_10 : Operation 211 [1/1] (0.00ns)   --->   "%h_newstate_10 = extractvalue i448 %call_ret" [firmware/nnet_utils/nnet_recurrent.h:248->firmware/recurrent.cpp:39]   --->   Operation 211 'extractvalue' 'h_newstate_10' <Predicate = true> <Delay = 0.00>
ST_10 : Operation 212 [1/1] (0.00ns)   --->   "%h_newstate_11 = extractvalue i448 %call_ret" [firmware/nnet_utils/nnet_recurrent.h:248->firmware/recurrent.cpp:39]   --->   Operation 212 'extractvalue' 'h_newstate_11' <Predicate = true> <Delay = 0.00>
ST_10 : Operation 213 [1/1] (0.00ns)   --->   "%h_newstate_12 = extractvalue i448 %call_ret" [firmware/nnet_utils/nnet_recurrent.h:248->firmware/recurrent.cpp:39]   --->   Operation 213 'extractvalue' 'h_newstate_12' <Predicate = true> <Delay = 0.00>
ST_10 : Operation 214 [1/1] (0.00ns)   --->   "%h_newstate_13 = extractvalue i448 %call_ret" [firmware/nnet_utils/nnet_recurrent.h:248->firmware/recurrent.cpp:39]   --->   Operation 214 'extractvalue' 'h_newstate_13' <Predicate = true> <Delay = 0.00>
ST_10 : Operation 215 [1/1] (0.00ns)   --->   "%h_newstate_14 = extractvalue i448 %call_ret" [firmware/nnet_utils/nnet_recurrent.h:248->firmware/recurrent.cpp:39]   --->   Operation 215 'extractvalue' 'h_newstate_14' <Predicate = true> <Delay = 0.00>
ST_10 : Operation 216 [1/1] (0.00ns)   --->   "%h_newstate_15 = extractvalue i448 %call_ret" [firmware/nnet_utils/nnet_recurrent.h:248->firmware/recurrent.cpp:39]   --->   Operation 216 'extractvalue' 'h_newstate_15' <Predicate = true> <Delay = 0.00>
ST_10 : Operation 217 [1/1] (0.00ns)   --->   "%h_newstate_16 = extractvalue i448 %call_ret" [firmware/nnet_utils/nnet_recurrent.h:248->firmware/recurrent.cpp:39]   --->   Operation 217 'extractvalue' 'h_newstate_16' <Predicate = true> <Delay = 0.00>
ST_10 : Operation 218 [1/1] (0.00ns)   --->   "%h_newstate_17 = extractvalue i448 %call_ret" [firmware/nnet_utils/nnet_recurrent.h:248->firmware/recurrent.cpp:39]   --->   Operation 218 'extractvalue' 'h_newstate_17' <Predicate = true> <Delay = 0.00>
ST_10 : Operation 219 [1/1] (0.00ns)   --->   "%h_newstate_18 = extractvalue i448 %call_ret" [firmware/nnet_utils/nnet_recurrent.h:248->firmware/recurrent.cpp:39]   --->   Operation 219 'extractvalue' 'h_newstate_18' <Predicate = true> <Delay = 0.00>
ST_10 : Operation 220 [1/1] (0.00ns)   --->   "%h_newstate_19 = extractvalue i448 %call_ret" [firmware/nnet_utils/nnet_recurrent.h:248->firmware/recurrent.cpp:39]   --->   Operation 220 'extractvalue' 'h_newstate_19' <Predicate = true> <Delay = 0.00>
ST_10 : Operation 221 [1/1] (0.00ns)   --->   "%h_newstate_20 = extractvalue i448 %call_ret" [firmware/nnet_utils/nnet_recurrent.h:248->firmware/recurrent.cpp:39]   --->   Operation 221 'extractvalue' 'h_newstate_20' <Predicate = true> <Delay = 0.00>
ST_10 : Operation 222 [1/1] (0.00ns)   --->   "%h_newstate_21 = extractvalue i448 %call_ret" [firmware/nnet_utils/nnet_recurrent.h:248->firmware/recurrent.cpp:39]   --->   Operation 222 'extractvalue' 'h_newstate_21' <Predicate = true> <Delay = 0.00>
ST_10 : Operation 223 [1/1] (0.00ns)   --->   "%h_newstate_22 = extractvalue i448 %call_ret" [firmware/nnet_utils/nnet_recurrent.h:248->firmware/recurrent.cpp:39]   --->   Operation 223 'extractvalue' 'h_newstate_22' <Predicate = true> <Delay = 0.00>
ST_10 : Operation 224 [1/1] (0.00ns)   --->   "%h_newstate_23 = extractvalue i448 %call_ret" [firmware/nnet_utils/nnet_recurrent.h:248->firmware/recurrent.cpp:39]   --->   Operation 224 'extractvalue' 'h_newstate_23' <Predicate = true> <Delay = 0.00>
ST_10 : Operation 225 [1/1] (0.00ns)   --->   "%h_newstate_24 = extractvalue i448 %call_ret" [firmware/nnet_utils/nnet_recurrent.h:248->firmware/recurrent.cpp:39]   --->   Operation 225 'extractvalue' 'h_newstate_24' <Predicate = true> <Delay = 0.00>
ST_10 : Operation 226 [1/1] (0.00ns)   --->   "%h_newstate_25 = extractvalue i448 %call_ret" [firmware/nnet_utils/nnet_recurrent.h:248->firmware/recurrent.cpp:39]   --->   Operation 226 'extractvalue' 'h_newstate_25' <Predicate = true> <Delay = 0.00>
ST_10 : Operation 227 [1/1] (0.00ns)   --->   "%h_newstate_26 = extractvalue i448 %call_ret" [firmware/nnet_utils/nnet_recurrent.h:248->firmware/recurrent.cpp:39]   --->   Operation 227 'extractvalue' 'h_newstate_26' <Predicate = true> <Delay = 0.00>
ST_10 : Operation 228 [1/1] (0.00ns)   --->   "%h_newstate_27 = extractvalue i448 %call_ret" [firmware/nnet_utils/nnet_recurrent.h:248->firmware/recurrent.cpp:39]   --->   Operation 228 'extractvalue' 'h_newstate_27' <Predicate = true> <Delay = 0.00>
ST_10 : Operation 229 [1/1] (0.00ns)   --->   "%h_newstate_28 = extractvalue i448 %call_ret" [firmware/nnet_utils/nnet_recurrent.h:248->firmware/recurrent.cpp:39]   --->   Operation 229 'extractvalue' 'h_newstate_28' <Predicate = true> <Delay = 0.00>
ST_10 : Operation 230 [1/1] (0.00ns)   --->   "%h_newstate_29 = extractvalue i448 %call_ret" [firmware/nnet_utils/nnet_recurrent.h:248->firmware/recurrent.cpp:39]   --->   Operation 230 'extractvalue' 'h_newstate_29' <Predicate = true> <Delay = 0.00>
ST_10 : Operation 231 [1/1] (0.00ns)   --->   "%h_newstate_30 = extractvalue i448 %call_ret" [firmware/nnet_utils/nnet_recurrent.h:248->firmware/recurrent.cpp:39]   --->   Operation 231 'extractvalue' 'h_newstate_30' <Predicate = true> <Delay = 0.00>
ST_10 : Operation 232 [1/1] (1.61ns)   --->   "%store_ln248 = store i14 %h_newstate_30, i14 %layer2_out_31_0" [firmware/nnet_utils/nnet_recurrent.h:248->firmware/recurrent.cpp:39]   --->   Operation 232 'store' 'store_ln248' <Predicate = true> <Delay = 1.61>
ST_10 : Operation 233 [1/1] (1.61ns)   --->   "%store_ln248 = store i14 %h_newstate_29, i14 %layer2_out_30_0" [firmware/nnet_utils/nnet_recurrent.h:248->firmware/recurrent.cpp:39]   --->   Operation 233 'store' 'store_ln248' <Predicate = true> <Delay = 1.61>
ST_10 : Operation 234 [1/1] (1.61ns)   --->   "%store_ln248 = store i14 %h_newstate_28, i14 %layer2_out_29_0" [firmware/nnet_utils/nnet_recurrent.h:248->firmware/recurrent.cpp:39]   --->   Operation 234 'store' 'store_ln248' <Predicate = true> <Delay = 1.61>
ST_10 : Operation 235 [1/1] (1.61ns)   --->   "%store_ln248 = store i14 %h_newstate_27, i14 %layer2_out_28_0" [firmware/nnet_utils/nnet_recurrent.h:248->firmware/recurrent.cpp:39]   --->   Operation 235 'store' 'store_ln248' <Predicate = true> <Delay = 1.61>
ST_10 : Operation 236 [1/1] (1.61ns)   --->   "%store_ln248 = store i14 %h_newstate_26, i14 %layer2_out_2786_0" [firmware/nnet_utils/nnet_recurrent.h:248->firmware/recurrent.cpp:39]   --->   Operation 236 'store' 'store_ln248' <Predicate = true> <Delay = 1.61>
ST_10 : Operation 237 [1/1] (1.61ns)   --->   "%store_ln248 = store i14 %h_newstate_25, i14 %layer2_out_26_0" [firmware/nnet_utils/nnet_recurrent.h:248->firmware/recurrent.cpp:39]   --->   Operation 237 'store' 'store_ln248' <Predicate = true> <Delay = 1.61>
ST_10 : Operation 238 [1/1] (1.61ns)   --->   "%store_ln248 = store i14 %h_newstate_24, i14 %layer2_out_25_0" [firmware/nnet_utils/nnet_recurrent.h:248->firmware/recurrent.cpp:39]   --->   Operation 238 'store' 'store_ln248' <Predicate = true> <Delay = 1.61>
ST_10 : Operation 239 [1/1] (1.61ns)   --->   "%store_ln248 = store i14 %h_newstate_23, i14 %layer2_out_24_0" [firmware/nnet_utils/nnet_recurrent.h:248->firmware/recurrent.cpp:39]   --->   Operation 239 'store' 'store_ln248' <Predicate = true> <Delay = 1.61>
ST_10 : Operation 240 [1/1] (1.61ns)   --->   "%store_ln248 = store i14 %h_newstate_22, i14 %layer2_out_23_0" [firmware/nnet_utils/nnet_recurrent.h:248->firmware/recurrent.cpp:39]   --->   Operation 240 'store' 'store_ln248' <Predicate = true> <Delay = 1.61>
ST_10 : Operation 241 [1/1] (1.61ns)   --->   "%store_ln248 = store i14 %h_newstate_21, i14 %layer2_out_22_0" [firmware/nnet_utils/nnet_recurrent.h:248->firmware/recurrent.cpp:39]   --->   Operation 241 'store' 'store_ln248' <Predicate = true> <Delay = 1.61>
ST_10 : Operation 242 [1/1] (1.61ns)   --->   "%store_ln248 = store i14 %h_newstate_20, i14 %layer2_out_21_0" [firmware/nnet_utils/nnet_recurrent.h:248->firmware/recurrent.cpp:39]   --->   Operation 242 'store' 'store_ln248' <Predicate = true> <Delay = 1.61>
ST_10 : Operation 243 [1/1] (1.61ns)   --->   "%store_ln248 = store i14 %h_newstate_19, i14 %layer2_out_20_0" [firmware/nnet_utils/nnet_recurrent.h:248->firmware/recurrent.cpp:39]   --->   Operation 243 'store' 'store_ln248' <Predicate = true> <Delay = 1.61>
ST_10 : Operation 244 [1/1] (1.61ns)   --->   "%store_ln248 = store i14 %h_newstate_18, i14 %layer2_out_19_0" [firmware/nnet_utils/nnet_recurrent.h:248->firmware/recurrent.cpp:39]   --->   Operation 244 'store' 'store_ln248' <Predicate = true> <Delay = 1.61>
ST_10 : Operation 245 [1/1] (1.61ns)   --->   "%store_ln248 = store i14 %h_newstate_17, i14 %layer2_out_18_0" [firmware/nnet_utils/nnet_recurrent.h:248->firmware/recurrent.cpp:39]   --->   Operation 245 'store' 'store_ln248' <Predicate = true> <Delay = 1.61>
ST_10 : Operation 246 [1/1] (1.61ns)   --->   "%store_ln248 = store i14 %h_newstate_16, i14 %layer2_out_17_0" [firmware/nnet_utils/nnet_recurrent.h:248->firmware/recurrent.cpp:39]   --->   Operation 246 'store' 'store_ln248' <Predicate = true> <Delay = 1.61>
ST_10 : Operation 247 [1/1] (1.61ns)   --->   "%store_ln248 = store i14 %h_newstate_15, i14 %layer2_out_16_0" [firmware/nnet_utils/nnet_recurrent.h:248->firmware/recurrent.cpp:39]   --->   Operation 247 'store' 'store_ln248' <Predicate = true> <Delay = 1.61>
ST_10 : Operation 248 [1/1] (1.61ns)   --->   "%store_ln248 = store i14 %h_newstate_14, i14 %layer2_out_15_0" [firmware/nnet_utils/nnet_recurrent.h:248->firmware/recurrent.cpp:39]   --->   Operation 248 'store' 'store_ln248' <Predicate = true> <Delay = 1.61>
ST_10 : Operation 249 [1/1] (1.61ns)   --->   "%store_ln248 = store i14 %h_newstate_13, i14 %layer2_out_1445_0" [firmware/nnet_utils/nnet_recurrent.h:248->firmware/recurrent.cpp:39]   --->   Operation 249 'store' 'store_ln248' <Predicate = true> <Delay = 1.61>
ST_10 : Operation 250 [1/1] (1.61ns)   --->   "%store_ln248 = store i14 %h_newstate_12, i14 %layer2_out_13_0" [firmware/nnet_utils/nnet_recurrent.h:248->firmware/recurrent.cpp:39]   --->   Operation 250 'store' 'store_ln248' <Predicate = true> <Delay = 1.61>
ST_10 : Operation 251 [1/1] (1.61ns)   --->   "%store_ln248 = store i14 %h_newstate_11, i14 %layer2_out_12_0" [firmware/nnet_utils/nnet_recurrent.h:248->firmware/recurrent.cpp:39]   --->   Operation 251 'store' 'store_ln248' <Predicate = true> <Delay = 1.61>
ST_10 : Operation 252 [1/1] (1.61ns)   --->   "%store_ln248 = store i14 %h_newstate_10, i14 %layer2_out_11_0" [firmware/nnet_utils/nnet_recurrent.h:248->firmware/recurrent.cpp:39]   --->   Operation 252 'store' 'store_ln248' <Predicate = true> <Delay = 1.61>
ST_10 : Operation 253 [1/1] (1.61ns)   --->   "%store_ln248 = store i14 %h_newstate_31, i14 %layer2_out_10_0" [firmware/nnet_utils/nnet_recurrent.h:248->firmware/recurrent.cpp:39]   --->   Operation 253 'store' 'store_ln248' <Predicate = true> <Delay = 1.61>
ST_10 : Operation 254 [1/1] (1.61ns)   --->   "%store_ln248 = store i14 %h_newstate_9, i14 %layer2_out_9_0" [firmware/nnet_utils/nnet_recurrent.h:248->firmware/recurrent.cpp:39]   --->   Operation 254 'store' 'store_ln248' <Predicate = true> <Delay = 1.61>
ST_10 : Operation 255 [1/1] (1.61ns)   --->   "%store_ln248 = store i14 %h_newstate_8, i14 %layer2_out_8_0" [firmware/nnet_utils/nnet_recurrent.h:248->firmware/recurrent.cpp:39]   --->   Operation 255 'store' 'store_ln248' <Predicate = true> <Delay = 1.61>
ST_10 : Operation 256 [1/1] (1.61ns)   --->   "%store_ln248 = store i14 %h_newstate_7, i14 %layer2_out_7_0" [firmware/nnet_utils/nnet_recurrent.h:248->firmware/recurrent.cpp:39]   --->   Operation 256 'store' 'store_ln248' <Predicate = true> <Delay = 1.61>
ST_10 : Operation 257 [1/1] (1.61ns)   --->   "%store_ln248 = store i14 %h_newstate_6, i14 %layer2_out_6_0" [firmware/nnet_utils/nnet_recurrent.h:248->firmware/recurrent.cpp:39]   --->   Operation 257 'store' 'store_ln248' <Predicate = true> <Delay = 1.61>
ST_10 : Operation 258 [1/1] (1.61ns)   --->   "%store_ln248 = store i14 %h_newstate_5, i14 %layer2_out_5_0" [firmware/nnet_utils/nnet_recurrent.h:248->firmware/recurrent.cpp:39]   --->   Operation 258 'store' 'store_ln248' <Predicate = true> <Delay = 1.61>
ST_10 : Operation 259 [1/1] (1.61ns)   --->   "%store_ln248 = store i14 %h_newstate_4, i14 %layer2_out_4_0" [firmware/nnet_utils/nnet_recurrent.h:248->firmware/recurrent.cpp:39]   --->   Operation 259 'store' 'store_ln248' <Predicate = true> <Delay = 1.61>
ST_10 : Operation 260 [1/1] (1.61ns)   --->   "%store_ln248 = store i14 %h_newstate_3, i14 %layer2_out_3_0" [firmware/nnet_utils/nnet_recurrent.h:248->firmware/recurrent.cpp:39]   --->   Operation 260 'store' 'store_ln248' <Predicate = true> <Delay = 1.61>
ST_10 : Operation 261 [1/1] (1.61ns)   --->   "%store_ln248 = store i14 %h_newstate_2, i14 %layer2_out_2_0" [firmware/nnet_utils/nnet_recurrent.h:248->firmware/recurrent.cpp:39]   --->   Operation 261 'store' 'store_ln248' <Predicate = true> <Delay = 1.61>
ST_10 : Operation 262 [1/1] (1.61ns)   --->   "%store_ln248 = store i14 %h_newstate_1, i14 %layer2_out_1_0" [firmware/nnet_utils/nnet_recurrent.h:248->firmware/recurrent.cpp:39]   --->   Operation 262 'store' 'store_ln248' <Predicate = true> <Delay = 1.61>
ST_10 : Operation 263 [1/1] (1.61ns)   --->   "%store_ln248 = store i14 %h_newstate, i14 %layer2_out_0_0" [firmware/nnet_utils/nnet_recurrent.h:248->firmware/recurrent.cpp:39]   --->   Operation 263 'store' 'store_ln248' <Predicate = true> <Delay = 1.61>
ST_10 : Operation 264 [1/1] (0.00ns)   --->   "%br_ln242 = br void %VITIS_LOOP_243_3.i" [firmware/nnet_utils/nnet_recurrent.h:242->firmware/recurrent.cpp:39]   --->   Operation 264 'br' 'br_ln242' <Predicate = true> <Delay = 0.00>


============================================================
+ Verbose Summary: Timing violations
============================================================
Target clock period: 4.000ns, clock uncertainty: 1.080ns.

 <State 1>: 1.610ns
The critical path consists of the following:
	'alloca' operation 14 bit ('layer2_out_31_0') [104]  (0.000 ns)
	'store' operation ('store_ln0') of constant 0 14 bit on local variable 'layer2_out_31_0' [115]  (1.610 ns)

 <State 2>: 2.119ns
The critical path consists of the following:
	'load' operation 3 bit ('iloop', firmware/nnet_utils/nnet_recurrent.h:242->firmware/recurrent.cpp:39) on local variable 'iloop', firmware/nnet_utils/nnet_recurrent.h:242->firmware/recurrent.cpp:39 [151]  (0.000 ns)
	'sub' operation 9 bit ('sub_ln245', firmware/nnet_utils/nnet_recurrent.h:245->firmware/recurrent.cpp:39) [162]  (2.119 ns)

 <State 3>: 3.873ns
The critical path consists of the following:

 <State 4>: 3.873ns
The critical path consists of the following:

 <State 5>: 3.873ns
The critical path consists of the following:

 <State 6>: 2.152ns
The critical path consists of the following:
	'store' operation ('store_ln245', firmware/nnet_utils/nnet_recurrent.h:245->firmware/recurrent.cpp:39) of variable 'tmp_541', firmware/nnet_utils/nnet_recurrent.h:245->firmware/recurrent.cpp:39 14 bit on array 'data_in', firmware/nnet_utils/nnet_recurrent.h:231->firmware/recurrent.cpp:39 [171]  (2.152 ns)

 <State 7>: 2.152ns
The critical path consists of the following:
	'store' operation ('store_ln245', firmware/nnet_utils/nnet_recurrent.h:245->firmware/recurrent.cpp:39) of variable 'tmp_543', firmware/nnet_utils/nnet_recurrent.h:245->firmware/recurrent.cpp:39 14 bit on array 'data_in', firmware/nnet_utils/nnet_recurrent.h:231->firmware/recurrent.cpp:39 [177]  (2.152 ns)

 <State 8>: 2.152ns
The critical path consists of the following:
	'store' operation ('store_ln245', firmware/nnet_utils/nnet_recurrent.h:245->firmware/recurrent.cpp:39) of variable 'tmp_545', firmware/nnet_utils/nnet_recurrent.h:245->firmware/recurrent.cpp:39 14 bit on array 'data_in', firmware/nnet_utils/nnet_recurrent.h:231->firmware/recurrent.cpp:39 [183]  (2.152 ns)

 <State 9>: 1.610ns
The critical path consists of the following:
	'call' operation 448 bit ('call_ret', firmware/nnet_utils/nnet_recurrent.h:248->firmware/recurrent.cpp:39) to 'lstm_static<ap_fixed<14, 7, 0, 3, 0>, ap_fixed<14, 7, 0, 3, 0>, config2, false>' [187]  (1.610 ns)

 <State 10>: 1.610ns
The critical path consists of the following:
	'call' operation 448 bit ('call_ret', firmware/nnet_utils/nnet_recurrent.h:248->firmware/recurrent.cpp:39) to 'lstm_static<ap_fixed<14, 7, 0, 3, 0>, ap_fixed<14, 7, 0, 3, 0>, config2, false>' [187]  (0.000 ns)
	'store' operation ('store_ln248', firmware/nnet_utils/nnet_recurrent.h:248->firmware/recurrent.cpp:39) of variable 'h_newstate', firmware/nnet_utils/nnet_recurrent.h:248->firmware/recurrent.cpp:39 14 bit on local variable 'layer2_out_31_0' [220]  (1.610 ns)


============================================================
+ Verbose Summary: Binding
============================================================
N/A
* FSMD analyzer results:
  - Output states:
 - Input state : 
  - Chain level:
	State 1
	State 2
	State 3
	State 4
	State 5
	State 6
	State 7
	State 8
	State 9
	State 10


============================================================
+ Verbose Summary: Datapath Resource usage 
============================================================
N/A
