Copyright 1986-2022 Xilinx, Inc. All Rights Reserved. Copyright 2022-2026 Advanced Micro Devices, Inc. All Rights Reserved.
---------------------------------------------------------------------------------------------------------------------------------------------
| Tool Version : Vivado v.2026.1 (win64) Build 6511674 Tue Jun 16 11:02:23 MDT 2026
| Date         : Sat Sep 26 14:07:48 2026
| Host         : Yagiz running 64-bit major release  (build 9200)
| Command      : report_timing_summary -max_paths 10 -file synth/reports/dwn_decoder_timing.rpt
| Design       : dwn_decoder
| Device       : 7a100t-csg324
| Speed File   : -1  PRODUCTION 1.23 2018-06-13
| Design State : Routed
---------------------------------------------------------------------------------------------------------------------------------------------

Timing Summary Report

------------------------------------------------------------------------------------------------
| Timer Settings
| --------------
------------------------------------------------------------------------------------------------

  Enable Multi Corner Analysis               :  Yes
  Enable Pessimism Removal                   :  Yes
  Pessimism Removal Resolution               :  Nearest Common Node
  Enable Input Delay Default Clock           :  No
  Enable Preset / Clear Arcs                 :  No
  Disable Flight Delays                      :  No
  Ignore I/O Paths                           :  No
  Timing Early Launch at Borrowing Latches   :  No
  Borrow Time for Max Delay Exceptions       :  Yes
  Merge Timing Exceptions                    :  Yes
  Inter-SLR Compensation                     :  Conservative

  Corner  Analyze    Analyze    
  Name    Max Paths  Min Paths  
  ------  ---------  ---------  
  Slow    Yes        Yes        
  Fast    Yes        Yes        


------------------------------------------------------------------------------------------------
| Report Methodology
| ------------------
------------------------------------------------------------------------------------------------

No report available as report_methodology has not been run prior. Run report_methodology on the current design for the summary of methodology violations.



check_timing report

Table of Contents
-----------------
1. checking no_clock (0)
2. checking constant_clock (0)
3. checking pulse_width_clock (0)
4. checking unconstrained_internal_endpoints (0)
5. checking no_input_delay (26)
6. checking no_output_delay (2)
7. checking multiple_clock (0)
8. checking generated_clocks (0)
9. checking loops (0)
10. checking partial_input_delay (0)
11. checking partial_output_delay (0)
12. checking latch_loops (0)

1. checking no_clock (0)
------------------------
 There are 0 register/latch pins with no clock.


2. checking constant_clock (0)
------------------------------
 There are 0 register/latch pins with constant_clock.


3. checking pulse_width_clock (0)
---------------------------------
 There are 0 register/latch pins which need pulse_width check


4. checking unconstrained_internal_endpoints (0)
------------------------------------------------
 There are 0 pins that are not constrained for maximum delay.

 There are 0 pins that are not constrained for maximum delay due to constant clock.


5. checking no_input_delay (26)
-------------------------------
 There are 26 input ports with no input delay specified. (HIGH)

 There are 0 input ports with no input delay but user has a false path constraint.


6. checking no_output_delay (2)
-------------------------------
 There are 2 ports with no output delay specified. (HIGH)

 There are 0 ports with no output delay but user has a false path constraint

 There are 0 ports with no output delay but with a timing clock defined on it or propagating through it


7. checking multiple_clock (0)
------------------------------
 There are 0 register/latch pins with multiple clocks.


8. checking generated_clocks (0)
--------------------------------
 There are 0 generated clocks that are not connected to a clock source.


9. checking loops (0)
---------------------
 There are 0 combinational loops in the design.


10. checking partial_input_delay (0)
------------------------------------
 There are 0 input ports with partial input delay specified.


11. checking partial_output_delay (0)
-------------------------------------
 There are 0 ports with partial output delay specified.


12. checking latch_loops (0)
----------------------------
 There are 0 combinational latch loops in the design through latch input



------------------------------------------------------------------------------------------------
| Design Timing Summary
| ---------------------
------------------------------------------------------------------------------------------------

    WNS(ns)      TNS(ns)  TNS Failing Endpoints  TNS Total Endpoints      WHS(ns)      THS(ns)  THS Failing Endpoints  THS Total Endpoints     WPWS(ns)     TPWS(ns)  TPWS Failing Endpoints  TPWS Total Endpoints  
    -------      -------  ---------------------  -------------------      -------      -------  ---------------------  -------------------     --------     --------  ----------------------  --------------------  
      0.084        0.000                      0                  264        0.096        0.000                      0                  264        1.600        0.000                       0                   619  


All user specified timing constraints are met.


------------------------------------------------------------------------------------------------
| Clock Summary
| -------------
------------------------------------------------------------------------------------------------

Clock  Waveform(ns)         Period(ns)      Frequency(MHz)
-----  ------------         ----------      --------------
clk    {0.000 2.100}        4.200           238.095         


------------------------------------------------------------------------------------------------
| Intra Clock Table
| -----------------
------------------------------------------------------------------------------------------------

Clock             WNS(ns)      TNS(ns)  TNS Failing Endpoints  TNS Total Endpoints      WHS(ns)      THS(ns)  THS Failing Endpoints  THS Total Endpoints     WPWS(ns)     TPWS(ns)  TPWS Failing Endpoints  TPWS Total Endpoints  
-----             -------      -------  ---------------------  -------------------      -------      -------  ---------------------  -------------------     --------     --------  ----------------------  --------------------  
clk                 0.084        0.000                      0                  264        0.096        0.000                      0                  264        1.600        0.000                       0                   619  


------------------------------------------------------------------------------------------------
| Inter Clock Table
| -----------------
------------------------------------------------------------------------------------------------

From Clock    To Clock          WNS(ns)      TNS(ns)  TNS Failing Endpoints  TNS Total Endpoints      WHS(ns)      THS(ns)  THS Failing Endpoints  THS Total Endpoints  
----------    --------          -------      -------  ---------------------  -------------------      -------      -------  ---------------------  -------------------  


------------------------------------------------------------------------------------------------
| Other Path Groups Table
| -----------------------
------------------------------------------------------------------------------------------------

Path Group    From Clock    To Clock          WNS(ns)      TNS(ns)  TNS Failing Endpoints  TNS Total Endpoints      WHS(ns)      THS(ns)  THS Failing Endpoints  THS Total Endpoints  
----------    ----------    --------          -------      -------  ---------------------  -------------------      -------      -------  ---------------------  -------------------  


------------------------------------------------------------------------------------------------
| Timing Details
| --------------
------------------------------------------------------------------------------------------------


---------------------------------------------------------------------------------------------------
From Clock:  clk
  To Clock:  clk

Setup :            0  Failing Endpoints,  Worst Slack        0.084ns,  Total Violation        0.000ns
Hold  :            0  Failing Endpoints,  Worst Slack        0.096ns,  Total Violation        0.000ns
PW    :            0  Failing Endpoints,  Worst Slack        1.600ns,  Total Violation        0.000ns
---------------------------------------------------------------------------------------------------


Max Delay Paths
--------------------------------------------------------------------------------------
Slack (MET) :             0.084ns  (required time - arrival time)
  Source:                 u_core/layer4_bits_reg[7]/C
                            (rising edge-triggered cell FDRE clocked by clk  {rise@0.000ns fall@2.100ns period=4.200ns})
  Destination:            flip_reg/D
                            (rising edge-triggered cell FDRE clocked by clk  {rise@0.000ns fall@2.100ns period=4.200ns})
  Path Group:             clk
  Path Type:              Setup (Max at Slow Process Corner)
  Requirement:            4.200ns  (clk rise@4.200ns - clk rise@0.000ns)
  Data Path Delay:        4.063ns  (logic 1.076ns (26.484%)  route 2.987ns (73.516%))
  Logic Levels:           5  (LUT3=1 LUT5=2 LUT6=2)
  Clock Path Skew:        -0.049ns (DCD - SCD + CPR)
    Destination Clock Delay (DCD):    0.924ns = ( 5.124 - 4.200 ) 
    Source Clock Delay      (SCD):    0.973ns
    Clock Pessimism Removal (CPR):    0.000ns
  Clock Uncertainty:      0.035ns  ((TSJ^2 + TIJ^2)^1/2 + DJ) / 2 + PE
    Total System Jitter     (TSJ):    0.071ns
    Total Input Jitter      (TIJ):    0.000ns
    Discrete Jitter          (DJ):    0.000ns
    Phase Error              (PE):    0.000ns

    Location             Delay type                Incr(ns)  Path(ns)    Netlist Resource(s)
  -------------------------------------------------------------------    -------------------
                         (clock clk rise edge)        0.000     0.000 r  <hidden>
                                                      0.000     0.000 r  clk
                         net (fo=618, unset)          0.973     0.973    u_core/clk
    SLICE_X25Y25         FDRE                                         r  u_core/layer4_bits_reg[7]/C
  -------------------------------------------------------------------    -------------------
    SLICE_X25Y25         FDRE (Prop_fdre_C_Q)         0.456     1.429 r  u_core/layer4_bits_reg[7]/Q
                         net (fo=4, routed)           0.590     2.019    u_core/bits[7]
    SLICE_X26Y25         LUT3 (Prop_lut3_I0_O)        0.124     2.143 r  u_core/flip_i_21/O
                         net (fo=3, routed)           0.984     3.127    u_core/flip_i_21_n_0
    SLICE_X30Y25         LUT6 (Prop_lut6_I0_O)        0.124     3.251 r  u_core/flip_i_18/O
                         net (fo=2, routed)           0.611     3.862    u_core/flip_i_18_n_0
    SLICE_X29Y26         LUT6 (Prop_lut6_I2_O)        0.124     3.986 f  u_core/flip_i_24/O
                         net (fo=1, routed)           0.643     4.629    u_core/score0[2]
    SLICE_X28Y25         LUT5 (Prop_lut5_I1_O)        0.124     4.753 f  u_core/flip_i_6/O
                         net (fo=1, routed)           0.159     4.912    u_core/flip_i_6_n_0
    SLICE_X28Y25         LUT5 (Prop_lut5_I4_O)        0.124     5.036 r  u_core/flip_i_1/O
                         net (fo=1, routed)           0.000     5.036    u_core_n_0
    SLICE_X28Y25         FDRE                                         r  flip_reg/D
  -------------------------------------------------------------------    -------------------

                         (clock clk rise edge)        4.200     4.200 r  <hidden>
                                                      0.000     4.200 r  clk
                         net (fo=618, unset)          0.924     5.124    clk
    SLICE_X28Y25         FDRE                                         r  flip_reg/C
                         clock pessimism              0.000     5.124    <hidden>
                         clock uncertainty           -0.035     5.089    <hidden>
    SLICE_X28Y25         FDRE (Setup_fdre_C_D)        0.031     5.120    flip_reg
  -------------------------------------------------------------------
                         required time                          5.120    <hidden>
                         arrival time                          -5.036    <hidden>
  -------------------------------------------------------------------
                         slack                                  0.084    <hidden>

Slack (MET) :             1.407ns  (required time - arrival time)
  Source:                 u_core/layer1_bits_reg[77]/C
                            (rising edge-triggered cell FDRE clocked by clk  {rise@0.000ns fall@2.100ns period=4.200ns})
  Destination:            u_core/layer2_bits_reg[393]/D
                            (rising edge-triggered cell FDRE clocked by clk  {rise@0.000ns fall@2.100ns period=4.200ns})
  Path Group:             clk
  Path Type:              Setup (Max at Slow Process Corner)
  Requirement:            4.200ns  (clk rise@4.200ns - clk rise@0.000ns)
  Data Path Delay:        2.788ns  (logic 0.715ns (25.647%)  route 2.073ns (74.353%))
  Logic Levels:           1  (LUT4=1)
  Clock Path Skew:        -0.049ns (DCD - SCD + CPR)
    Destination Clock Delay (DCD):    0.924ns = ( 5.124 - 4.200 ) 
    Source Clock Delay      (SCD):    0.973ns
    Clock Pessimism Removal (CPR):    0.000ns
  Clock Uncertainty:      0.035ns  ((TSJ^2 + TIJ^2)^1/2 + DJ) / 2 + PE
    Total System Jitter     (TSJ):    0.071ns
    Total Input Jitter      (TIJ):    0.000ns
    Discrete Jitter          (DJ):    0.000ns
    Phase Error              (PE):    0.000ns

    Location             Delay type                Incr(ns)  Path(ns)    Netlist Resource(s)
  -------------------------------------------------------------------    -------------------
                         (clock clk rise edge)        0.000     0.000 r  <hidden>
                                                      0.000     0.000 r  clk
                         net (fo=618, unset)          0.973     0.973    u_core/clk
    SLICE_X39Y19         FDRE                                         r  u_core/layer1_bits_reg[77]/C
  -------------------------------------------------------------------    -------------------
    SLICE_X39Y19         FDRE (Prop_fdre_C_Q)         0.419     1.392 r  u_core/layer1_bits_reg[77]/Q
                         net (fo=31, routed)          2.073     3.465    u_core/u_layer2/lut393/layer1_bits[0]
    SLICE_X34Y27         LUT4 (Prop_lut4_I1_O)        0.296     3.761 r  u_core/u_layer2/lut393/out/O
                         net (fo=1, routed)           0.000     3.761    u_core/layer2_comb[393]
    SLICE_X34Y27         FDRE                                         r  u_core/layer2_bits_reg[393]/D
  -------------------------------------------------------------------    -------------------

                         (clock clk rise edge)        4.200     4.200 r  <hidden>
                                                      0.000     4.200 r  clk
                         net (fo=618, unset)          0.924     5.124    u_core/clk
    SLICE_X34Y27         FDRE                                         r  u_core/layer2_bits_reg[393]/C
                         clock pessimism              0.000     5.124    <hidden>
                         clock uncertainty           -0.035     5.089    <hidden>
    SLICE_X34Y27         FDRE (Setup_fdre_C_D)        0.079     5.168    u_core/layer2_bits_reg[393]
  -------------------------------------------------------------------
                         required time                          5.168    <hidden>
                         arrival time                          -3.761    <hidden>
  -------------------------------------------------------------------
                         slack                                  1.407    <hidden>

Slack (MET) :             1.417ns  (required time - arrival time)
  Source:                 u_core/layer1_bits_reg[219]/C
                            (rising edge-triggered cell FDRE clocked by clk  {rise@0.000ns fall@2.100ns period=4.200ns})
  Destination:            u_core/layer2_bits_reg[114]/D
                            (rising edge-triggered cell FDRE clocked by clk  {rise@0.000ns fall@2.100ns period=4.200ns})
  Path Group:             clk
  Path Type:              Setup (Max at Slow Process Corner)
  Requirement:            4.200ns  (clk rise@4.200ns - clk rise@0.000ns)
  Data Path Delay:        2.728ns  (logic 0.580ns (21.259%)  route 2.148ns (78.741%))
  Logic Levels:           1  (LUT6=1)
  Clock Path Skew:        -0.049ns (DCD - SCD + CPR)
    Destination Clock Delay (DCD):    0.924ns = ( 5.124 - 4.200 ) 
    Source Clock Delay      (SCD):    0.973ns
    Clock Pessimism Removal (CPR):    0.000ns
  Clock Uncertainty:      0.035ns  ((TSJ^2 + TIJ^2)^1/2 + DJ) / 2 + PE
    Total System Jitter     (TSJ):    0.071ns
    Total Input Jitter      (TIJ):    0.000ns
    Discrete Jitter          (DJ):    0.000ns
    Phase Error              (PE):    0.000ns

    Location             Delay type                Incr(ns)  Path(ns)    Netlist Resource(s)
  -------------------------------------------------------------------    -------------------
                         (clock clk rise edge)        0.000     0.000 r  <hidden>
                                                      0.000     0.000 r  clk
                         net (fo=618, unset)          0.973     0.973    u_core/clk
    SLICE_X44Y21         FDRE                                         r  u_core/layer1_bits_reg[219]/C
  -------------------------------------------------------------------    -------------------
    SLICE_X44Y21         FDRE (Prop_fdre_C_Q)         0.456     1.429 r  u_core/layer1_bits_reg[219]/Q
                         net (fo=6, routed)           2.148     3.577    u_core/u_layer2/lut114/layer1_bits[1]
    SLICE_X28Y24         LUT6 (Prop_lut6_I1_O)        0.124     3.701 r  u_core/u_layer2/lut114/out/O
                         net (fo=1, routed)           0.000     3.701    u_core/layer2_comb[114]
    SLICE_X28Y24         FDRE                                         r  u_core/layer2_bits_reg[114]/D
  -------------------------------------------------------------------    -------------------

                         (clock clk rise edge)        4.200     4.200 r  <hidden>
                                                      0.000     4.200 r  clk
                         net (fo=618, unset)          0.924     5.124    u_core/clk
    SLICE_X28Y24         FDRE                                         r  u_core/layer2_bits_reg[114]/C
                         clock pessimism              0.000     5.124    <hidden>
                         clock uncertainty           -0.035     5.089    <hidden>
    SLICE_X28Y24         FDRE (Setup_fdre_C_D)        0.029     5.118    u_core/layer2_bits_reg[114]
  -------------------------------------------------------------------
                         required time                          5.118    <hidden>
                         arrival time                          -3.701    <hidden>
  -------------------------------------------------------------------
                         slack                                  1.417    <hidden>

Slack (MET) :             1.426ns  (required time - arrival time)
  Source:                 u_core/layer1_bits_reg[77]/C
                            (rising edge-triggered cell FDRE clocked by clk  {rise@0.000ns fall@2.100ns period=4.200ns})
  Destination:            u_core/layer2_bits_reg[317]/D
                            (rising edge-triggered cell FDRE clocked by clk  {rise@0.000ns fall@2.100ns period=4.200ns})
  Path Group:             clk
  Path Type:              Setup (Max at Slow Process Corner)
  Requirement:            4.200ns  (clk rise@4.200ns - clk rise@0.000ns)
  Data Path Delay:        2.769ns  (logic 0.715ns (25.823%)  route 2.054ns (74.177%))
  Logic Levels:           1  (LUT4=1)
  Clock Path Skew:        -0.049ns (DCD - SCD + CPR)
    Destination Clock Delay (DCD):    0.924ns = ( 5.124 - 4.200 ) 
    Source Clock Delay      (SCD):    0.973ns
    Clock Pessimism Removal (CPR):    0.000ns
  Clock Uncertainty:      0.035ns  ((TSJ^2 + TIJ^2)^1/2 + DJ) / 2 + PE
    Total System Jitter     (TSJ):    0.071ns
    Total Input Jitter      (TIJ):    0.000ns
    Discrete Jitter          (DJ):    0.000ns
    Phase Error              (PE):    0.000ns

    Location             Delay type                Incr(ns)  Path(ns)    Netlist Resource(s)
  -------------------------------------------------------------------    -------------------
                         (clock clk rise edge)        0.000     0.000 r  <hidden>
                                                      0.000     0.000 r  clk
                         net (fo=618, unset)          0.973     0.973    u_core/clk
    SLICE_X39Y19         FDRE                                         r  u_core/layer1_bits_reg[77]/C
  -------------------------------------------------------------------    -------------------
    SLICE_X39Y19         FDRE (Prop_fdre_C_Q)         0.419     1.392 r  u_core/layer1_bits_reg[77]/Q
                         net (fo=31, routed)          2.054     3.446    u_core/u_layer2/lut317/layer1_bits[0]
    SLICE_X34Y27         LUT4 (Prop_lut4_I3_O)        0.296     3.742 r  u_core/u_layer2/lut317/out/O
                         net (fo=1, routed)           0.000     3.742    u_core/layer2_comb[317]
    SLICE_X34Y27         FDRE                                         r  u_core/layer2_bits_reg[317]/D
  -------------------------------------------------------------------    -------------------

                         (clock clk rise edge)        4.200     4.200 r  <hidden>
                                                      0.000     4.200 r  clk
                         net (fo=618, unset)          0.924     5.124    u_core/clk
    SLICE_X34Y27         FDRE                                         r  u_core/layer2_bits_reg[317]/C
                         clock pessimism              0.000     5.124    <hidden>
                         clock uncertainty           -0.035     5.089    <hidden>
    SLICE_X34Y27         FDRE (Setup_fdre_C_D)        0.079     5.168    u_core/layer2_bits_reg[317]
  -------------------------------------------------------------------
                         required time                          5.168    <hidden>
                         arrival time                          -3.742    <hidden>
  -------------------------------------------------------------------
                         slack                                  1.426    <hidden>

Slack (MET) :             1.442ns  (required time - arrival time)
  Source:                 u_core/layer3_bits_reg[56]/C
                            (rising edge-triggered cell FDRE clocked by clk  {rise@0.000ns fall@2.100ns period=4.200ns})
  Destination:            u_core/layer4_bits_reg[26]/D
                            (rising edge-triggered cell FDRE clocked by clk  {rise@0.000ns fall@2.100ns period=4.200ns})
  Path Group:             clk
  Path Type:              Setup (Max at Slow Process Corner)
  Requirement:            4.200ns  (clk rise@4.200ns - clk rise@0.000ns)
  Data Path Delay:        2.753ns  (logic 0.642ns (23.324%)  route 2.111ns (76.676%))
  Logic Levels:           1  (LUT6=1)
  Clock Path Skew:        -0.049ns (DCD - SCD + CPR)
    Destination Clock Delay (DCD):    0.924ns = ( 5.124 - 4.200 ) 
    Source Clock Delay      (SCD):    0.973ns
    Clock Pessimism Removal (CPR):    0.000ns
  Clock Uncertainty:      0.035ns  ((TSJ^2 + TIJ^2)^1/2 + DJ) / 2 + PE
    Total System Jitter     (TSJ):    0.071ns
    Total Input Jitter      (TIJ):    0.000ns
    Discrete Jitter          (DJ):    0.000ns
    Phase Error              (PE):    0.000ns

    Location             Delay type                Incr(ns)  Path(ns)    Netlist Resource(s)
  -------------------------------------------------------------------    -------------------
                         (clock clk rise edge)        0.000     0.000 r  <hidden>
                                                      0.000     0.000 r  clk
                         net (fo=618, unset)          0.973     0.973    u_core/clk
    SLICE_X34Y23         FDRE                                         r  u_core/layer3_bits_reg[56]/C
  -------------------------------------------------------------------    -------------------
    SLICE_X34Y23         FDRE (Prop_fdre_C_Q)         0.518     1.491 f  u_core/layer3_bits_reg[56]/Q
                         net (fo=3, routed)           2.111     3.602    u_core/u_layer4/lut26/in[3]
    SLICE_X30Y25         LUT6 (Prop_lut6_I5_O)        0.124     3.726 r  u_core/u_layer4/lut26/out/O
                         net (fo=1, routed)           0.000     3.726    u_core/layer4_comb[26]
    SLICE_X30Y25         FDRE                                         r  u_core/layer4_bits_reg[26]/D
  -------------------------------------------------------------------    -------------------

                         (clock clk rise edge)        4.200     4.200 r  <hidden>
                                                      0.000     4.200 r  clk
                         net (fo=618, unset)          0.924     5.124    u_core/clk
    SLICE_X30Y25         FDRE                                         r  u_core/layer4_bits_reg[26]/C
                         clock pessimism              0.000     5.124    <hidden>
                         clock uncertainty           -0.035     5.089    <hidden>
    SLICE_X30Y25         FDRE (Setup_fdre_C_D)        0.079     5.168    u_core/layer4_bits_reg[26]
  -------------------------------------------------------------------
                         required time                          5.168    <hidden>
                         arrival time                          -3.726    <hidden>
  -------------------------------------------------------------------
                         slack                                  1.442    <hidden>

Slack (MET) :             1.474ns  (required time - arrival time)
  Source:                 u_core/layer1_bits_reg[77]/C
                            (rising edge-triggered cell FDRE clocked by clk  {rise@0.000ns fall@2.100ns period=4.200ns})
  Destination:            u_core/layer2_bits_reg[50]/D
                            (rising edge-triggered cell FDRE clocked by clk  {rise@0.000ns fall@2.100ns period=4.200ns})
  Path Group:             clk
  Path Type:              Setup (Max at Slow Process Corner)
  Requirement:            4.200ns  (clk rise@4.200ns - clk rise@0.000ns)
  Data Path Delay:        2.674ns  (logic 0.715ns (26.739%)  route 1.959ns (73.261%))
  Logic Levels:           1  (LUT6=1)
  Clock Path Skew:        -0.049ns (DCD - SCD + CPR)
    Destination Clock Delay (DCD):    0.924ns = ( 5.124 - 4.200 ) 
    Source Clock Delay      (SCD):    0.973ns
    Clock Pessimism Removal (CPR):    0.000ns
  Clock Uncertainty:      0.035ns  ((TSJ^2 + TIJ^2)^1/2 + DJ) / 2 + PE
    Total System Jitter     (TSJ):    0.071ns
    Total Input Jitter      (TIJ):    0.000ns
    Discrete Jitter          (DJ):    0.000ns
    Phase Error              (PE):    0.000ns

    Location             Delay type                Incr(ns)  Path(ns)    Netlist Resource(s)
  -------------------------------------------------------------------    -------------------
                         (clock clk rise edge)        0.000     0.000 r  <hidden>
                                                      0.000     0.000 r  clk
                         net (fo=618, unset)          0.973     0.973    u_core/clk
    SLICE_X39Y19         FDRE                                         r  u_core/layer1_bits_reg[77]/C
  -------------------------------------------------------------------    -------------------
    SLICE_X39Y19         FDRE (Prop_fdre_C_Q)         0.419     1.392 r  u_core/layer1_bits_reg[77]/Q
                         net (fo=31, routed)          1.959     3.351    u_core/u_layer2/lut50/layer1_bits[0]
    SLICE_X41Y21         LUT6 (Prop_lut6_I2_O)        0.296     3.647 r  u_core/u_layer2/lut50/out/O
                         net (fo=1, routed)           0.000     3.647    u_core/layer2_comb[50]
    SLICE_X41Y21         FDRE                                         r  u_core/layer2_bits_reg[50]/D
  -------------------------------------------------------------------    -------------------

                         (clock clk rise edge)        4.200     4.200 r  <hidden>
                                                      0.000     4.200 r  clk
                         net (fo=618, unset)          0.924     5.124    u_core/clk
    SLICE_X41Y21         FDRE                                         r  u_core/layer2_bits_reg[50]/C
                         clock pessimism              0.000     5.124    <hidden>
                         clock uncertainty           -0.035     5.089    <hidden>
    SLICE_X41Y21         FDRE (Setup_fdre_C_D)        0.032     5.121    u_core/layer2_bits_reg[50]
  -------------------------------------------------------------------
                         required time                          5.121    <hidden>
                         arrival time                          -3.647    <hidden>
  -------------------------------------------------------------------
                         slack                                  1.474    <hidden>

Slack (MET) :             1.503ns  (required time - arrival time)
  Source:                 u_core/layer1_bits_reg[77]/C
                            (rising edge-triggered cell FDRE clocked by clk  {rise@0.000ns fall@2.100ns period=4.200ns})
  Destination:            u_core/layer2_bits_reg[100]/D
                            (rising edge-triggered cell FDRE clocked by clk  {rise@0.000ns fall@2.100ns period=4.200ns})
  Path Group:             clk
  Path Type:              Setup (Max at Slow Process Corner)
  Requirement:            4.200ns  (clk rise@4.200ns - clk rise@0.000ns)
  Data Path Delay:        2.642ns  (logic 0.715ns (27.061%)  route 1.927ns (72.939%))
  Logic Levels:           1  (LUT4=1)
  Clock Path Skew:        -0.049ns (DCD - SCD + CPR)
    Destination Clock Delay (DCD):    0.924ns = ( 5.124 - 4.200 ) 
    Source Clock Delay      (SCD):    0.973ns
    Clock Pessimism Removal (CPR):    0.000ns
  Clock Uncertainty:      0.035ns  ((TSJ^2 + TIJ^2)^1/2 + DJ) / 2 + PE
    Total System Jitter     (TSJ):    0.071ns
    Total Input Jitter      (TIJ):    0.000ns
    Discrete Jitter          (DJ):    0.000ns
    Phase Error              (PE):    0.000ns

    Location             Delay type                Incr(ns)  Path(ns)    Netlist Resource(s)
  -------------------------------------------------------------------    -------------------
                         (clock clk rise edge)        0.000     0.000 r  <hidden>
                                                      0.000     0.000 r  clk
                         net (fo=618, unset)          0.973     0.973    u_core/clk
    SLICE_X39Y19         FDRE                                         r  u_core/layer1_bits_reg[77]/C
  -------------------------------------------------------------------    -------------------
    SLICE_X39Y19         FDRE (Prop_fdre_C_Q)         0.419     1.392 r  u_core/layer1_bits_reg[77]/Q
                         net (fo=31, routed)          1.927     3.319    u_core/u_layer2/lut100/layer1_bits[1]
    SLICE_X40Y25         LUT4 (Prop_lut4_I3_O)        0.296     3.615 r  u_core/u_layer2/lut100/out/O
                         net (fo=1, routed)           0.000     3.615    u_core/layer2_comb[100]
    SLICE_X40Y25         FDRE                                         r  u_core/layer2_bits_reg[100]/D
  -------------------------------------------------------------------    -------------------

                         (clock clk rise edge)        4.200     4.200 r  <hidden>
                                                      0.000     4.200 r  clk
                         net (fo=618, unset)          0.924     5.124    u_core/clk
    SLICE_X40Y25         FDRE                                         r  u_core/layer2_bits_reg[100]/C
                         clock pessimism              0.000     5.124    <hidden>
                         clock uncertainty           -0.035     5.089    <hidden>
    SLICE_X40Y25         FDRE (Setup_fdre_C_D)        0.029     5.118    u_core/layer2_bits_reg[100]
  -------------------------------------------------------------------
                         required time                          5.118    <hidden>
                         arrival time                          -3.615    <hidden>
  -------------------------------------------------------------------
                         slack                                  1.503    <hidden>

Slack (MET) :             1.608ns  (required time - arrival time)
  Source:                 u_core/layer3_bits_reg[25]/C
                            (rising edge-triggered cell FDRE clocked by clk  {rise@0.000ns fall@2.100ns period=4.200ns})
  Destination:            u_core/layer4_bits_reg[10]/D
                            (rising edge-triggered cell FDRE clocked by clk  {rise@0.000ns fall@2.100ns period=4.200ns})
  Path Group:             clk
  Path Type:              Setup (Max at Slow Process Corner)
  Requirement:            4.200ns  (clk rise@4.200ns - clk rise@0.000ns)
  Data Path Delay:        2.539ns  (logic 0.642ns (25.284%)  route 1.897ns (74.716%))
  Logic Levels:           1  (LUT6=1)
  Clock Path Skew:        -0.049ns (DCD - SCD + CPR)
    Destination Clock Delay (DCD):    0.924ns = ( 5.124 - 4.200 ) 
    Source Clock Delay      (SCD):    0.973ns
    Clock Pessimism Removal (CPR):    0.000ns
  Clock Uncertainty:      0.035ns  ((TSJ^2 + TIJ^2)^1/2 + DJ) / 2 + PE
    Total System Jitter     (TSJ):    0.071ns
    Total Input Jitter      (TIJ):    0.000ns
    Discrete Jitter          (DJ):    0.000ns
    Phase Error              (PE):    0.000ns

    Location             Delay type                Incr(ns)  Path(ns)    Netlist Resource(s)
  -------------------------------------------------------------------    -------------------
                         (clock clk rise edge)        0.000     0.000 r  <hidden>
                                                      0.000     0.000 r  clk
                         net (fo=618, unset)          0.973     0.973    u_core/clk
    SLICE_X38Y21         FDRE                                         r  u_core/layer3_bits_reg[25]/C
  -------------------------------------------------------------------    -------------------
    SLICE_X38Y21         FDRE (Prop_fdre_C_Q)         0.518     1.491 r  u_core/layer3_bits_reg[25]/Q
                         net (fo=3, routed)           1.897     3.388    u_core/u_layer4/lut10/in[4]
    SLICE_X24Y25         LUT6 (Prop_lut6_I1_O)        0.124     3.512 r  u_core/u_layer4/lut10/out/O
                         net (fo=1, routed)           0.000     3.512    u_core/layer4_comb[10]
    SLICE_X24Y25         FDRE                                         r  u_core/layer4_bits_reg[10]/D
  -------------------------------------------------------------------    -------------------

                         (clock clk rise edge)        4.200     4.200 r  <hidden>
                                                      0.000     4.200 r  clk
                         net (fo=618, unset)          0.924     5.124    u_core/clk
    SLICE_X24Y25         FDRE                                         r  u_core/layer4_bits_reg[10]/C
                         clock pessimism              0.000     5.124    <hidden>
                         clock uncertainty           -0.035     5.089    <hidden>
    SLICE_X24Y25         FDRE (Setup_fdre_C_D)        0.031     5.120    u_core/layer4_bits_reg[10]
  -------------------------------------------------------------------
                         required time                          5.120    <hidden>
                         arrival time                          -3.512    <hidden>
  -------------------------------------------------------------------
                         slack                                  1.608    <hidden>

Slack (MET) :             1.608ns  (required time - arrival time)
  Source:                 u_core/layer1_bits_reg[77]/C
                            (rising edge-triggered cell FDRE clocked by clk  {rise@0.000ns fall@2.100ns period=4.200ns})
  Destination:            u_core/layer2_bits_reg[248]/D
                            (rising edge-triggered cell FDRE clocked by clk  {rise@0.000ns fall@2.100ns period=4.200ns})
  Path Group:             clk
  Path Type:              Setup (Max at Slow Process Corner)
  Requirement:            4.200ns  (clk rise@4.200ns - clk rise@0.000ns)
  Data Path Delay:        2.539ns  (logic 0.715ns (28.162%)  route 1.824ns (71.838%))
  Logic Levels:           1  (LUT3=1)
  Clock Path Skew:        -0.049ns (DCD - SCD + CPR)
    Destination Clock Delay (DCD):    0.924ns = ( 5.124 - 4.200 ) 
    Source Clock Delay      (SCD):    0.973ns
    Clock Pessimism Removal (CPR):    0.000ns
  Clock Uncertainty:      0.035ns  ((TSJ^2 + TIJ^2)^1/2 + DJ) / 2 + PE
    Total System Jitter     (TSJ):    0.071ns
    Total Input Jitter      (TIJ):    0.000ns
    Discrete Jitter          (DJ):    0.000ns
    Phase Error              (PE):    0.000ns

    Location             Delay type                Incr(ns)  Path(ns)    Netlist Resource(s)
  -------------------------------------------------------------------    -------------------
                         (clock clk rise edge)        0.000     0.000 r  <hidden>
                                                      0.000     0.000 r  clk
                         net (fo=618, unset)          0.973     0.973    u_core/clk
    SLICE_X39Y19         FDRE                                         r  u_core/layer1_bits_reg[77]/C
  -------------------------------------------------------------------    -------------------
    SLICE_X39Y19         FDRE (Prop_fdre_C_Q)         0.419     1.392 r  u_core/layer1_bits_reg[77]/Q
                         net (fo=31, routed)          1.824     3.216    u_core/u_layer2/lut248/layer1_bits[0]
    SLICE_X41Y22         LUT3 (Prop_lut3_I1_O)        0.296     3.512 r  u_core/u_layer2/lut248/out/O
                         net (fo=1, routed)           0.000     3.512    u_core/layer2_comb[248]
    SLICE_X41Y22         FDRE                                         r  u_core/layer2_bits_reg[248]/D
  -------------------------------------------------------------------    -------------------

                         (clock clk rise edge)        4.200     4.200 r  <hidden>
                                                      0.000     4.200 r  clk
                         net (fo=618, unset)          0.924     5.124    u_core/clk
    SLICE_X41Y22         FDRE                                         r  u_core/layer2_bits_reg[248]/C
                         clock pessimism              0.000     5.124    <hidden>
                         clock uncertainty           -0.035     5.089    <hidden>
    SLICE_X41Y22         FDRE (Setup_fdre_C_D)        0.031     5.120    u_core/layer2_bits_reg[248]
  -------------------------------------------------------------------
                         required time                          5.120    <hidden>
                         arrival time                          -3.512    <hidden>
  -------------------------------------------------------------------
                         slack                                  1.608    <hidden>

Slack (MET) :             1.668ns  (required time - arrival time)
  Source:                 u_core/layer1_bits_reg[640]/C
                            (rising edge-triggered cell FDRE clocked by clk  {rise@0.000ns fall@2.100ns period=4.200ns})
  Destination:            u_core/layer2_bits_reg[177]/D
                            (rising edge-triggered cell FDRE clocked by clk  {rise@0.000ns fall@2.100ns period=4.200ns})
  Path Group:             clk
  Path Type:              Setup (Max at Slow Process Corner)
  Requirement:            4.200ns  (clk rise@4.200ns - clk rise@0.000ns)
  Data Path Delay:        2.479ns  (logic 0.580ns (23.398%)  route 1.899ns (76.602%))
  Logic Levels:           1  (LUT5=1)
  Clock Path Skew:        -0.049ns (DCD - SCD + CPR)
    Destination Clock Delay (DCD):    0.924ns = ( 5.124 - 4.200 ) 
    Source Clock Delay      (SCD):    0.973ns
    Clock Pessimism Removal (CPR):    0.000ns
  Clock Uncertainty:      0.035ns  ((TSJ^2 + TIJ^2)^1/2 + DJ) / 2 + PE
    Total System Jitter     (TSJ):    0.071ns
    Total Input Jitter      (TIJ):    0.000ns
    Discrete Jitter          (DJ):    0.000ns
    Phase Error              (PE):    0.000ns

    Location             Delay type                Incr(ns)  Path(ns)    Netlist Resource(s)
  -------------------------------------------------------------------    -------------------
                         (clock clk rise edge)        0.000     0.000 r  <hidden>
                                                      0.000     0.000 r  clk
                         net (fo=618, unset)          0.973     0.973    u_core/clk
    SLICE_X28Y26         FDRE                                         r  u_core/layer1_bits_reg[640]/C
  -------------------------------------------------------------------    -------------------
    SLICE_X28Y26         FDRE (Prop_fdre_C_Q)         0.456     1.429 r  u_core/layer1_bits_reg[640]/Q
                         net (fo=6, routed)           1.899     3.328    u_core/u_layer2/lut177/layer1_bits[1]
    SLICE_X35Y19         LUT5 (Prop_lut5_I4_O)        0.124     3.452 r  u_core/u_layer2/lut177/out/O
                         net (fo=1, routed)           0.000     3.452    u_core/layer2_comb[177]
    SLICE_X35Y19         FDRE                                         r  u_core/layer2_bits_reg[177]/D
  -------------------------------------------------------------------    -------------------

                         (clock clk rise edge)        4.200     4.200 r  <hidden>
                                                      0.000     4.200 r  clk
                         net (fo=618, unset)          0.924     5.124    u_core/clk
    SLICE_X35Y19         FDRE                                         r  u_core/layer2_bits_reg[177]/C
                         clock pessimism              0.000     5.124    <hidden>
                         clock uncertainty           -0.035     5.089    <hidden>
    SLICE_X35Y19         FDRE (Setup_fdre_C_D)        0.031     5.120    u_core/layer2_bits_reg[177]
  -------------------------------------------------------------------
                         required time                          5.120    <hidden>
                         arrival time                          -3.452    <hidden>
  -------------------------------------------------------------------
                         slack                                  1.668    <hidden>





Min Delay Paths
--------------------------------------------------------------------------------------
Slack (MET) :             0.096ns  (arrival time - required time)
  Source:                 u_core/layer1_bits_reg[330]/C
                            (rising edge-triggered cell FDRE clocked by clk  {rise@0.000ns fall@2.100ns period=4.200ns})
  Destination:            u_core/layer2_bits_reg[433]/D
                            (rising edge-triggered cell FDRE clocked by clk  {rise@0.000ns fall@2.100ns period=4.200ns})
  Path Group:             clk
  Path Type:              Hold (Min at Fast Process Corner)
  Requirement:            0.000ns  (clk rise@0.000ns - clk rise@0.000ns)
  Data Path Delay:        0.238ns  (logic 0.186ns (78.117%)  route 0.052ns (21.883%))
  Logic Levels:           1  (LUT6=1)
  Clock Path Skew:        0.022ns (DCD - SCD - CPR)
    Destination Clock Delay (DCD):    0.432ns
    Source Clock Delay      (SCD):    0.410ns
    Clock Pessimism Removal (CPR):    -0.000ns

    Location             Delay type                Incr(ns)  Path(ns)    Netlist Resource(s)
  -------------------------------------------------------------------    -------------------
                         (clock clk rise edge)        0.000     0.000 r  <hidden>
                                                      0.000     0.000 r  clk
                         net (fo=618, unset)          0.410     0.410    u_core/clk
    SLICE_X43Y25         FDRE                                         r  u_core/layer1_bits_reg[330]/C
  -------------------------------------------------------------------    -------------------
    SLICE_X43Y25         FDRE (Prop_fdre_C_Q)         0.141     0.551 r  u_core/layer1_bits_reg[330]/Q
                         net (fo=1, routed)           0.052     0.603    u_core/u_layer2/lut433/layer1_bits[1]
    SLICE_X42Y25         LUT6 (Prop_lut6_I4_O)        0.045     0.648 r  u_core/u_layer2/lut433/out/O
                         net (fo=1, routed)           0.000     0.648    u_core/layer2_comb[433]
    SLICE_X42Y25         FDRE                                         r  u_core/layer2_bits_reg[433]/D
  -------------------------------------------------------------------    -------------------

                         (clock clk rise edge)        0.000     0.000 r  <hidden>
                                                      0.000     0.000 r  clk
                         net (fo=618, unset)          0.432     0.432    u_core/clk
    SLICE_X42Y25         FDRE                                         r  u_core/layer2_bits_reg[433]/C
                         clock pessimism              0.000     0.432    <hidden>
    SLICE_X42Y25         FDRE (Hold_fdre_C_D)         0.121     0.553    u_core/layer2_bits_reg[433]
  -------------------------------------------------------------------
                         required time                         -0.553    <hidden>
                         arrival time                           0.648    <hidden>
  -------------------------------------------------------------------
                         slack                                  0.096    <hidden>

Slack (MET) :             0.122ns  (arrival time - required time)
  Source:                 u_core/layer1_bits_reg[57]/C
                            (rising edge-triggered cell FDRE clocked by clk  {rise@0.000ns fall@2.100ns period=4.200ns})
  Destination:            u_core/layer2_bits_reg[76]/D
                            (rising edge-triggered cell FDRE clocked by clk  {rise@0.000ns fall@2.100ns period=4.200ns})
  Path Group:             clk
  Path Type:              Hold (Min at Fast Process Corner)
  Requirement:            0.000ns  (clk rise@0.000ns - clk rise@0.000ns)
  Data Path Delay:        0.264ns  (logic 0.186ns (70.355%)  route 0.078ns (29.645%))
  Logic Levels:           1  (LUT5=1)
  Clock Path Skew:        0.022ns (DCD - SCD - CPR)
    Destination Clock Delay (DCD):    0.432ns
    Source Clock Delay      (SCD):    0.410ns
    Clock Pessimism Removal (CPR):    -0.000ns

    Location             Delay type                Incr(ns)  Path(ns)    Netlist Resource(s)
  -------------------------------------------------------------------    -------------------
                         (clock clk rise edge)        0.000     0.000 r  <hidden>
                                                      0.000     0.000 r  clk
                         net (fo=618, unset)          0.410     0.410    u_core/clk
    SLICE_X39Y23         FDRE                                         r  u_core/layer1_bits_reg[57]/C
  -------------------------------------------------------------------    -------------------
    SLICE_X39Y23         FDRE (Prop_fdre_C_Q)         0.141     0.551 r  u_core/layer1_bits_reg[57]/Q
                         net (fo=3, routed)           0.078     0.630    u_core/u_layer2/lut76/layer1_bits[0]
    SLICE_X38Y23         LUT5 (Prop_lut5_I4_O)        0.045     0.675 r  u_core/u_layer2/lut76/out/O
                         net (fo=1, routed)           0.000     0.675    u_core/layer2_comb[76]
    SLICE_X38Y23         FDRE                                         r  u_core/layer2_bits_reg[76]/D
  -------------------------------------------------------------------    -------------------

                         (clock clk rise edge)        0.000     0.000 r  <hidden>
                                                      0.000     0.000 r  clk
                         net (fo=618, unset)          0.432     0.432    u_core/clk
    SLICE_X38Y23         FDRE                                         r  u_core/layer2_bits_reg[76]/C
                         clock pessimism              0.000     0.432    <hidden>
    SLICE_X38Y23         FDRE (Hold_fdre_C_D)         0.121     0.553    u_core/layer2_bits_reg[76]
  -------------------------------------------------------------------
                         required time                         -0.553    <hidden>
                         arrival time                           0.675    <hidden>
  -------------------------------------------------------------------
                         slack                                  0.122    <hidden>

Slack (MET) :             0.123ns  (arrival time - required time)
  Source:                 u_core/layer1_bits_reg[227]/C
                            (rising edge-triggered cell FDRE clocked by clk  {rise@0.000ns fall@2.100ns period=4.200ns})
  Destination:            u_core/layer2_bits_reg[205]/D
                            (rising edge-triggered cell FDRE clocked by clk  {rise@0.000ns fall@2.100ns period=4.200ns})
  Path Group:             clk
  Path Type:              Hold (Min at Fast Process Corner)
  Requirement:            0.000ns  (clk rise@0.000ns - clk rise@0.000ns)
  Data Path Delay:        0.237ns  (logic 0.186ns (78.504%)  route 0.051ns (21.496%))
  Logic Levels:           1  (LUT4=1)
  Clock Path Skew:        0.022ns (DCD - SCD - CPR)
    Destination Clock Delay (DCD):    0.432ns
    Source Clock Delay      (SCD):    0.410ns
    Clock Pessimism Removal (CPR):    -0.000ns

    Location             Delay type                Incr(ns)  Path(ns)    Netlist Resource(s)
  -------------------------------------------------------------------    -------------------
                         (clock clk rise edge)        0.000     0.000 r  <hidden>
                                                      0.000     0.000 r  clk
                         net (fo=618, unset)          0.410     0.410    u_core/clk
    SLICE_X28Y22         FDRE                                         r  u_core/layer1_bits_reg[227]/C
  -------------------------------------------------------------------    -------------------
    SLICE_X28Y22         FDRE (Prop_fdre_C_Q)         0.141     0.551 f  u_core/layer1_bits_reg[227]/Q
                         net (fo=1, routed)           0.051     0.602    u_core/u_layer2/lut205/layer1_bits[0]
    SLICE_X29Y22         LUT4 (Prop_lut4_I3_O)        0.045     0.647 r  u_core/u_layer2/lut205/out/O
                         net (fo=1, routed)           0.000     0.647    u_core/layer2_comb[205]
    SLICE_X29Y22         FDRE                                         r  u_core/layer2_bits_reg[205]/D
  -------------------------------------------------------------------    -------------------

                         (clock clk rise edge)        0.000     0.000 r  <hidden>
                                                      0.000     0.000 r  clk
                         net (fo=618, unset)          0.432     0.432    u_core/clk
    SLICE_X29Y22         FDRE                                         r  u_core/layer2_bits_reg[205]/C
                         clock pessimism              0.000     0.432    <hidden>
    SLICE_X29Y22         FDRE (Hold_fdre_C_D)         0.092     0.524    u_core/layer2_bits_reg[205]
  -------------------------------------------------------------------
                         required time                         -0.524    <hidden>
                         arrival time                           0.647    <hidden>
  -------------------------------------------------------------------
                         slack                                  0.123    <hidden>

Slack (MET) :             0.125ns  (arrival time - required time)
  Source:                 u_core/layer2_bits_reg[45]/C
                            (rising edge-triggered cell FDRE clocked by clk  {rise@0.000ns fall@2.100ns period=4.200ns})
  Destination:            u_core/layer3_bits_reg[39]/D
                            (rising edge-triggered cell FDRE clocked by clk  {rise@0.000ns fall@2.100ns period=4.200ns})
  Path Group:             clk
  Path Type:              Hold (Min at Fast Process Corner)
  Requirement:            0.000ns  (clk rise@0.000ns - clk rise@0.000ns)
  Data Path Delay:        0.239ns  (logic 0.186ns (77.839%)  route 0.053ns (22.161%))
  Logic Levels:           1  (LUT6=1)
  Clock Path Skew:        0.022ns (DCD - SCD - CPR)
    Destination Clock Delay (DCD):    0.432ns
    Source Clock Delay      (SCD):    0.410ns
    Clock Pessimism Removal (CPR):    -0.000ns

    Location             Delay type                Incr(ns)  Path(ns)    Netlist Resource(s)
  -------------------------------------------------------------------    -------------------
                         (clock clk rise edge)        0.000     0.000 r  <hidden>
                                                      0.000     0.000 r  clk
                         net (fo=618, unset)          0.410     0.410    u_core/clk
    SLICE_X32Y19         FDRE                                         r  u_core/layer2_bits_reg[45]/C
  -------------------------------------------------------------------    -------------------
    SLICE_X32Y19         FDRE (Prop_fdre_C_Q)         0.141     0.551 r  u_core/layer2_bits_reg[45]/Q
                         net (fo=1, routed)           0.053     0.604    u_core/u_layer3/lut39/layer2_bits[2]
    SLICE_X33Y19         LUT6 (Prop_lut6_I1_O)        0.045     0.649 r  u_core/u_layer3/lut39/out/O
                         net (fo=1, routed)           0.000     0.649    u_core/layer3_comb[39]
    SLICE_X33Y19         FDRE                                         r  u_core/layer3_bits_reg[39]/D
  -------------------------------------------------------------------    -------------------

                         (clock clk rise edge)        0.000     0.000 r  <hidden>
                                                      0.000     0.000 r  clk
                         net (fo=618, unset)          0.432     0.432    u_core/clk
    SLICE_X33Y19         FDRE                                         r  u_core/layer3_bits_reg[39]/C
                         clock pessimism              0.000     0.432    <hidden>
    SLICE_X33Y19         FDRE (Hold_fdre_C_D)         0.092     0.524    u_core/layer3_bits_reg[39]
  -------------------------------------------------------------------
                         required time                         -0.524    <hidden>
                         arrival time                           0.649    <hidden>
  -------------------------------------------------------------------
                         slack                                  0.125    <hidden>

Slack (MET) :             0.131ns  (arrival time - required time)
  Source:                 u_core/layer1_bits_reg[384]/C
                            (rising edge-triggered cell FDRE clocked by clk  {rise@0.000ns fall@2.100ns period=4.200ns})
  Destination:            u_core/layer2_bits_reg[429]/D
                            (rising edge-triggered cell FDRE clocked by clk  {rise@0.000ns fall@2.100ns period=4.200ns})
  Path Group:             clk
  Path Type:              Hold (Min at Fast Process Corner)
  Requirement:            0.000ns  (clk rise@0.000ns - clk rise@0.000ns)
  Data Path Delay:        0.244ns  (logic 0.186ns (76.126%)  route 0.058ns (23.874%))
  Logic Levels:           1  (LUT5=1)
  Clock Path Skew:        0.022ns (DCD - SCD - CPR)
    Destination Clock Delay (DCD):    0.432ns
    Source Clock Delay      (SCD):    0.410ns
    Clock Pessimism Removal (CPR):    -0.000ns

    Location             Delay type                Incr(ns)  Path(ns)    Netlist Resource(s)
  -------------------------------------------------------------------    -------------------
                         (clock clk rise edge)        0.000     0.000 r  <hidden>
                                                      0.000     0.000 r  clk
                         net (fo=618, unset)          0.410     0.410    u_core/clk
    SLICE_X45Y24         FDRE                                         r  u_core/layer1_bits_reg[384]/C
  -------------------------------------------------------------------    -------------------
    SLICE_X45Y24         FDRE (Prop_fdre_C_Q)         0.141     0.551 r  u_core/layer1_bits_reg[384]/Q
                         net (fo=1, routed)           0.058     0.609    u_core/u_layer2/lut429/layer1_bits[1]
    SLICE_X44Y24         LUT5 (Prop_lut5_I2_O)        0.045     0.654 r  u_core/u_layer2/lut429/out/O
                         net (fo=1, routed)           0.000     0.654    u_core/layer2_comb[429]
    SLICE_X44Y24         FDRE                                         r  u_core/layer2_bits_reg[429]/D
  -------------------------------------------------------------------    -------------------

                         (clock clk rise edge)        0.000     0.000 r  <hidden>
                                                      0.000     0.000 r  clk
                         net (fo=618, unset)          0.432     0.432    u_core/clk
    SLICE_X44Y24         FDRE                                         r  u_core/layer2_bits_reg[429]/C
                         clock pessimism              0.000     0.432    <hidden>
    SLICE_X44Y24         FDRE (Hold_fdre_C_D)         0.092     0.524    u_core/layer2_bits_reg[429]
  -------------------------------------------------------------------
                         required time                         -0.524    <hidden>
                         arrival time                           0.654    <hidden>
  -------------------------------------------------------------------
                         slack                                  0.131    <hidden>

Slack (MET) :             0.132ns  (arrival time - required time)
  Source:                 u_core/layer1_bits_reg[631]/C
                            (rising edge-triggered cell FDRE clocked by clk  {rise@0.000ns fall@2.100ns period=4.200ns})
  Destination:            u_core/layer2_bits_reg[307]/D
                            (rising edge-triggered cell FDRE clocked by clk  {rise@0.000ns fall@2.100ns period=4.200ns})
  Path Group:             clk
  Path Type:              Hold (Min at Fast Process Corner)
  Requirement:            0.000ns  (clk rise@0.000ns - clk rise@0.000ns)
  Data Path Delay:        0.245ns  (logic 0.186ns (75.768%)  route 0.059ns (24.232%))
  Logic Levels:           1  (LUT6=1)
  Clock Path Skew:        0.022ns (DCD - SCD - CPR)
    Destination Clock Delay (DCD):    0.432ns
    Source Clock Delay      (SCD):    0.410ns
    Clock Pessimism Removal (CPR):    -0.000ns

    Location             Delay type                Incr(ns)  Path(ns)    Netlist Resource(s)
  -------------------------------------------------------------------    -------------------
                         (clock clk rise edge)        0.000     0.000 r  <hidden>
                                                      0.000     0.000 r  clk
                         net (fo=618, unset)          0.410     0.410    u_core/clk
    SLICE_X45Y22         FDRE                                         r  u_core/layer1_bits_reg[631]/C
  -------------------------------------------------------------------    -------------------
    SLICE_X45Y22         FDRE (Prop_fdre_C_Q)         0.141     0.551 r  u_core/layer1_bits_reg[631]/Q
                         net (fo=1, routed)           0.059     0.611    u_core/u_layer2/lut307/layer1_bits[4]
    SLICE_X44Y22         LUT6 (Prop_lut6_I3_O)        0.045     0.656 r  u_core/u_layer2/lut307/out/O
                         net (fo=1, routed)           0.000     0.656    u_core/layer2_comb[307]
    SLICE_X44Y22         FDRE                                         r  u_core/layer2_bits_reg[307]/D
  -------------------------------------------------------------------    -------------------

                         (clock clk rise edge)        0.000     0.000 r  <hidden>
                                                      0.000     0.000 r  clk
                         net (fo=618, unset)          0.432     0.432    u_core/clk
    SLICE_X44Y22         FDRE                                         r  u_core/layer2_bits_reg[307]/C
                         clock pessimism              0.000     0.432    <hidden>
    SLICE_X44Y22         FDRE (Hold_fdre_C_D)         0.092     0.524    u_core/layer2_bits_reg[307]
  -------------------------------------------------------------------
                         required time                         -0.524    <hidden>
                         arrival time                           0.656    <hidden>
  -------------------------------------------------------------------
                         slack                                  0.132    <hidden>

Slack (MET) :             0.134ns  (arrival time - required time)
  Source:                 u_core/layer1_bits_reg[82]/C
                            (rising edge-triggered cell FDRE clocked by clk  {rise@0.000ns fall@2.100ns period=4.200ns})
  Destination:            u_core/layer2_bits_reg[226]/D
                            (rising edge-triggered cell FDRE clocked by clk  {rise@0.000ns fall@2.100ns period=4.200ns})
  Path Group:             clk
  Path Type:              Hold (Min at Fast Process Corner)
  Requirement:            0.000ns  (clk rise@0.000ns - clk rise@0.000ns)
  Data Path Delay:        0.277ns  (logic 0.186ns (67.227%)  route 0.091ns (32.773%))
  Logic Levels:           1  (LUT6=1)
  Clock Path Skew:        0.022ns (DCD - SCD - CPR)
    Destination Clock Delay (DCD):    0.432ns
    Source Clock Delay      (SCD):    0.410ns
    Clock Pessimism Removal (CPR):    -0.000ns

    Location             Delay type                Incr(ns)  Path(ns)    Netlist Resource(s)
  -------------------------------------------------------------------    -------------------
                         (clock clk rise edge)        0.000     0.000 r  <hidden>
                                                      0.000     0.000 r  clk
                         net (fo=618, unset)          0.410     0.410    u_core/clk
    SLICE_X39Y22         FDRE                                         r  u_core/layer1_bits_reg[82]/C
  -------------------------------------------------------------------    -------------------
    SLICE_X39Y22         FDRE (Prop_fdre_C_Q)         0.141     0.551 r  u_core/layer1_bits_reg[82]/Q
                         net (fo=4, routed)           0.091     0.642    u_core/u_layer2/lut226/layer1_bits[0]
    SLICE_X38Y22         LUT6 (Prop_lut6_I2_O)        0.045     0.687 r  u_core/u_layer2/lut226/out/O
                         net (fo=1, routed)           0.000     0.687    u_core/layer2_comb[226]
    SLICE_X38Y22         FDRE                                         r  u_core/layer2_bits_reg[226]/D
  -------------------------------------------------------------------    -------------------

                         (clock clk rise edge)        0.000     0.000 r  <hidden>
                                                      0.000     0.000 r  clk
                         net (fo=618, unset)          0.432     0.432    u_core/clk
    SLICE_X38Y22         FDRE                                         r  u_core/layer2_bits_reg[226]/C
                         clock pessimism              0.000     0.432    <hidden>
    SLICE_X38Y22         FDRE (Hold_fdre_C_D)         0.121     0.553    u_core/layer2_bits_reg[226]
  -------------------------------------------------------------------
                         required time                         -0.553    <hidden>
                         arrival time                           0.687    <hidden>
  -------------------------------------------------------------------
                         slack                                  0.134    <hidden>

Slack (MET) :             0.142ns  (arrival time - required time)
  Source:                 u_core/layer1_bits_reg[502]/C
                            (rising edge-triggered cell FDRE clocked by clk  {rise@0.000ns fall@2.100ns period=4.200ns})
  Destination:            u_core/layer2_bits_reg[12]/D
                            (rising edge-triggered cell FDRE clocked by clk  {rise@0.000ns fall@2.100ns period=4.200ns})
  Path Group:             clk
  Path Type:              Hold (Min at Fast Process Corner)
  Requirement:            0.000ns  (clk rise@0.000ns - clk rise@0.000ns)
  Data Path Delay:        0.256ns  (logic 0.186ns (72.764%)  route 0.070ns (27.236%))
  Logic Levels:           1  (LUT6=1)
  Clock Path Skew:        0.022ns (DCD - SCD - CPR)
    Destination Clock Delay (DCD):    0.432ns
    Source Clock Delay      (SCD):    0.410ns
    Clock Pessimism Removal (CPR):    -0.000ns

    Location             Delay type                Incr(ns)  Path(ns)    Netlist Resource(s)
  -------------------------------------------------------------------    -------------------
                         (clock clk rise edge)        0.000     0.000 r  <hidden>
                                                      0.000     0.000 r  clk
                         net (fo=618, unset)          0.410     0.410    u_core/clk
    SLICE_X41Y25         FDRE                                         r  u_core/layer1_bits_reg[502]/C
  -------------------------------------------------------------------    -------------------
    SLICE_X41Y25         FDRE (Prop_fdre_C_Q)         0.141     0.551 r  u_core/layer1_bits_reg[502]/Q
                         net (fo=2, routed)           0.070     0.621    u_core/u_layer2/lut12/layer1_bits[3]
    SLICE_X40Y25         LUT6 (Prop_lut6_I2_O)        0.045     0.666 r  u_core/u_layer2/lut12/out/O
                         net (fo=1, routed)           0.000     0.666    u_core/layer2_comb[12]
    SLICE_X40Y25         FDRE                                         r  u_core/layer2_bits_reg[12]/D
  -------------------------------------------------------------------    -------------------

                         (clock clk rise edge)        0.000     0.000 r  <hidden>
                                                      0.000     0.000 r  clk
                         net (fo=618, unset)          0.432     0.432    u_core/clk
    SLICE_X40Y25         FDRE                                         r  u_core/layer2_bits_reg[12]/C
                         clock pessimism              0.000     0.432    <hidden>
    SLICE_X40Y25         FDRE (Hold_fdre_C_D)         0.092     0.524    u_core/layer2_bits_reg[12]
  -------------------------------------------------------------------
                         required time                         -0.524    <hidden>
                         arrival time                           0.666    <hidden>
  -------------------------------------------------------------------
                         slack                                  0.142    <hidden>

Slack (MET) :             0.143ns  (arrival time - required time)
  Source:                 u_core/layer1_bits_reg[837]/C
                            (rising edge-triggered cell FDRE clocked by clk  {rise@0.000ns fall@2.100ns period=4.200ns})
  Destination:            u_core/layer2_bits_reg[34]/D
                            (rising edge-triggered cell FDRE clocked by clk  {rise@0.000ns fall@2.100ns period=4.200ns})
  Path Group:             clk
  Path Type:              Hold (Min at Fast Process Corner)
  Requirement:            0.000ns  (clk rise@0.000ns - clk rise@0.000ns)
  Data Path Delay:        0.256ns  (logic 0.186ns (72.524%)  route 0.070ns (27.476%))
  Logic Levels:           1  (LUT6=1)
  Clock Path Skew:        0.022ns (DCD - SCD - CPR)
    Destination Clock Delay (DCD):    0.432ns
    Source Clock Delay      (SCD):    0.410ns
    Clock Pessimism Removal (CPR):    -0.000ns

    Location             Delay type                Incr(ns)  Path(ns)    Netlist Resource(s)
  -------------------------------------------------------------------    -------------------
                         (clock clk rise edge)        0.000     0.000 r  <hidden>
                                                      0.000     0.000 r  clk
                         net (fo=618, unset)          0.410     0.410    u_core/clk
    SLICE_X37Y25         FDRE                                         r  u_core/layer1_bits_reg[837]/C
  -------------------------------------------------------------------    -------------------
    SLICE_X37Y25         FDRE (Prop_fdre_C_Q)         0.141     0.551 r  u_core/layer1_bits_reg[837]/Q
                         net (fo=3, routed)           0.070     0.622    u_core/u_layer2/lut34/layer1_bits[5]
    SLICE_X36Y25         LUT6 (Prop_lut6_I4_O)        0.045     0.667 r  u_core/u_layer2/lut34/out/O
                         net (fo=1, routed)           0.000     0.667    u_core/layer2_comb[34]
    SLICE_X36Y25         FDRE                                         r  u_core/layer2_bits_reg[34]/D
  -------------------------------------------------------------------    -------------------

                         (clock clk rise edge)        0.000     0.000 r  <hidden>
                                                      0.000     0.000 r  clk
                         net (fo=618, unset)          0.432     0.432    u_core/clk
    SLICE_X36Y25         FDRE                                         r  u_core/layer2_bits_reg[34]/C
                         clock pessimism              0.000     0.432    <hidden>
    SLICE_X36Y25         FDRE (Hold_fdre_C_D)         0.092     0.524    u_core/layer2_bits_reg[34]
  -------------------------------------------------------------------
                         required time                         -0.524    <hidden>
                         arrival time                           0.667    <hidden>
  -------------------------------------------------------------------
                         slack                                  0.143    <hidden>

Slack (MET) :             0.144ns  (arrival time - required time)
  Source:                 u_core/layer2_bits_reg[359]/C
                            (rising edge-triggered cell FDRE clocked by clk  {rise@0.000ns fall@2.100ns period=4.200ns})
  Destination:            u_core/layer3_bits_reg[9]/D
                            (rising edge-triggered cell FDRE clocked by clk  {rise@0.000ns fall@2.100ns period=4.200ns})
  Path Group:             clk
  Path Type:              Hold (Min at Fast Process Corner)
  Requirement:            0.000ns  (clk rise@0.000ns - clk rise@0.000ns)
  Data Path Delay:        0.287ns  (logic 0.186ns (64.803%)  route 0.101ns (35.197%))
  Logic Levels:           1  (LUT5=1)
  Clock Path Skew:        0.022ns (DCD - SCD - CPR)
    Destination Clock Delay (DCD):    0.432ns
    Source Clock Delay      (SCD):    0.410ns
    Clock Pessimism Removal (CPR):    -0.000ns

    Location             Delay type                Incr(ns)  Path(ns)    Netlist Resource(s)
  -------------------------------------------------------------------    -------------------
                         (clock clk rise edge)        0.000     0.000 r  <hidden>
                                                      0.000     0.000 r  clk
                         net (fo=618, unset)          0.410     0.410    u_core/clk
    SLICE_X36Y22         FDRE                                         r  u_core/layer2_bits_reg[359]/C
  -------------------------------------------------------------------    -------------------
    SLICE_X36Y22         FDRE (Prop_fdre_C_Q)         0.141     0.551 r  u_core/layer2_bits_reg[359]/Q
                         net (fo=1, routed)           0.101     0.652    u_core/u_layer3/lut9/layer2_bits[4]
    SLICE_X34Y22         LUT5 (Prop_lut5_I1_O)        0.045     0.697 r  u_core/u_layer3/lut9/out/O
                         net (fo=1, routed)           0.000     0.697    u_core/layer3_comb[9]
    SLICE_X34Y22         FDRE                                         r  u_core/layer3_bits_reg[9]/D
  -------------------------------------------------------------------    -------------------

                         (clock clk rise edge)        0.000     0.000 r  <hidden>
                                                      0.000     0.000 r  clk
                         net (fo=618, unset)          0.432     0.432    u_core/clk
    SLICE_X34Y22         FDRE                                         r  u_core/layer3_bits_reg[9]/C
                         clock pessimism              0.000     0.432    <hidden>
    SLICE_X34Y22         FDRE (Hold_fdre_C_D)         0.121     0.553    u_core/layer3_bits_reg[9]
  -------------------------------------------------------------------
                         required time                         -0.553    <hidden>
                         arrival time                           0.697    <hidden>
  -------------------------------------------------------------------
                         slack                                  0.144    <hidden>





Pulse Width Checks
--------------------------------------------------------------------------------------
Clock Name:         clk
Waveform(ns):       { 0.000 2.100 }
Period(ns):         4.200
Sources:            { clk }

Check Type        Corner  Lib Pin  Reference Pin  Required(ns)  Actual(ns)  Slack(ns)  Location       Pin
Min Period        n/a     FDRE/C   n/a            1.000         4.200       3.200      SLICE_X28Y25   flip_reg/C
Min Period        n/a     FDRE/C   n/a            1.000         4.200       3.200      SLICE_X53Y100  out_valid_reg/C
Min Period        n/a     FDRE/C   n/a            1.000         4.200       3.200      SLICE_X52Y100  valid_pipe_reg[0]/C
Min Period        n/a     FDRE/C   n/a            1.000         4.200       3.200      SLICE_X52Y100  valid_pipe_reg[1]/C
Min Period        n/a     FDRE/C   n/a            1.000         4.200       3.200      SLICE_X52Y100  valid_pipe_reg[2]/C
Min Period        n/a     FDRE/C   n/a            1.000         4.200       3.200      SLICE_X52Y100  valid_pipe_reg[3]/C
Min Period        n/a     FDRE/C   n/a            1.000         4.200       3.200      SLICE_X41Y21   u_core/layer1_bits_reg[1000]/C
Min Period        n/a     FDRE/C   n/a            1.000         4.200       3.200      SLICE_X30Y22   u_core/layer1_bits_reg[1002]/C
Min Period        n/a     FDRE/C   n/a            1.000         4.200       3.200      SLICE_X25Y26   u_core/layer1_bits_reg[1009]/C
Min Period        n/a     FDRE/C   n/a            1.000         4.200       3.200      SLICE_X24Y22   u_core/layer1_bits_reg[1018]/C
Low Pulse Width   Slow    FDRE/C   n/a            0.500         2.100       1.600      SLICE_X28Y25   flip_reg/C
Low Pulse Width   Fast    FDRE/C   n/a            0.500         2.100       1.600      SLICE_X28Y25   flip_reg/C
Low Pulse Width   Slow    FDRE/C   n/a            0.500         2.100       1.600      SLICE_X53Y100  out_valid_reg/C
Low Pulse Width   Fast    FDRE/C   n/a            0.500         2.100       1.600      SLICE_X53Y100  out_valid_reg/C
Low Pulse Width   Slow    FDRE/C   n/a            0.500         2.100       1.600      SLICE_X52Y100  valid_pipe_reg[0]/C
Low Pulse Width   Fast    FDRE/C   n/a            0.500         2.100       1.600      SLICE_X52Y100  valid_pipe_reg[0]/C
Low Pulse Width   Slow    FDRE/C   n/a            0.500         2.100       1.600      SLICE_X52Y100  valid_pipe_reg[1]/C
Low Pulse Width   Fast    FDRE/C   n/a            0.500         2.100       1.600      SLICE_X52Y100  valid_pipe_reg[1]/C
Low Pulse Width   Slow    FDRE/C   n/a            0.500         2.100       1.600      SLICE_X52Y100  valid_pipe_reg[2]/C
Low Pulse Width   Fast    FDRE/C   n/a            0.500         2.100       1.600      SLICE_X52Y100  valid_pipe_reg[2]/C
High Pulse Width  Slow    FDRE/C   n/a            0.500         2.100       1.600      SLICE_X28Y25   flip_reg/C
High Pulse Width  Fast    FDRE/C   n/a            0.500         2.100       1.600      SLICE_X28Y25   flip_reg/C
High Pulse Width  Slow    FDRE/C   n/a            0.500         2.100       1.600      SLICE_X53Y100  out_valid_reg/C
High Pulse Width  Fast    FDRE/C   n/a            0.500         2.100       1.600      SLICE_X53Y100  out_valid_reg/C
High Pulse Width  Slow    FDRE/C   n/a            0.500         2.100       1.600      SLICE_X52Y100  valid_pipe_reg[0]/C
High Pulse Width  Fast    FDRE/C   n/a            0.500         2.100       1.600      SLICE_X52Y100  valid_pipe_reg[0]/C
High Pulse Width  Slow    FDRE/C   n/a            0.500         2.100       1.600      SLICE_X52Y100  valid_pipe_reg[1]/C
High Pulse Width  Fast    FDRE/C   n/a            0.500         2.100       1.600      SLICE_X52Y100  valid_pipe_reg[1]/C
High Pulse Width  Slow    FDRE/C   n/a            0.500         2.100       1.600      SLICE_X52Y100  valid_pipe_reg[2]/C
High Pulse Width  Fast    FDRE/C   n/a            0.500         2.100       1.600      SLICE_X52Y100  valid_pipe_reg[2]/C



