Copyright 1986-2022 Xilinx, Inc. All Rights Reserved. Copyright 2022-2026 Advanced Micro Devices, Inc. All Rights Reserved.
---------------------------------------------------------------------------------------------------------------------------------------------
| Tool Version : Vivado v.2026.1 (win64) Build 6511674 Tue Jun 16 11:02:23 MDT 2026
| Date         : Mon Sep 14 18:17:13 2026
| Host         : Yagiz running 64-bit major release  (build 9200)
| Command      : report_timing_summary -max_paths 10 -file synth/reports/syndrome_frontend_timing.rpt
| Design       : syndrome_frontend
| Device       : 7a100t-csg324
| Speed File   : -1  PRODUCTION 1.23 2018-06-13
| Design State : Routed
---------------------------------------------------------------------------------------------------------------------------------------------

Timing Summary Report

------------------------------------------------------------------------------------------------
| Timer Settings
| --------------
------------------------------------------------------------------------------------------------

  Enable Multi Corner Analysis               :  Yes
  Enable Pessimism Removal                   :  Yes
  Pessimism Removal Resolution               :  Nearest Common Node
  Enable Input Delay Default Clock           :  No
  Enable Preset / Clear Arcs                 :  No
  Disable Flight Delays                      :  No
  Ignore I/O Paths                           :  No
  Timing Early Launch at Borrowing Latches   :  No
  Borrow Time for Max Delay Exceptions       :  Yes
  Merge Timing Exceptions                    :  Yes
  Inter-SLR Compensation                     :  Conservative

  Corner  Analyze    Analyze    
  Name    Max Paths  Min Paths  
  ------  ---------  ---------  
  Slow    Yes        Yes        
  Fast    Yes        Yes        


------------------------------------------------------------------------------------------------
| Report Methodology
| ------------------
------------------------------------------------------------------------------------------------

No report available as report_methodology has not been run prior. Run report_methodology on the current design for the summary of methodology violations.



check_timing report

Table of Contents
-----------------
1. checking no_clock (0)
2. checking constant_clock (0)
3. checking pulse_width_clock (0)
4. checking unconstrained_internal_endpoints (0)
5. checking no_input_delay (20)
6. checking no_output_delay (25)
7. checking multiple_clock (0)
8. checking generated_clocks (0)
9. checking loops (0)
10. checking partial_input_delay (0)
11. checking partial_output_delay (0)
12. checking latch_loops (0)

1. checking no_clock (0)
------------------------
 There are 0 register/latch pins with no clock.


2. checking constant_clock (0)
------------------------------
 There are 0 register/latch pins with constant_clock.


3. checking pulse_width_clock (0)
---------------------------------
 There are 0 register/latch pins which need pulse_width check


4. checking unconstrained_internal_endpoints (0)
------------------------------------------------
 There are 0 pins that are not constrained for maximum delay.

 There are 0 pins that are not constrained for maximum delay due to constant clock.


5. checking no_input_delay (20)
-------------------------------
 There are 20 input ports with no input delay specified. (HIGH)

 There are 0 input ports with no input delay but user has a false path constraint.


6. checking no_output_delay (25)
--------------------------------
 There are 25 ports with no output delay specified. (HIGH)

 There are 0 ports with no output delay but user has a false path constraint

 There are 0 ports with no output delay but with a timing clock defined on it or propagating through it


7. checking multiple_clock (0)
------------------------------
 There are 0 register/latch pins with multiple clocks.


8. checking generated_clocks (0)
--------------------------------
 There are 0 generated clocks that are not connected to a clock source.


9. checking loops (0)
---------------------
 There are 0 combinational loops in the design.


10. checking partial_input_delay (0)
------------------------------------
 There are 0 input ports with partial input delay specified.


11. checking partial_output_delay (0)
-------------------------------------
 There are 0 ports with partial output delay specified.


12. checking latch_loops (0)
----------------------------
 There are 0 combinational latch loops in the design through latch input



------------------------------------------------------------------------------------------------
| Design Timing Summary
| ---------------------
------------------------------------------------------------------------------------------------

    WNS(ns)      TNS(ns)  TNS Failing Endpoints  TNS Total Endpoints      WHS(ns)      THS(ns)  THS Failing Endpoints  THS Total Endpoints     WPWS(ns)     TPWS(ns)  TPWS Failing Endpoints  TPWS Total Endpoints  
    -------      -------  ---------------------  -------------------      -------      -------  ---------------------  -------------------     --------     --------  ----------------------  --------------------  
      1.425        0.000                      0                   46        0.216        0.000                      0                   46        1.500        0.000                       0                    35  


All user specified timing constraints are met.


------------------------------------------------------------------------------------------------
| Clock Summary
| -------------
------------------------------------------------------------------------------------------------

Clock  Waveform(ns)         Period(ns)      Frequency(MHz)
-----  ------------         ----------      --------------
clk    {0.000 2.000}        4.000           250.000         


------------------------------------------------------------------------------------------------
| Intra Clock Table
| -----------------
------------------------------------------------------------------------------------------------

Clock             WNS(ns)      TNS(ns)  TNS Failing Endpoints  TNS Total Endpoints      WHS(ns)      THS(ns)  THS Failing Endpoints  THS Total Endpoints     WPWS(ns)     TPWS(ns)  TPWS Failing Endpoints  TPWS Total Endpoints  
-----             -------      -------  ---------------------  -------------------      -------      -------  ---------------------  -------------------     --------     --------  ----------------------  --------------------  
clk                 1.425        0.000                      0                   46        0.216        0.000                      0                   46        1.500        0.000                       0                    35  


------------------------------------------------------------------------------------------------
| Inter Clock Table
| -----------------
------------------------------------------------------------------------------------------------

From Clock    To Clock          WNS(ns)      TNS(ns)  TNS Failing Endpoints  TNS Total Endpoints      WHS(ns)      THS(ns)  THS Failing Endpoints  THS Total Endpoints  
----------    --------          -------      -------  ---------------------  -------------------      -------      -------  ---------------------  -------------------  


------------------------------------------------------------------------------------------------
| Other Path Groups Table
| -----------------------
------------------------------------------------------------------------------------------------

Path Group    From Clock    To Clock          WNS(ns)      TNS(ns)  TNS Failing Endpoints  TNS Total Endpoints      WHS(ns)      THS(ns)  THS Failing Endpoints  THS Total Endpoints  
----------    ----------    --------          -------      -------  ---------------------  -------------------      -------      -------  ---------------------  -------------------  


------------------------------------------------------------------------------------------------
| Timing Details
| --------------
------------------------------------------------------------------------------------------------


---------------------------------------------------------------------------------------------------
From Clock:  clk
  To Clock:  clk

Setup :            0  Failing Endpoints,  Worst Slack        1.425ns,  Total Violation        0.000ns
Hold  :            0  Failing Endpoints,  Worst Slack        0.216ns,  Total Violation        0.000ns
PW    :            0  Failing Endpoints,  Worst Slack        1.500ns,  Total Violation        0.000ns
---------------------------------------------------------------------------------------------------


Max Delay Paths
--------------------------------------------------------------------------------------
Slack (MET) :             1.425ns  (required time - arrival time)
  Source:                 index_reg[1]/C
                            (rising edge-triggered cell FDRE clocked by clk  {rise@0.000ns fall@2.000ns period=4.000ns})
  Destination:            det_reg[10]/CE
                            (rising edge-triggered cell FDRE clocked by clk  {rise@0.000ns fall@2.000ns period=4.000ns})
  Path Group:             clk
  Path Type:              Setup (Max at Slow Process Corner)
  Requirement:            4.000ns  (clk rise@4.000ns - clk rise@0.000ns)
  Data Path Delay:        2.114ns  (logic 0.746ns (35.283%)  route 1.368ns (64.717%))
  Logic Levels:           1  (LUT3=1)
  Clock Path Skew:        -0.049ns (DCD - SCD + CPR)
    Destination Clock Delay (DCD):    0.924ns = ( 4.924 - 4.000 ) 
    Source Clock Delay      (SCD):    0.973ns
    Clock Pessimism Removal (CPR):    0.000ns
  Clock Uncertainty:      0.035ns  ((TSJ^2 + TIJ^2)^1/2 + DJ) / 2 + PE
    Total System Jitter     (TSJ):    0.071ns
    Total Input Jitter      (TIJ):    0.000ns
    Discrete Jitter          (DJ):    0.000ns
    Phase Error              (PE):    0.000ns

    Location             Delay type                Incr(ns)  Path(ns)    Netlist Resource(s)
  -------------------------------------------------------------------    -------------------
                         (clock clk rise edge)        0.000     0.000 r  <hidden>
                                                      0.000     0.000 r  clk
                         net (fo=34, unset)           0.973     0.973    clk
    SLICE_X13Y37         FDRE                                         r  index_reg[1]/C
  -------------------------------------------------------------------    -------------------
    SLICE_X13Y37         FDRE (Prop_fdre_C_Q)         0.419     1.392 f  index_reg[1]/Q
                         net (fo=9, routed)           0.891     2.283    index[1]
    SLICE_X13Y37         LUT3 (Prop_lut3_I0_O)        0.327     2.610 r  det[11]_i_1/O
                         net (fo=8, routed)           0.478     3.087    det[11]_i_1_n_0
    SLICE_X12Y36         FDRE                                         r  det_reg[10]/CE
  -------------------------------------------------------------------    -------------------

                         (clock clk rise edge)        4.000     4.000 r  <hidden>
                                                      0.000     4.000 r  clk
                         net (fo=34, unset)           0.924     4.924    clk
    SLICE_X12Y36         FDRE                                         r  det_reg[10]/C
                         clock pessimism              0.000     4.924    <hidden>
                         clock uncertainty           -0.035     4.889    <hidden>
    SLICE_X12Y36         FDRE (Setup_fdre_C_CE)      -0.377     4.512    det_reg[10]
  -------------------------------------------------------------------
                         required time                          4.512    <hidden>
                         arrival time                          -3.087    <hidden>
  -------------------------------------------------------------------
                         slack                                  1.425    <hidden>

Slack (MET) :             1.425ns  (required time - arrival time)
  Source:                 index_reg[1]/C
                            (rising edge-triggered cell FDRE clocked by clk  {rise@0.000ns fall@2.000ns period=4.000ns})
  Destination:            det_reg[11]/CE
                            (rising edge-triggered cell FDRE clocked by clk  {rise@0.000ns fall@2.000ns period=4.000ns})
  Path Group:             clk
  Path Type:              Setup (Max at Slow Process Corner)
  Requirement:            4.000ns  (clk rise@4.000ns - clk rise@0.000ns)
  Data Path Delay:        2.114ns  (logic 0.746ns (35.283%)  route 1.368ns (64.717%))
  Logic Levels:           1  (LUT3=1)
  Clock Path Skew:        -0.049ns (DCD - SCD + CPR)
    Destination Clock Delay (DCD):    0.924ns = ( 4.924 - 4.000 ) 
    Source Clock Delay      (SCD):    0.973ns
    Clock Pessimism Removal (CPR):    0.000ns
  Clock Uncertainty:      0.035ns  ((TSJ^2 + TIJ^2)^1/2 + DJ) / 2 + PE
    Total System Jitter     (TSJ):    0.071ns
    Total Input Jitter      (TIJ):    0.000ns
    Discrete Jitter          (DJ):    0.000ns
    Phase Error              (PE):    0.000ns

    Location             Delay type                Incr(ns)  Path(ns)    Netlist Resource(s)
  -------------------------------------------------------------------    -------------------
                         (clock clk rise edge)        0.000     0.000 r  <hidden>
                                                      0.000     0.000 r  clk
                         net (fo=34, unset)           0.973     0.973    clk
    SLICE_X13Y37         FDRE                                         r  index_reg[1]/C
  -------------------------------------------------------------------    -------------------
    SLICE_X13Y37         FDRE (Prop_fdre_C_Q)         0.419     1.392 f  index_reg[1]/Q
                         net (fo=9, routed)           0.891     2.283    index[1]
    SLICE_X13Y37         LUT3 (Prop_lut3_I0_O)        0.327     2.610 r  det[11]_i_1/O
                         net (fo=8, routed)           0.478     3.087    det[11]_i_1_n_0
    SLICE_X12Y36         FDRE                                         r  det_reg[11]/CE
  -------------------------------------------------------------------    -------------------

                         (clock clk rise edge)        4.000     4.000 r  <hidden>
                                                      0.000     4.000 r  clk
                         net (fo=34, unset)           0.924     4.924    clk
    SLICE_X12Y36         FDRE                                         r  det_reg[11]/C
                         clock pessimism              0.000     4.924    <hidden>
                         clock uncertainty           -0.035     4.889    <hidden>
    SLICE_X12Y36         FDRE (Setup_fdre_C_CE)      -0.377     4.512    det_reg[11]
  -------------------------------------------------------------------
                         required time                          4.512    <hidden>
                         arrival time                          -3.087    <hidden>
  -------------------------------------------------------------------
                         slack                                  1.425    <hidden>

Slack (MET) :             1.425ns  (required time - arrival time)
  Source:                 index_reg[1]/C
                            (rising edge-triggered cell FDRE clocked by clk  {rise@0.000ns fall@2.000ns period=4.000ns})
  Destination:            det_reg[4]/CE
                            (rising edge-triggered cell FDRE clocked by clk  {rise@0.000ns fall@2.000ns period=4.000ns})
  Path Group:             clk
  Path Type:              Setup (Max at Slow Process Corner)
  Requirement:            4.000ns  (clk rise@4.000ns - clk rise@0.000ns)
  Data Path Delay:        2.114ns  (logic 0.746ns (35.283%)  route 1.368ns (64.717%))
  Logic Levels:           1  (LUT3=1)
  Clock Path Skew:        -0.049ns (DCD - SCD + CPR)
    Destination Clock Delay (DCD):    0.924ns = ( 4.924 - 4.000 ) 
    Source Clock Delay      (SCD):    0.973ns
    Clock Pessimism Removal (CPR):    0.000ns
  Clock Uncertainty:      0.035ns  ((TSJ^2 + TIJ^2)^1/2 + DJ) / 2 + PE
    Total System Jitter     (TSJ):    0.071ns
    Total Input Jitter      (TIJ):    0.000ns
    Discrete Jitter          (DJ):    0.000ns
    Phase Error              (PE):    0.000ns

    Location             Delay type                Incr(ns)  Path(ns)    Netlist Resource(s)
  -------------------------------------------------------------------    -------------------
                         (clock clk rise edge)        0.000     0.000 r  <hidden>
                                                      0.000     0.000 r  clk
                         net (fo=34, unset)           0.973     0.973    clk
    SLICE_X13Y37         FDRE                                         r  index_reg[1]/C
  -------------------------------------------------------------------    -------------------
    SLICE_X13Y37         FDRE (Prop_fdre_C_Q)         0.419     1.392 f  index_reg[1]/Q
                         net (fo=9, routed)           0.891     2.283    index[1]
    SLICE_X13Y37         LUT3 (Prop_lut3_I0_O)        0.327     2.610 r  det[11]_i_1/O
                         net (fo=8, routed)           0.478     3.087    det[11]_i_1_n_0
    SLICE_X12Y36         FDRE                                         r  det_reg[4]/CE
  -------------------------------------------------------------------    -------------------

                         (clock clk rise edge)        4.000     4.000 r  <hidden>
                                                      0.000     4.000 r  clk
                         net (fo=34, unset)           0.924     4.924    clk
    SLICE_X12Y36         FDRE                                         r  det_reg[4]/C
                         clock pessimism              0.000     4.924    <hidden>
                         clock uncertainty           -0.035     4.889    <hidden>
    SLICE_X12Y36         FDRE (Setup_fdre_C_CE)      -0.377     4.512    det_reg[4]
  -------------------------------------------------------------------
                         required time                          4.512    <hidden>
                         arrival time                          -3.087    <hidden>
  -------------------------------------------------------------------
                         slack                                  1.425    <hidden>

Slack (MET) :             1.425ns  (required time - arrival time)
  Source:                 index_reg[1]/C
                            (rising edge-triggered cell FDRE clocked by clk  {rise@0.000ns fall@2.000ns period=4.000ns})
  Destination:            det_reg[5]/CE
                            (rising edge-triggered cell FDRE clocked by clk  {rise@0.000ns fall@2.000ns period=4.000ns})
  Path Group:             clk
  Path Type:              Setup (Max at Slow Process Corner)
  Requirement:            4.000ns  (clk rise@4.000ns - clk rise@0.000ns)
  Data Path Delay:        2.114ns  (logic 0.746ns (35.283%)  route 1.368ns (64.717%))
  Logic Levels:           1  (LUT3=1)
  Clock Path Skew:        -0.049ns (DCD - SCD + CPR)
    Destination Clock Delay (DCD):    0.924ns = ( 4.924 - 4.000 ) 
    Source Clock Delay      (SCD):    0.973ns
    Clock Pessimism Removal (CPR):    0.000ns
  Clock Uncertainty:      0.035ns  ((TSJ^2 + TIJ^2)^1/2 + DJ) / 2 + PE
    Total System Jitter     (TSJ):    0.071ns
    Total Input Jitter      (TIJ):    0.000ns
    Discrete Jitter          (DJ):    0.000ns
    Phase Error              (PE):    0.000ns

    Location             Delay type                Incr(ns)  Path(ns)    Netlist Resource(s)
  -------------------------------------------------------------------    -------------------
                         (clock clk rise edge)        0.000     0.000 r  <hidden>
                                                      0.000     0.000 r  clk
                         net (fo=34, unset)           0.973     0.973    clk
    SLICE_X13Y37         FDRE                                         r  index_reg[1]/C
  -------------------------------------------------------------------    -------------------
    SLICE_X13Y37         FDRE (Prop_fdre_C_Q)         0.419     1.392 f  index_reg[1]/Q
                         net (fo=9, routed)           0.891     2.283    index[1]
    SLICE_X13Y37         LUT3 (Prop_lut3_I0_O)        0.327     2.610 r  det[11]_i_1/O
                         net (fo=8, routed)           0.478     3.087    det[11]_i_1_n_0
    SLICE_X12Y36         FDRE                                         r  det_reg[5]/CE
  -------------------------------------------------------------------    -------------------

                         (clock clk rise edge)        4.000     4.000 r  <hidden>
                                                      0.000     4.000 r  clk
                         net (fo=34, unset)           0.924     4.924    clk
    SLICE_X12Y36         FDRE                                         r  det_reg[5]/C
                         clock pessimism              0.000     4.924    <hidden>
                         clock uncertainty           -0.035     4.889    <hidden>
    SLICE_X12Y36         FDRE (Setup_fdre_C_CE)      -0.377     4.512    det_reg[5]
  -------------------------------------------------------------------
                         required time                          4.512    <hidden>
                         arrival time                          -3.087    <hidden>
  -------------------------------------------------------------------
                         slack                                  1.425    <hidden>

Slack (MET) :             1.425ns  (required time - arrival time)
  Source:                 index_reg[1]/C
                            (rising edge-triggered cell FDRE clocked by clk  {rise@0.000ns fall@2.000ns period=4.000ns})
  Destination:            det_reg[6]/CE
                            (rising edge-triggered cell FDRE clocked by clk  {rise@0.000ns fall@2.000ns period=4.000ns})
  Path Group:             clk
  Path Type:              Setup (Max at Slow Process Corner)
  Requirement:            4.000ns  (clk rise@4.000ns - clk rise@0.000ns)
  Data Path Delay:        2.114ns  (logic 0.746ns (35.283%)  route 1.368ns (64.717%))
  Logic Levels:           1  (LUT3=1)
  Clock Path Skew:        -0.049ns (DCD - SCD + CPR)
    Destination Clock Delay (DCD):    0.924ns = ( 4.924 - 4.000 ) 
    Source Clock Delay      (SCD):    0.973ns
    Clock Pessimism Removal (CPR):    0.000ns
  Clock Uncertainty:      0.035ns  ((TSJ^2 + TIJ^2)^1/2 + DJ) / 2 + PE
    Total System Jitter     (TSJ):    0.071ns
    Total Input Jitter      (TIJ):    0.000ns
    Discrete Jitter          (DJ):    0.000ns
    Phase Error              (PE):    0.000ns

    Location             Delay type                Incr(ns)  Path(ns)    Netlist Resource(s)
  -------------------------------------------------------------------    -------------------
                         (clock clk rise edge)        0.000     0.000 r  <hidden>
                                                      0.000     0.000 r  clk
                         net (fo=34, unset)           0.973     0.973    clk
    SLICE_X13Y37         FDRE                                         r  index_reg[1]/C
  -------------------------------------------------------------------    -------------------
    SLICE_X13Y37         FDRE (Prop_fdre_C_Q)         0.419     1.392 f  index_reg[1]/Q
                         net (fo=9, routed)           0.891     2.283    index[1]
    SLICE_X13Y37         LUT3 (Prop_lut3_I0_O)        0.327     2.610 r  det[11]_i_1/O
                         net (fo=8, routed)           0.478     3.087    det[11]_i_1_n_0
    SLICE_X12Y36         FDRE                                         r  det_reg[6]/CE
  -------------------------------------------------------------------    -------------------

                         (clock clk rise edge)        4.000     4.000 r  <hidden>
                                                      0.000     4.000 r  clk
                         net (fo=34, unset)           0.924     4.924    clk
    SLICE_X12Y36         FDRE                                         r  det_reg[6]/C
                         clock pessimism              0.000     4.924    <hidden>
                         clock uncertainty           -0.035     4.889    <hidden>
    SLICE_X12Y36         FDRE (Setup_fdre_C_CE)      -0.377     4.512    det_reg[6]
  -------------------------------------------------------------------
                         required time                          4.512    <hidden>
                         arrival time                          -3.087    <hidden>
  -------------------------------------------------------------------
                         slack                                  1.425    <hidden>

Slack (MET) :             1.425ns  (required time - arrival time)
  Source:                 index_reg[1]/C
                            (rising edge-triggered cell FDRE clocked by clk  {rise@0.000ns fall@2.000ns period=4.000ns})
  Destination:            det_reg[7]/CE
                            (rising edge-triggered cell FDRE clocked by clk  {rise@0.000ns fall@2.000ns period=4.000ns})
  Path Group:             clk
  Path Type:              Setup (Max at Slow Process Corner)
  Requirement:            4.000ns  (clk rise@4.000ns - clk rise@0.000ns)
  Data Path Delay:        2.114ns  (logic 0.746ns (35.283%)  route 1.368ns (64.717%))
  Logic Levels:           1  (LUT3=1)
  Clock Path Skew:        -0.049ns (DCD - SCD + CPR)
    Destination Clock Delay (DCD):    0.924ns = ( 4.924 - 4.000 ) 
    Source Clock Delay      (SCD):    0.973ns
    Clock Pessimism Removal (CPR):    0.000ns
  Clock Uncertainty:      0.035ns  ((TSJ^2 + TIJ^2)^1/2 + DJ) / 2 + PE
    Total System Jitter     (TSJ):    0.071ns
    Total Input Jitter      (TIJ):    0.000ns
    Discrete Jitter          (DJ):    0.000ns
    Phase Error              (PE):    0.000ns

    Location             Delay type                Incr(ns)  Path(ns)    Netlist Resource(s)
  -------------------------------------------------------------------    -------------------
                         (clock clk rise edge)        0.000     0.000 r  <hidden>
                                                      0.000     0.000 r  clk
                         net (fo=34, unset)           0.973     0.973    clk
    SLICE_X13Y37         FDRE                                         r  index_reg[1]/C
  -------------------------------------------------------------------    -------------------
    SLICE_X13Y37         FDRE (Prop_fdre_C_Q)         0.419     1.392 f  index_reg[1]/Q
                         net (fo=9, routed)           0.891     2.283    index[1]
    SLICE_X13Y37         LUT3 (Prop_lut3_I0_O)        0.327     2.610 r  det[11]_i_1/O
                         net (fo=8, routed)           0.478     3.087    det[11]_i_1_n_0
    SLICE_X12Y36         FDRE                                         r  det_reg[7]/CE
  -------------------------------------------------------------------    -------------------

                         (clock clk rise edge)        4.000     4.000 r  <hidden>
                                                      0.000     4.000 r  clk
                         net (fo=34, unset)           0.924     4.924    clk
    SLICE_X12Y36         FDRE                                         r  det_reg[7]/C
                         clock pessimism              0.000     4.924    <hidden>
                         clock uncertainty           -0.035     4.889    <hidden>
    SLICE_X12Y36         FDRE (Setup_fdre_C_CE)      -0.377     4.512    det_reg[7]
  -------------------------------------------------------------------
                         required time                          4.512    <hidden>
                         arrival time                          -3.087    <hidden>
  -------------------------------------------------------------------
                         slack                                  1.425    <hidden>

Slack (MET) :             1.425ns  (required time - arrival time)
  Source:                 index_reg[1]/C
                            (rising edge-triggered cell FDRE clocked by clk  {rise@0.000ns fall@2.000ns period=4.000ns})
  Destination:            det_reg[8]/CE
                            (rising edge-triggered cell FDRE clocked by clk  {rise@0.000ns fall@2.000ns period=4.000ns})
  Path Group:             clk
  Path Type:              Setup (Max at Slow Process Corner)
  Requirement:            4.000ns  (clk rise@4.000ns - clk rise@0.000ns)
  Data Path Delay:        2.114ns  (logic 0.746ns (35.283%)  route 1.368ns (64.717%))
  Logic Levels:           1  (LUT3=1)
  Clock Path Skew:        -0.049ns (DCD - SCD + CPR)
    Destination Clock Delay (DCD):    0.924ns = ( 4.924 - 4.000 ) 
    Source Clock Delay      (SCD):    0.973ns
    Clock Pessimism Removal (CPR):    0.000ns
  Clock Uncertainty:      0.035ns  ((TSJ^2 + TIJ^2)^1/2 + DJ) / 2 + PE
    Total System Jitter     (TSJ):    0.071ns
    Total Input Jitter      (TIJ):    0.000ns
    Discrete Jitter          (DJ):    0.000ns
    Phase Error              (PE):    0.000ns

    Location             Delay type                Incr(ns)  Path(ns)    Netlist Resource(s)
  -------------------------------------------------------------------    -------------------
                         (clock clk rise edge)        0.000     0.000 r  <hidden>
                                                      0.000     0.000 r  clk
                         net (fo=34, unset)           0.973     0.973    clk
    SLICE_X13Y37         FDRE                                         r  index_reg[1]/C
  -------------------------------------------------------------------    -------------------
    SLICE_X13Y37         FDRE (Prop_fdre_C_Q)         0.419     1.392 f  index_reg[1]/Q
                         net (fo=9, routed)           0.891     2.283    index[1]
    SLICE_X13Y37         LUT3 (Prop_lut3_I0_O)        0.327     2.610 r  det[11]_i_1/O
                         net (fo=8, routed)           0.478     3.087    det[11]_i_1_n_0
    SLICE_X12Y36         FDRE                                         r  det_reg[8]/CE
  -------------------------------------------------------------------    -------------------

                         (clock clk rise edge)        4.000     4.000 r  <hidden>
                                                      0.000     4.000 r  clk
                         net (fo=34, unset)           0.924     4.924    clk
    SLICE_X12Y36         FDRE                                         r  det_reg[8]/C
                         clock pessimism              0.000     4.924    <hidden>
                         clock uncertainty           -0.035     4.889    <hidden>
    SLICE_X12Y36         FDRE (Setup_fdre_C_CE)      -0.377     4.512    det_reg[8]
  -------------------------------------------------------------------
                         required time                          4.512    <hidden>
                         arrival time                          -3.087    <hidden>
  -------------------------------------------------------------------
                         slack                                  1.425    <hidden>

Slack (MET) :             1.425ns  (required time - arrival time)
  Source:                 index_reg[1]/C
                            (rising edge-triggered cell FDRE clocked by clk  {rise@0.000ns fall@2.000ns period=4.000ns})
  Destination:            det_reg[9]/CE
                            (rising edge-triggered cell FDRE clocked by clk  {rise@0.000ns fall@2.000ns period=4.000ns})
  Path Group:             clk
  Path Type:              Setup (Max at Slow Process Corner)
  Requirement:            4.000ns  (clk rise@4.000ns - clk rise@0.000ns)
  Data Path Delay:        2.114ns  (logic 0.746ns (35.283%)  route 1.368ns (64.717%))
  Logic Levels:           1  (LUT3=1)
  Clock Path Skew:        -0.049ns (DCD - SCD + CPR)
    Destination Clock Delay (DCD):    0.924ns = ( 4.924 - 4.000 ) 
    Source Clock Delay      (SCD):    0.973ns
    Clock Pessimism Removal (CPR):    0.000ns
  Clock Uncertainty:      0.035ns  ((TSJ^2 + TIJ^2)^1/2 + DJ) / 2 + PE
    Total System Jitter     (TSJ):    0.071ns
    Total Input Jitter      (TIJ):    0.000ns
    Discrete Jitter          (DJ):    0.000ns
    Phase Error              (PE):    0.000ns

    Location             Delay type                Incr(ns)  Path(ns)    Netlist Resource(s)
  -------------------------------------------------------------------    -------------------
                         (clock clk rise edge)        0.000     0.000 r  <hidden>
                                                      0.000     0.000 r  clk
                         net (fo=34, unset)           0.973     0.973    clk
    SLICE_X13Y37         FDRE                                         r  index_reg[1]/C
  -------------------------------------------------------------------    -------------------
    SLICE_X13Y37         FDRE (Prop_fdre_C_Q)         0.419     1.392 f  index_reg[1]/Q
                         net (fo=9, routed)           0.891     2.283    index[1]
    SLICE_X13Y37         LUT3 (Prop_lut3_I0_O)        0.327     2.610 r  det[11]_i_1/O
                         net (fo=8, routed)           0.478     3.087    det[11]_i_1_n_0
    SLICE_X12Y36         FDRE                                         r  det_reg[9]/CE
  -------------------------------------------------------------------    -------------------

                         (clock clk rise edge)        4.000     4.000 r  <hidden>
                                                      0.000     4.000 r  clk
                         net (fo=34, unset)           0.924     4.924    clk
    SLICE_X12Y36         FDRE                                         r  det_reg[9]/C
                         clock pessimism              0.000     4.924    <hidden>
                         clock uncertainty           -0.035     4.889    <hidden>
    SLICE_X12Y36         FDRE (Setup_fdre_C_CE)      -0.377     4.512    det_reg[9]
  -------------------------------------------------------------------
                         required time                          4.512    <hidden>
                         arrival time                          -3.087    <hidden>
  -------------------------------------------------------------------
                         slack                                  1.425    <hidden>

Slack (MET) :             1.516ns  (required time - arrival time)
  Source:                 index_reg[1]/C
                            (rising edge-triggered cell FDRE clocked by clk  {rise@0.000ns fall@2.000ns period=4.000ns})
  Destination:            det_reg[22]/CE
                            (rising edge-triggered cell FDRE clocked by clk  {rise@0.000ns fall@2.000ns period=4.000ns})
  Path Group:             clk
  Path Type:              Setup (Max at Slow Process Corner)
  Requirement:            4.000ns  (clk rise@4.000ns - clk rise@0.000ns)
  Data Path Delay:        1.991ns  (logic 0.744ns (37.374%)  route 1.247ns (62.626%))
  Logic Levels:           1  (LUT4=1)
  Clock Path Skew:        -0.049ns (DCD - SCD + CPR)
    Destination Clock Delay (DCD):    0.924ns = ( 4.924 - 4.000 ) 
    Source Clock Delay      (SCD):    0.973ns
    Clock Pessimism Removal (CPR):    0.000ns
  Clock Uncertainty:      0.035ns  ((TSJ^2 + TIJ^2)^1/2 + DJ) / 2 + PE
    Total System Jitter     (TSJ):    0.071ns
    Total Input Jitter      (TIJ):    0.000ns
    Discrete Jitter          (DJ):    0.000ns
    Phase Error              (PE):    0.000ns

    Location             Delay type                Incr(ns)  Path(ns)    Netlist Resource(s)
  -------------------------------------------------------------------    -------------------
                         (clock clk rise edge)        0.000     0.000 r  <hidden>
                                                      0.000     0.000 r  clk
                         net (fo=34, unset)           0.973     0.973    clk
    SLICE_X13Y37         FDRE                                         r  index_reg[1]/C
  -------------------------------------------------------------------    -------------------
    SLICE_X13Y37         FDRE (Prop_fdre_C_Q)         0.419     1.392 r  index_reg[1]/Q
                         net (fo=9, routed)           0.771     2.163    index[1]
    SLICE_X14Y36         LUT4 (Prop_lut4_I2_O)        0.325     2.488 r  det[23]_i_1/O
                         net (fo=4, routed)           0.476     2.964    det[23]_i_1_n_0
    SLICE_X13Y35         FDRE                                         r  det_reg[22]/CE
  -------------------------------------------------------------------    -------------------

                         (clock clk rise edge)        4.000     4.000 r  <hidden>
                                                      0.000     4.000 r  clk
                         net (fo=34, unset)           0.924     4.924    clk
    SLICE_X13Y35         FDRE                                         r  det_reg[22]/C
                         clock pessimism              0.000     4.924    <hidden>
                         clock uncertainty           -0.035     4.889    <hidden>
    SLICE_X13Y35         FDRE (Setup_fdre_C_CE)      -0.409     4.480    det_reg[22]
  -------------------------------------------------------------------
                         required time                          4.480    <hidden>
                         arrival time                          -2.964    <hidden>
  -------------------------------------------------------------------
                         slack                                  1.516    <hidden>

Slack (MET) :             1.516ns  (required time - arrival time)
  Source:                 index_reg[1]/C
                            (rising edge-triggered cell FDRE clocked by clk  {rise@0.000ns fall@2.000ns period=4.000ns})
  Destination:            det_reg[23]/CE
                            (rising edge-triggered cell FDRE clocked by clk  {rise@0.000ns fall@2.000ns period=4.000ns})
  Path Group:             clk
  Path Type:              Setup (Max at Slow Process Corner)
  Requirement:            4.000ns  (clk rise@4.000ns - clk rise@0.000ns)
  Data Path Delay:        1.991ns  (logic 0.744ns (37.374%)  route 1.247ns (62.626%))
  Logic Levels:           1  (LUT4=1)
  Clock Path Skew:        -0.049ns (DCD - SCD + CPR)
    Destination Clock Delay (DCD):    0.924ns = ( 4.924 - 4.000 ) 
    Source Clock Delay      (SCD):    0.973ns
    Clock Pessimism Removal (CPR):    0.000ns
  Clock Uncertainty:      0.035ns  ((TSJ^2 + TIJ^2)^1/2 + DJ) / 2 + PE
    Total System Jitter     (TSJ):    0.071ns
    Total Input Jitter      (TIJ):    0.000ns
    Discrete Jitter          (DJ):    0.000ns
    Phase Error              (PE):    0.000ns

    Location             Delay type                Incr(ns)  Path(ns)    Netlist Resource(s)
  -------------------------------------------------------------------    -------------------
                         (clock clk rise edge)        0.000     0.000 r  <hidden>
                                                      0.000     0.000 r  clk
                         net (fo=34, unset)           0.973     0.973    clk
    SLICE_X13Y37         FDRE                                         r  index_reg[1]/C
  -------------------------------------------------------------------    -------------------
    SLICE_X13Y37         FDRE (Prop_fdre_C_Q)         0.419     1.392 r  index_reg[1]/Q
                         net (fo=9, routed)           0.771     2.163    index[1]
    SLICE_X14Y36         LUT4 (Prop_lut4_I2_O)        0.325     2.488 r  det[23]_i_1/O
                         net (fo=4, routed)           0.476     2.964    det[23]_i_1_n_0
    SLICE_X13Y35         FDRE                                         r  det_reg[23]/CE
  -------------------------------------------------------------------    -------------------

                         (clock clk rise edge)        4.000     4.000 r  <hidden>
                                                      0.000     4.000 r  clk
                         net (fo=34, unset)           0.924     4.924    clk
    SLICE_X13Y35         FDRE                                         r  det_reg[23]/C
                         clock pessimism              0.000     4.924    <hidden>
                         clock uncertainty           -0.035     4.889    <hidden>
    SLICE_X13Y35         FDRE (Setup_fdre_C_CE)      -0.409     4.480    det_reg[23]
  -------------------------------------------------------------------
                         required time                          4.480    <hidden>
                         arrival time                          -2.964    <hidden>
  -------------------------------------------------------------------
                         slack                                  1.516    <hidden>





Min Delay Paths
--------------------------------------------------------------------------------------
Slack (MET) :             0.216ns  (arrival time - required time)
  Source:                 prev_reg[3]/C
                            (rising edge-triggered cell FDRE clocked by clk  {rise@0.000ns fall@2.000ns period=4.000ns})
  Destination:            det_reg[23]/D
                            (rising edge-triggered cell FDRE clocked by clk  {rise@0.000ns fall@2.000ns period=4.000ns})
  Path Group:             clk
  Path Type:              Hold (Min at Fast Process Corner)
  Requirement:            0.000ns  (clk rise@0.000ns - clk rise@0.000ns)
  Data Path Delay:        0.343ns  (logic 0.280ns (81.632%)  route 0.063ns (18.368%))
  Logic Levels:           2  (LUT4=1 MUXF7=1)
  Clock Path Skew:        0.022ns (DCD - SCD - CPR)
    Destination Clock Delay (DCD):    0.432ns
    Source Clock Delay      (SCD):    0.410ns
    Clock Pessimism Removal (CPR):    -0.000ns

    Location             Delay type                Incr(ns)  Path(ns)    Netlist Resource(s)
  -------------------------------------------------------------------    -------------------
                         (clock clk rise edge)        0.000     0.000 r  <hidden>
                                                      0.000     0.000 r  clk
                         net (fo=34, unset)           0.410     0.410    clk
    SLICE_X12Y35         FDRE                                         r  prev_reg[3]/C
  -------------------------------------------------------------------    -------------------
    SLICE_X12Y35         FDRE (Prop_fdre_C_Q)         0.164     0.574 r  prev_reg[3]/Q
                         net (fo=3, routed)           0.063     0.637    prev_reg_n_0_[3]
    SLICE_X13Y35         LUT4 (Prop_lut4_I1_O)        0.045     0.682 r  det[23]_i_3/O
                         net (fo=1, routed)           0.000     0.682    det[23]_i_3_n_0
    SLICE_X13Y35         MUXF7 (Prop_muxf7_I0_O)      0.071     0.753 r  det_reg[23]_i_2/O
                         net (fo=1, routed)           0.000     0.753    det_reg[23]_i_2_n_0
    SLICE_X13Y35         FDRE                                         r  det_reg[23]/D
  -------------------------------------------------------------------    -------------------

                         (clock clk rise edge)        0.000     0.000 r  <hidden>
                                                      0.000     0.000 r  clk
                         net (fo=34, unset)           0.432     0.432    clk
    SLICE_X13Y35         FDRE                                         r  det_reg[23]/C
                         clock pessimism              0.000     0.432    <hidden>
    SLICE_X13Y35         FDRE (Hold_fdre_C_D)         0.105     0.537    det_reg[23]
  -------------------------------------------------------------------
                         required time                         -0.537    <hidden>
                         arrival time                           0.753    <hidden>
  -------------------------------------------------------------------
                         slack                                  0.216    <hidden>

Slack (MET) :             0.239ns  (arrival time - required time)
  Source:                 prev_reg[2]/C
                            (rising edge-triggered cell FDRE clocked by clk  {rise@0.000ns fall@2.000ns period=4.000ns})
  Destination:            det_reg[22]/D
                            (rising edge-triggered cell FDRE clocked by clk  {rise@0.000ns fall@2.000ns period=4.000ns})
  Path Group:             clk
  Path Type:              Hold (Min at Fast Process Corner)
  Requirement:            0.000ns  (clk rise@0.000ns - clk rise@0.000ns)
  Data Path Delay:        0.365ns  (logic 0.271ns (74.204%)  route 0.094ns (25.796%))
  Logic Levels:           2  (LUT4=1 MUXF7=1)
  Clock Path Skew:        0.022ns (DCD - SCD - CPR)
    Destination Clock Delay (DCD):    0.432ns
    Source Clock Delay      (SCD):    0.410ns
    Clock Pessimism Removal (CPR):    -0.000ns

    Location             Delay type                Incr(ns)  Path(ns)    Netlist Resource(s)
  -------------------------------------------------------------------    -------------------
                         (clock clk rise edge)        0.000     0.000 r  <hidden>
                                                      0.000     0.000 r  clk
                         net (fo=34, unset)           0.410     0.410    clk
    SLICE_X12Y35         FDRE                                         r  prev_reg[2]/C
  -------------------------------------------------------------------    -------------------
    SLICE_X12Y35         FDRE (Prop_fdre_C_Q)         0.164     0.574 r  prev_reg[2]/Q
                         net (fo=2, routed)           0.094     0.668    prev_reg_n_0_[2]
    SLICE_X13Y35         LUT4 (Prop_lut4_I2_O)        0.045     0.713 r  det[22]_i_2/O
                         net (fo=1, routed)           0.000     0.713    det[22]_i_2_n_0
    SLICE_X13Y35         MUXF7 (Prop_muxf7_I0_O)      0.062     0.775 r  det_reg[22]_i_1/O
                         net (fo=1, routed)           0.000     0.775    det_reg[22]_i_1_n_0
    SLICE_X13Y35         FDRE                                         r  det_reg[22]/D
  -------------------------------------------------------------------    -------------------

                         (clock clk rise edge)        0.000     0.000 r  <hidden>
                                                      0.000     0.000 r  clk
                         net (fo=34, unset)           0.432     0.432    clk
    SLICE_X13Y35         FDRE                                         r  det_reg[22]/C
                         clock pessimism              0.000     0.432    <hidden>
    SLICE_X13Y35         FDRE (Hold_fdre_C_D)         0.105     0.537    det_reg[22]
  -------------------------------------------------------------------
                         required time                         -0.537    <hidden>
                         arrival time                           0.775    <hidden>
  -------------------------------------------------------------------
                         slack                                  0.239    <hidden>

Slack (MET) :             0.299ns  (arrival time - required time)
  Source:                 prev_reg[0]/C
                            (rising edge-triggered cell FDRE clocked by clk  {rise@0.000ns fall@2.000ns period=4.000ns})
  Destination:            det_reg[20]/D
                            (rising edge-triggered cell FDRE clocked by clk  {rise@0.000ns fall@2.000ns period=4.000ns})
  Path Group:             clk
  Path Type:              Hold (Min at Fast Process Corner)
  Requirement:            0.000ns  (clk rise@0.000ns - clk rise@0.000ns)
  Data Path Delay:        0.454ns  (logic 0.248ns (54.592%)  route 0.206ns (45.408%))
  Logic Levels:           2  (LUT4=1 MUXF7=1)
  Clock Path Skew:        0.022ns (DCD - SCD - CPR)
    Destination Clock Delay (DCD):    0.432ns
    Source Clock Delay      (SCD):    0.410ns
    Clock Pessimism Removal (CPR):    -0.000ns

    Location             Delay type                Incr(ns)  Path(ns)    Netlist Resource(s)
  -------------------------------------------------------------------    -------------------
                         (clock clk rise edge)        0.000     0.000 r  <hidden>
                                                      0.000     0.000 r  clk
                         net (fo=34, unset)           0.410     0.410    clk
    SLICE_X15Y36         FDRE                                         r  prev_reg[0]/C
  -------------------------------------------------------------------    -------------------
    SLICE_X15Y36         FDRE (Prop_fdre_C_Q)         0.141     0.551 r  prev_reg[0]/Q
                         net (fo=2, routed)           0.206     0.757    prev_reg_n_0_[0]
    SLICE_X14Y35         LUT4 (Prop_lut4_I1_O)        0.045     0.802 r  det[20]_i_2/O
                         net (fo=1, routed)           0.000     0.802    det[20]_i_2_n_0
    SLICE_X14Y35         MUXF7 (Prop_muxf7_I0_O)      0.062     0.864 r  det_reg[20]_i_1/O
                         net (fo=1, routed)           0.000     0.864    det_reg[20]_i_1_n_0
    SLICE_X14Y35         FDRE                                         r  det_reg[20]/D
  -------------------------------------------------------------------    -------------------

                         (clock clk rise edge)        0.000     0.000 r  <hidden>
                                                      0.000     0.000 r  clk
                         net (fo=34, unset)           0.432     0.432    clk
    SLICE_X14Y35         FDRE                                         r  det_reg[20]/C
                         clock pessimism              0.000     0.432    <hidden>
    SLICE_X14Y35         FDRE (Hold_fdre_C_D)         0.134     0.566    det_reg[20]
  -------------------------------------------------------------------
                         required time                         -0.566    <hidden>
                         arrival time                           0.864    <hidden>
  -------------------------------------------------------------------
                         slack                                  0.299    <hidden>

Slack (MET) :             0.300ns  (arrival time - required time)
  Source:                 prev_reg[0]/C
                            (rising edge-triggered cell FDRE clocked by clk  {rise@0.000ns fall@2.000ns period=4.000ns})
  Destination:            det_reg[4]/D
                            (rising edge-triggered cell FDRE clocked by clk  {rise@0.000ns fall@2.000ns period=4.000ns})
  Path Group:             clk
  Path Type:              Hold (Min at Fast Process Corner)
  Requirement:            0.000ns  (clk rise@0.000ns - clk rise@0.000ns)
  Data Path Delay:        0.397ns  (logic 0.186ns (46.818%)  route 0.211ns (53.182%))
  Logic Levels:           1  (LUT2=1)
  Clock Path Skew:        0.022ns (DCD - SCD - CPR)
    Destination Clock Delay (DCD):    0.432ns
    Source Clock Delay      (SCD):    0.410ns
    Clock Pessimism Removal (CPR):    -0.000ns

    Location             Delay type                Incr(ns)  Path(ns)    Netlist Resource(s)
  -------------------------------------------------------------------    -------------------
                         (clock clk rise edge)        0.000     0.000 r  <hidden>
                                                      0.000     0.000 r  clk
                         net (fo=34, unset)           0.410     0.410    clk
    SLICE_X15Y36         FDRE                                         r  prev_reg[0]/C
  -------------------------------------------------------------------    -------------------
    SLICE_X15Y36         FDRE (Prop_fdre_C_Q)         0.141     0.551 r  prev_reg[0]/Q
                         net (fo=2, routed)           0.103     0.654    prev_reg_n_0_[0]
    SLICE_X14Y36         LUT2 (Prop_lut2_I0_O)        0.045     0.699 r  det[12]_i_1/O
                         net (fo=2, routed)           0.108     0.807    det[12]_i_1_n_0
    SLICE_X12Y36         FDRE                                         r  det_reg[4]/D
  -------------------------------------------------------------------    -------------------

                         (clock clk rise edge)        0.000     0.000 r  <hidden>
                                                      0.000     0.000 r  clk
                         net (fo=34, unset)           0.432     0.432    clk
    SLICE_X12Y36         FDRE                                         r  det_reg[4]/C
                         clock pessimism              0.000     0.432    <hidden>
    SLICE_X12Y36         FDRE (Hold_fdre_C_D)         0.076     0.508    det_reg[4]
  -------------------------------------------------------------------
                         required time                         -0.508    <hidden>
                         arrival time                           0.807    <hidden>
  -------------------------------------------------------------------
                         slack                                  0.300    <hidden>

Slack (MET) :             0.327ns  (arrival time - required time)
  Source:                 prev_reg[0]/C
                            (rising edge-triggered cell FDRE clocked by clk  {rise@0.000ns fall@2.000ns period=4.000ns})
  Destination:            det_reg[12]/D
                            (rising edge-triggered cell FDRE clocked by clk  {rise@0.000ns fall@2.000ns period=4.000ns})
  Path Group:             clk
  Path Type:              Hold (Min at Fast Process Corner)
  Requirement:            0.000ns  (clk rise@0.000ns - clk rise@0.000ns)
  Data Path Delay:        0.394ns  (logic 0.186ns (47.175%)  route 0.208ns (52.825%))
  Logic Levels:           1  (LUT2=1)
  Clock Path Skew:        0.022ns (DCD - SCD - CPR)
    Destination Clock Delay (DCD):    0.432ns
    Source Clock Delay      (SCD):    0.410ns
    Clock Pessimism Removal (CPR):    -0.000ns

    Location             Delay type                Incr(ns)  Path(ns)    Netlist Resource(s)
  -------------------------------------------------------------------    -------------------
                         (clock clk rise edge)        0.000     0.000 r  <hidden>
                                                      0.000     0.000 r  clk
                         net (fo=34, unset)           0.410     0.410    clk
    SLICE_X15Y36         FDRE                                         r  prev_reg[0]/C
  -------------------------------------------------------------------    -------------------
    SLICE_X15Y36         FDRE (Prop_fdre_C_Q)         0.141     0.551 r  prev_reg[0]/Q
                         net (fo=2, routed)           0.103     0.654    prev_reg_n_0_[0]
    SLICE_X14Y36         LUT2 (Prop_lut2_I0_O)        0.045     0.699 r  det[12]_i_1/O
                         net (fo=2, routed)           0.105     0.804    det[12]_i_1_n_0
    SLICE_X13Y36         FDRE                                         r  det_reg[12]/D
  -------------------------------------------------------------------    -------------------

                         (clock clk rise edge)        0.000     0.000 r  <hidden>
                                                      0.000     0.000 r  clk
                         net (fo=34, unset)           0.432     0.432    clk
    SLICE_X13Y36         FDRE                                         r  det_reg[12]/C
                         clock pessimism              0.000     0.432    <hidden>
    SLICE_X13Y36         FDRE (Hold_fdre_C_D)         0.046     0.478    det_reg[12]
  -------------------------------------------------------------------
                         required time                         -0.478    <hidden>
                         arrival time                           0.804    <hidden>
  -------------------------------------------------------------------
                         slack                                  0.327    <hidden>

Slack (MET) :             0.344ns  (arrival time - required time)
  Source:                 prev_reg[4]/C
                            (rising edge-triggered cell FDRE clocked by clk  {rise@0.000ns fall@2.000ns period=4.000ns})
  Destination:            det_reg[8]/D
                            (rising edge-triggered cell FDRE clocked by clk  {rise@0.000ns fall@2.000ns period=4.000ns})
  Path Group:             clk
  Path Type:              Hold (Min at Fast Process Corner)
  Requirement:            0.000ns  (clk rise@0.000ns - clk rise@0.000ns)
  Data Path Delay:        0.430ns  (logic 0.186ns (43.253%)  route 0.244ns (56.747%))
  Logic Levels:           1  (LUT2=1)
  Clock Path Skew:        0.022ns (DCD - SCD - CPR)
    Destination Clock Delay (DCD):    0.432ns
    Source Clock Delay      (SCD):    0.410ns
    Clock Pessimism Removal (CPR):    -0.000ns

    Location             Delay type                Incr(ns)  Path(ns)    Netlist Resource(s)
  -------------------------------------------------------------------    -------------------
                         (clock clk rise edge)        0.000     0.000 r  <hidden>
                                                      0.000     0.000 r  clk
                         net (fo=34, unset)           0.410     0.410    clk
    SLICE_X15Y36         FDRE                                         r  prev_reg[4]/C
  -------------------------------------------------------------------    -------------------
    SLICE_X15Y36         FDRE (Prop_fdre_C_Q)         0.141     0.551 r  prev_reg[4]/Q
                         net (fo=2, routed)           0.134     0.685    prev_reg_n_0_[4]
    SLICE_X14Y36         LUT2 (Prop_lut2_I1_O)        0.045     0.730 r  det[16]_i_1/O
                         net (fo=2, routed)           0.110     0.840    det[16]_i_1_n_0
    SLICE_X12Y36         FDRE                                         r  det_reg[8]/D
  -------------------------------------------------------------------    -------------------

                         (clock clk rise edge)        0.000     0.000 r  <hidden>
                                                      0.000     0.000 r  clk
                         net (fo=34, unset)           0.432     0.432    clk
    SLICE_X12Y36         FDRE                                         r  det_reg[8]/C
                         clock pessimism              0.000     0.432    <hidden>
    SLICE_X12Y36         FDRE (Hold_fdre_C_D)         0.064     0.496    det_reg[8]
  -------------------------------------------------------------------
                         required time                         -0.496    <hidden>
                         arrival time                           0.840    <hidden>
  -------------------------------------------------------------------
                         slack                                  0.344    <hidden>

Slack (MET) :             0.355ns  (arrival time - required time)
  Source:                 index_reg[0]/C
                            (rising edge-triggered cell FDRE clocked by clk  {rise@0.000ns fall@2.000ns period=4.000ns})
  Destination:            index_reg[1]/D
                            (rising edge-triggered cell FDRE clocked by clk  {rise@0.000ns fall@2.000ns period=4.000ns})
  Path Group:             clk
  Path Type:              Hold (Min at Fast Process Corner)
  Requirement:            0.000ns  (clk rise@0.000ns - clk rise@0.000ns)
  Data Path Delay:        0.483ns  (logic 0.185ns (38.270%)  route 0.298ns (61.730%))
  Logic Levels:           1  (LUT5=1)
  Clock Path Skew:        0.022ns (DCD - SCD - CPR)
    Destination Clock Delay (DCD):    0.432ns
    Source Clock Delay      (SCD):    0.410ns
    Clock Pessimism Removal (CPR):    -0.000ns

    Location             Delay type                Incr(ns)  Path(ns)    Netlist Resource(s)
  -------------------------------------------------------------------    -------------------
                         (clock clk rise edge)        0.000     0.000 r  <hidden>
                                                      0.000     0.000 r  clk
                         net (fo=34, unset)           0.410     0.410    clk
    SLICE_X13Y37         FDRE                                         r  index_reg[0]/C
  -------------------------------------------------------------------    -------------------
    SLICE_X13Y37         FDRE (Prop_fdre_C_Q)         0.141     0.551 r  index_reg[0]/Q
                         net (fo=10, routed)          0.298     0.850    index[0]
    SLICE_X13Y37         LUT5 (Prop_lut5_I2_O)        0.044     0.894 r  index[1]_i_1/O
                         net (fo=1, routed)           0.000     0.894    index[1]_i_1_n_0
    SLICE_X13Y37         FDRE                                         r  index_reg[1]/D
  -------------------------------------------------------------------    -------------------

                         (clock clk rise edge)        0.000     0.000 r  <hidden>
                                                      0.000     0.000 r  clk
                         net (fo=34, unset)           0.432     0.432    clk
    SLICE_X13Y37         FDRE                                         r  index_reg[1]/C
                         clock pessimism              0.000     0.432    <hidden>
    SLICE_X13Y37         FDRE (Hold_fdre_C_D)         0.107     0.539    index_reg[1]
  -------------------------------------------------------------------
                         required time                         -0.539    <hidden>
                         arrival time                           0.894    <hidden>
  -------------------------------------------------------------------
                         slack                                  0.355    <hidden>

Slack (MET) :             0.358ns  (arrival time - required time)
  Source:                 prev_reg[1]/C
                            (rising edge-triggered cell FDRE clocked by clk  {rise@0.000ns fall@2.000ns period=4.000ns})
  Destination:            det_reg[5]/D
                            (rising edge-triggered cell FDRE clocked by clk  {rise@0.000ns fall@2.000ns period=4.000ns})
  Path Group:             clk
  Path Type:              Hold (Min at Fast Process Corner)
  Requirement:            0.000ns  (clk rise@0.000ns - clk rise@0.000ns)
  Data Path Delay:        0.455ns  (logic 0.186ns (40.841%)  route 0.269ns (59.159%))
  Logic Levels:           1  (LUT2=1)
  Clock Path Skew:        0.022ns (DCD - SCD - CPR)
    Destination Clock Delay (DCD):    0.432ns
    Source Clock Delay      (SCD):    0.410ns
    Clock Pessimism Removal (CPR):    -0.000ns

    Location             Delay type                Incr(ns)  Path(ns)    Netlist Resource(s)
  -------------------------------------------------------------------    -------------------
                         (clock clk rise edge)        0.000     0.000 r  <hidden>
                                                      0.000     0.000 r  clk
                         net (fo=34, unset)           0.410     0.410    clk
    SLICE_X15Y36         FDRE                                         r  prev_reg[1]/C
  -------------------------------------------------------------------    -------------------
    SLICE_X15Y36         FDRE (Prop_fdre_C_Q)         0.141     0.551 r  prev_reg[1]/Q
                         net (fo=3, routed)           0.162     0.713    p_2_in
    SLICE_X14Y36         LUT2 (Prop_lut2_I0_O)        0.045     0.758 r  det[13]_i_1/O
                         net (fo=2, routed)           0.108     0.866    det[13]_i_1_n_0
    SLICE_X12Y36         FDRE                                         r  det_reg[5]/D
  -------------------------------------------------------------------    -------------------

                         (clock clk rise edge)        0.000     0.000 r  <hidden>
                                                      0.000     0.000 r  clk
                         net (fo=34, unset)           0.432     0.432    clk
    SLICE_X12Y36         FDRE                                         r  det_reg[5]/C
                         clock pessimism              0.000     0.432    <hidden>
    SLICE_X12Y36         FDRE (Hold_fdre_C_D)         0.076     0.508    det_reg[5]
  -------------------------------------------------------------------
                         required time                         -0.508    <hidden>
                         arrival time                           0.866    <hidden>
  -------------------------------------------------------------------
                         slack                                  0.358    <hidden>

Slack (MET) :             0.371ns  (arrival time - required time)
  Source:                 prev_reg[1]/C
                            (rising edge-triggered cell FDRE clocked by clk  {rise@0.000ns fall@2.000ns period=4.000ns})
  Destination:            det_reg[21]/D
                            (rising edge-triggered cell FDRE clocked by clk  {rise@0.000ns fall@2.000ns period=4.000ns})
  Path Group:             clk
  Path Type:              Hold (Min at Fast Process Corner)
  Requirement:            0.000ns  (clk rise@0.000ns - clk rise@0.000ns)
  Data Path Delay:        0.526ns  (logic 0.259ns (49.229%)  route 0.267ns (50.771%))
  Logic Levels:           2  (LUT4=1 MUXF7=1)
  Clock Path Skew:        0.022ns (DCD - SCD - CPR)
    Destination Clock Delay (DCD):    0.432ns
    Source Clock Delay      (SCD):    0.410ns
    Clock Pessimism Removal (CPR):    -0.000ns

    Location             Delay type                Incr(ns)  Path(ns)    Netlist Resource(s)
  -------------------------------------------------------------------    -------------------
                         (clock clk rise edge)        0.000     0.000 r  <hidden>
                                                      0.000     0.000 r  clk
                         net (fo=34, unset)           0.410     0.410    clk
    SLICE_X15Y36         FDRE                                         r  prev_reg[1]/C
  -------------------------------------------------------------------    -------------------
    SLICE_X15Y36         FDRE (Prop_fdre_C_Q)         0.141     0.551 r  prev_reg[1]/Q
                         net (fo=3, routed)           0.267     0.818    p_2_in
    SLICE_X14Y35         LUT4 (Prop_lut4_I1_O)        0.045     0.863 r  det[21]_i_2/O
                         net (fo=1, routed)           0.000     0.863    det[21]_i_2_n_0
    SLICE_X14Y35         MUXF7 (Prop_muxf7_I0_O)      0.073     0.936 r  det_reg[21]_i_1/O
                         net (fo=1, routed)           0.000     0.936    det_reg[21]_i_1_n_0
    SLICE_X14Y35         FDRE                                         r  det_reg[21]/D
  -------------------------------------------------------------------    -------------------

                         (clock clk rise edge)        0.000     0.000 r  <hidden>
                                                      0.000     0.000 r  clk
                         net (fo=34, unset)           0.432     0.432    clk
    SLICE_X14Y35         FDRE                                         r  det_reg[21]/C
                         clock pessimism              0.000     0.432    <hidden>
    SLICE_X14Y35         FDRE (Hold_fdre_C_D)         0.134     0.566    det_reg[21]
  -------------------------------------------------------------------
                         required time                         -0.566    <hidden>
                         arrival time                           0.936    <hidden>
  -------------------------------------------------------------------
                         slack                                  0.371    <hidden>

Slack (MET) :             0.372ns  (arrival time - required time)
  Source:                 index_reg[0]/C
                            (rising edge-triggered cell FDRE clocked by clk  {rise@0.000ns fall@2.000ns period=4.000ns})
  Destination:            index_reg[0]/D
                            (rising edge-triggered cell FDRE clocked by clk  {rise@0.000ns fall@2.000ns period=4.000ns})
  Path Group:             clk
  Path Type:              Hold (Min at Fast Process Corner)
  Requirement:            0.000ns  (clk rise@0.000ns - clk rise@0.000ns)
  Data Path Delay:        0.484ns  (logic 0.186ns (38.397%)  route 0.298ns (61.603%))
  Logic Levels:           1  (LUT4=1)
  Clock Path Skew:        0.022ns (DCD - SCD - CPR)
    Destination Clock Delay (DCD):    0.432ns
    Source Clock Delay      (SCD):    0.410ns
    Clock Pessimism Removal (CPR):    -0.000ns

    Location             Delay type                Incr(ns)  Path(ns)    Netlist Resource(s)
  -------------------------------------------------------------------    -------------------
                         (clock clk rise edge)        0.000     0.000 r  <hidden>
                                                      0.000     0.000 r  clk
                         net (fo=34, unset)           0.410     0.410    clk
    SLICE_X13Y37         FDRE                                         r  index_reg[0]/C
  -------------------------------------------------------------------    -------------------
    SLICE_X13Y37         FDRE (Prop_fdre_C_Q)         0.141     0.551 r  index_reg[0]/Q
                         net (fo=10, routed)          0.298     0.850    index[0]
    SLICE_X13Y37         LUT4 (Prop_lut4_I0_O)        0.045     0.895 r  index[0]_i_1/O
                         net (fo=1, routed)           0.000     0.895    index[0]_i_1_n_0
    SLICE_X13Y37         FDRE                                         r  index_reg[0]/D
  -------------------------------------------------------------------    -------------------

                         (clock clk rise edge)        0.000     0.000 r  <hidden>
                                                      0.000     0.000 r  clk
                         net (fo=34, unset)           0.432     0.432    clk
    SLICE_X13Y37         FDRE                                         r  index_reg[0]/C
                         clock pessimism              0.000     0.432    <hidden>
    SLICE_X13Y37         FDRE (Hold_fdre_C_D)         0.091     0.523    index_reg[0]
  -------------------------------------------------------------------
                         required time                         -0.523    <hidden>
                         arrival time                           0.895    <hidden>
  -------------------------------------------------------------------
                         slack                                  0.372    <hidden>





Pulse Width Checks
--------------------------------------------------------------------------------------
Clock Name:         clk
Waveform(ns):       { 0.000 2.000 }
Period(ns):         4.000
Sources:            { clk }

Check Type        Corner  Lib Pin  Reference Pin  Required(ns)  Actual(ns)  Slack(ns)  Location      Pin
Min Period        n/a     FDRE/C   n/a            1.000         4.000       3.000      SLICE_X14Y36  det_reg[0]/C
Min Period        n/a     FDRE/C   n/a            1.000         4.000       3.000      SLICE_X12Y36  det_reg[10]/C
Min Period        n/a     FDRE/C   n/a            1.000         4.000       3.000      SLICE_X12Y36  det_reg[11]/C
Min Period        n/a     FDRE/C   n/a            1.000         4.000       3.000      SLICE_X13Y36  det_reg[12]/C
Min Period        n/a     FDRE/C   n/a            1.000         4.000       3.000      SLICE_X13Y36  det_reg[13]/C
Min Period        n/a     FDRE/C   n/a            1.000         4.000       3.000      SLICE_X13Y36  det_reg[14]/C
Min Period        n/a     FDRE/C   n/a            1.000         4.000       3.000      SLICE_X13Y36  det_reg[15]/C
Min Period        n/a     FDRE/C   n/a            1.000         4.000       3.000      SLICE_X13Y36  det_reg[16]/C
Min Period        n/a     FDRE/C   n/a            1.000         4.000       3.000      SLICE_X13Y36  det_reg[17]/C
Min Period        n/a     FDRE/C   n/a            1.000         4.000       3.000      SLICE_X13Y36  det_reg[18]/C
Low Pulse Width   Slow    FDRE/C   n/a            0.500         2.000       1.500      SLICE_X14Y36  det_reg[0]/C
Low Pulse Width   Fast    FDRE/C   n/a            0.500         2.000       1.500      SLICE_X14Y36  det_reg[0]/C
Low Pulse Width   Slow    FDRE/C   n/a            0.500         2.000       1.500      SLICE_X12Y36  det_reg[10]/C
Low Pulse Width   Fast    FDRE/C   n/a            0.500         2.000       1.500      SLICE_X12Y36  det_reg[10]/C
Low Pulse Width   Slow    FDRE/C   n/a            0.500         2.000       1.500      SLICE_X12Y36  det_reg[11]/C
Low Pulse Width   Fast    FDRE/C   n/a            0.500         2.000       1.500      SLICE_X12Y36  det_reg[11]/C
Low Pulse Width   Slow    FDRE/C   n/a            0.500         2.000       1.500      SLICE_X13Y36  det_reg[12]/C
Low Pulse Width   Fast    FDRE/C   n/a            0.500         2.000       1.500      SLICE_X13Y36  det_reg[12]/C
Low Pulse Width   Slow    FDRE/C   n/a            0.500         2.000       1.500      SLICE_X13Y36  det_reg[13]/C
Low Pulse Width   Fast    FDRE/C   n/a            0.500         2.000       1.500      SLICE_X13Y36  det_reg[13]/C
High Pulse Width  Slow    FDRE/C   n/a            0.500         2.000       1.500      SLICE_X14Y36  det_reg[0]/C
High Pulse Width  Fast    FDRE/C   n/a            0.500         2.000       1.500      SLICE_X14Y36  det_reg[0]/C
High Pulse Width  Slow    FDRE/C   n/a            0.500         2.000       1.500      SLICE_X12Y36  det_reg[10]/C
High Pulse Width  Fast    FDRE/C   n/a            0.500         2.000       1.500      SLICE_X12Y36  det_reg[10]/C
High Pulse Width  Slow    FDRE/C   n/a            0.500         2.000       1.500      SLICE_X12Y36  det_reg[11]/C
High Pulse Width  Fast    FDRE/C   n/a            0.500         2.000       1.500      SLICE_X12Y36  det_reg[11]/C
High Pulse Width  Slow    FDRE/C   n/a            0.500         2.000       1.500      SLICE_X13Y36  det_reg[12]/C
High Pulse Width  Fast    FDRE/C   n/a            0.500         2.000       1.500      SLICE_X13Y36  det_reg[12]/C
High Pulse Width  Slow    FDRE/C   n/a            0.500         2.000       1.500      SLICE_X13Y36  det_reg[13]/C
High Pulse Width  Fast    FDRE/C   n/a            0.500         2.000       1.500      SLICE_X13Y36  det_reg[13]/C



