

================================================================
== Vitis HLS Report for 'dense_resource_rf_gt_nin_rem0_ap_fixed_ap_fixed_14_7_0_3_0_config2_1_s'
================================================================
* Date:           Tue Sep 15 12:08:26 2026

* Version:        2026.1 (Build 6493734 on Jun 16 2026)
* Project:        recurrent_prj
* Solution:       solution1
* Product family: artix7
* Target device:  xc7a100t-csg324-1


================================================================
== Performance Estimates
================================================================
+ Timing: 
    * Summary: 
    +--------+---------+----------+------------+
    |  Clock |  Target | Estimated| Uncertainty|
    +--------+---------+----------+------------+
    |ap_clk  |  4.00 ns|  9.651 ns|     1.08 ns|
    +--------+---------+----------+------------+

+ Latency: 
    * Summary: 
    +---------+---------+----------+----------+-----+-----+------------------------------------+
    |  Latency (cycles) |  Latency (absolute) |  Interval |              Pipeline              |
    |   min   |   max   |    min   |    max   | min | max |                Type                |
    +---------+---------+----------+----------+-----+-----+------------------------------------+
    |       70|       71|  0.676 us|  0.685 us|   64|   64|  loop rewind stp (delay=0 cycle(s))|
    +---------+---------+----------+----------+-----+-----+------------------------------------+

    + Detail: 
        * Instance: 
        N/A

        * Loop: 
        +-------------+---------+---------+----------+-----------+-----------+------+----------+
        |             |  Latency (cycles) | Iteration|  Initiation Interval  | Trip |          |
        |  Loop Name  |   min   |   max   |  Latency |  achieved |   target  | Count| Pipelined|
        +-------------+---------+---------+----------+-----------+-----------+------+----------+
        |- ReuseLoop  |       70|       70|         8|          1|          1|    64|       yes|
        +-------------+---------+---------+----------+-----------+-----------+------+----------+



================================================================
== Utilization Estimates
================================================================
* Summary: 
+-----------------+---------+-----+--------+-------+-----+
|       Name      | BRAM_18K| DSP |   FF   |  LUT  | URAM|
+-----------------+---------+-----+--------+-------+-----+
|DSP              |        -|    -|       -|      -|    -|
|Expression       |        -|    -|       0|   3741|    -|
|FIFO             |        -|    -|       -|      -|    -|
|Instance         |        -|   16|     976|    544|    -|
|Memory           |        6|    -|     209|      3|    -|
|Multiplexer      |        -|    -|       0|   2891|    -|
|Register         |        -|    -|    4275|     64|    -|
+-----------------+---------+-----+--------+-------+-----+
|Total            |        6|   16|    5460|   7243|    0|
+-----------------+---------+-----+--------+-------+-----+
|Available        |      270|  240|  126800|  63400|    0|
+-----------------+---------+-----+--------+-------+-----+
|Utilization (%)  |        2|    6|       4|     11|    0|
+-----------------+---------+-----+--------+-------+-----+

+ Detail: 
    * Instance: 
    +---------------------------+-----------------------+---------+----+----+----+-----+
    |          Instance         |         Module        | BRAM_18K| DSP| FF | LUT| URAM|
    +---------------------------+-----------------------+---------+----+----+----+-----+
    |mul_14s_11s_25_4_1_U16     |mul_14s_11s_25_4_1     |        0|   1|  61|   1|    0|
    |mul_14s_13s_27_4_1_U1      |mul_14s_13s_27_4_1     |        0|   1|  61|   1|    0|
    |mul_14s_13s_27_4_1_U2      |mul_14s_13s_27_4_1     |        0|   1|  61|   1|    0|
    |mul_14s_13s_27_4_1_U3      |mul_14s_13s_27_4_1     |        0|   1|  61|   1|    0|
    |mul_14s_13s_27_4_1_U4      |mul_14s_13s_27_4_1     |        0|   1|  61|   1|    0|
    |mul_14s_13s_27_4_1_U5      |mul_14s_13s_27_4_1     |        0|   1|  61|   1|    0|
    |mul_14s_13s_27_4_1_U6      |mul_14s_13s_27_4_1     |        0|   1|  61|   1|    0|
    |mul_14s_13s_27_4_1_U7      |mul_14s_13s_27_4_1     |        0|   1|  61|   1|    0|
    |mul_14s_13s_27_4_1_U8      |mul_14s_13s_27_4_1     |        0|   1|  61|   1|    0|
    |mul_14s_13s_27_4_1_U9      |mul_14s_13s_27_4_1     |        0|   1|  61|   1|    0|
    |mul_14s_13s_27_4_1_U10     |mul_14s_13s_27_4_1     |        0|   1|  61|   1|    0|
    |mul_14s_13s_27_4_1_U11     |mul_14s_13s_27_4_1     |        0|   1|  61|   1|    0|
    |mul_14s_13s_27_4_1_U12     |mul_14s_13s_27_4_1     |        0|   1|  61|   1|    0|
    |mul_14s_13s_27_4_1_U13     |mul_14s_13s_27_4_1     |        0|   1|  61|   1|    0|
    |mul_14s_13s_27_4_1_U14     |mul_14s_13s_27_4_1     |        0|   1|  61|   1|    0|
    |mul_14s_13s_27_4_1_U15     |mul_14s_13s_27_4_1     |        0|   1|  61|   1|    0|
    |sparsemux_17_3_14_1_1_U17  |sparsemux_17_3_14_1_1  |        0|   0|   0|  33|    0|
    |sparsemux_17_3_14_1_1_U18  |sparsemux_17_3_14_1_1  |        0|   0|   0|  33|    0|
    |sparsemux_17_3_14_1_1_U19  |sparsemux_17_3_14_1_1  |        0|   0|   0|  33|    0|
    |sparsemux_17_3_14_1_1_U20  |sparsemux_17_3_14_1_1  |        0|   0|   0|  33|    0|
    |sparsemux_17_3_14_1_1_U21  |sparsemux_17_3_14_1_1  |        0|   0|   0|  33|    0|
    |sparsemux_17_3_14_1_1_U22  |sparsemux_17_3_14_1_1  |        0|   0|   0|  33|    0|
    |sparsemux_17_3_14_1_1_U23  |sparsemux_17_3_14_1_1  |        0|   0|   0|  33|    0|
    |sparsemux_17_3_14_1_1_U24  |sparsemux_17_3_14_1_1  |        0|   0|   0|  33|    0|
    |sparsemux_17_3_14_1_1_U25  |sparsemux_17_3_14_1_1  |        0|   0|   0|  33|    0|
    |sparsemux_17_3_14_1_1_U26  |sparsemux_17_3_14_1_1  |        0|   0|   0|  33|    0|
    |sparsemux_17_3_14_1_1_U27  |sparsemux_17_3_14_1_1  |        0|   0|   0|  33|    0|
    |sparsemux_17_3_14_1_1_U28  |sparsemux_17_3_14_1_1  |        0|   0|   0|  33|    0|
    |sparsemux_17_3_14_1_1_U29  |sparsemux_17_3_14_1_1  |        0|   0|   0|  33|    0|
    |sparsemux_17_3_14_1_1_U30  |sparsemux_17_3_14_1_1  |        0|   0|   0|  33|    0|
    |sparsemux_17_3_14_1_1_U31  |sparsemux_17_3_14_1_1  |        0|   0|   0|  33|    0|
    |sparsemux_17_3_14_1_1_U32  |sparsemux_17_3_14_1_1  |        0|   0|   0|  33|    0|
    +---------------------------+-----------------------+---------+----+----+----+-----+
    |Total                      |                       |        0|  16| 976| 544|    0|
    +---------------------------+-----------------------+---------+----+----+----+-----+

    * DSP: 
    N/A

    * Memory: 
    +----------+----------------------------------------------------------------------------------+---------+-----+----+-----+------+-----+------+-------------+
    |  Memory  |                                      Module                                      | BRAM_18K|  FF | LUT| URAM| Words| Bits| Banks| W*Bits*Banks|
    +----------+----------------------------------------------------------------------------------+---------+-----+----+-----+------+-----+------+-------------+
    |outidx_U  |dense_resource_rf_gt_nin_rem0_ap_fixed_ap_fixed_14_7_0_3_0_config2_1_s_outidxbkb  |        0|    3|   3|    0|    64|    3|     1|          192|
    |w2_U      |dense_resource_rf_gt_nin_rem0_ap_fixed_ap_fixed_14_7_0_3_0_config2_1_s_w2_ROMcud  |        6|  206|   0|    0|    64|  206|     1|        13184|
    +----------+----------------------------------------------------------------------------------+---------+-----+----+-----+------+-----+------+-------------+
    |Total     |                                                                                  |        6|  209|   3|    0|   128|  209|     2|        13376|
    +----------+----------------------------------------------------------------------------------+---------+-----+----+-----+------+-----+------+-------------+

    * FIFO: 
    N/A

    * Expression: 
    +--------------------------+----------+----+---+----+------------+------------+
    |       Variable Name      | Operation| DSP| FF| LUT| Bitwidth P0| Bitwidth P1|
    +--------------------------+----------+----+---+----+------------+------------+
    |acc_575_fu_2844_p2        |         +|   0|  0|  21|          14|          14|
    |acc_577_fu_3016_p2        |         +|   0|  0|  21|          14|          14|
    |acc_579_fu_3200_p2        |         +|   0|  0|  21|          14|          14|
    |acc_581_fu_3349_p2        |         +|   0|  0|  21|          14|          14|
    |acc_583_fu_3498_p2        |         +|   0|  0|  21|          14|          14|
    |acc_585_fu_3647_p2        |         +|   0|  0|  21|          14|          14|
    |acc_587_fu_3796_p2        |         +|   0|  0|  21|          14|          14|
    |acc_589_fu_3945_p2        |         +|   0|  0|  21|          14|          14|
    |acc_591_fu_4094_p2        |         +|   0|  0|  21|          14|          14|
    |acc_593_fu_4243_p2        |         +|   0|  0|  21|          14|          14|
    |acc_595_fu_4392_p2        |         +|   0|  0|  21|          14|          14|
    |acc_597_fu_4541_p2        |         +|   0|  0|  21|          14|          14|
    |acc_599_fu_4690_p2        |         +|   0|  0|  21|          14|          14|
    |acc_601_fu_4839_p2        |         +|   0|  0|  21|          14|          14|
    |acc_603_fu_4988_p2        |         +|   0|  0|  21|          14|          14|
    |acc_605_fu_5137_p2        |         +|   0|  0|  21|          14|          14|
    |add_ln144_129_fu_2914_p2  |         +|   0|  0|  21|          14|          14|
    |add_ln144_131_fu_3068_p2  |         +|   0|  0|  21|          14|          14|
    |add_ln144_133_fu_3247_p2  |         +|   0|  0|  21|          14|          14|
    |add_ln144_135_fu_3396_p2  |         +|   0|  0|  21|          14|          14|
    |add_ln144_137_fu_3545_p2  |         +|   0|  0|  21|          14|          14|
    |add_ln144_139_fu_3694_p2  |         +|   0|  0|  21|          14|          14|
    |add_ln144_141_fu_3843_p2  |         +|   0|  0|  21|          14|          14|
    |add_ln144_143_fu_3992_p2  |         +|   0|  0|  21|          14|          14|
    |add_ln144_145_fu_4141_p2  |         +|   0|  0|  21|          14|          14|
    |add_ln144_147_fu_4290_p2  |         +|   0|  0|  21|          14|          14|
    |add_ln144_149_fu_4439_p2  |         +|   0|  0|  21|          14|          14|
    |add_ln144_151_fu_4588_p2  |         +|   0|  0|  21|          14|          14|
    |add_ln144_153_fu_4737_p2  |         +|   0|  0|  21|          14|          14|
    |add_ln144_155_fu_4886_p2  |         +|   0|  0|  21|          14|          14|
    |add_ln144_157_fu_5035_p2  |         +|   0|  0|  21|          14|          14|
    |add_ln144_fu_2792_p2      |         +|   0|  0|  21|          14|          14|
    |in_index_5_fu_2119_p2     |         +|   0|  0|  39|          32|           1|
    |w_index_fu_2102_p2        |         +|   0|  0|  14|           6|           1|
    |sub_ln144_64_fu_3022_p2   |         -|   0|  0|  22|           1|          15|
    |sub_ln144_65_fu_3206_p2   |         -|   0|  0|  22|           1|          15|
    |sub_ln144_66_fu_3355_p2   |         -|   0|  0|  22|           1|          15|
    |sub_ln144_67_fu_3504_p2   |         -|   0|  0|  22|           1|          15|
    |sub_ln144_68_fu_3653_p2   |         -|   0|  0|  22|           1|          15|
    |sub_ln144_69_fu_3802_p2   |         -|   0|  0|  22|           1|          15|
    |sub_ln144_70_fu_3951_p2   |         -|   0|  0|  22|           1|          15|
    |sub_ln144_71_fu_4100_p2   |         -|   0|  0|  22|           1|          15|
    |sub_ln144_72_fu_4249_p2   |         -|   0|  0|  22|           1|          15|
    |sub_ln144_73_fu_4398_p2   |         -|   0|  0|  22|           1|          15|
    |sub_ln144_74_fu_4547_p2   |         -|   0|  0|  22|           1|          15|
    |sub_ln144_75_fu_4696_p2   |         -|   0|  0|  22|           1|          15|
    |sub_ln144_76_fu_4845_p2   |         -|   0|  0|  22|           1|          15|
    |sub_ln144_77_fu_4994_p2   |         -|   0|  0|  22|           1|          15|
    |sub_ln144_78_fu_5143_p2   |         -|   0|  0|  22|           1|          15|
    |sub_ln144_fu_2850_p2      |         -|   0|  0|  22|           1|          15|
    |ap_condition_1013         |       and|   0|  0|   2|           1|           1|
    |icmp_ln135_fu_2108_p2     |      icmp|   0|  0|  14|           6|           2|
    |icmp_ln144_64_fu_2489_p2  |      icmp|   0|  0|  11|           3|           1|
    |icmp_ln144_65_fu_2494_p2  |      icmp|   0|  0|  11|           3|           2|
    |icmp_ln144_66_fu_2499_p2  |      icmp|   0|  0|  11|           3|           2|
    |icmp_ln144_67_fu_2504_p2  |      icmp|   0|  0|  13|           3|           4|
    |icmp_ln144_68_fu_2509_p2  |      icmp|   0|  0|  11|           3|           3|
    |icmp_ln144_69_fu_2514_p2  |      icmp|   0|  0|  11|           3|           3|
    |icmp_ln144_70_fu_2861_p2  |      icmp|   0|  0|  22|          15|          15|
    |icmp_ln144_71_fu_3028_p2  |      icmp|   0|  0|  11|           3|           2|
    |icmp_ln144_72_fu_3033_p2  |      icmp|   0|  0|  22|          15|          15|
    |icmp_ln144_73_fu_3212_p2  |      icmp|   0|  0|  22|          15|          15|
    |icmp_ln144_74_fu_3361_p2  |      icmp|   0|  0|  22|          15|          15|
    |icmp_ln144_75_fu_3510_p2  |      icmp|   0|  0|  22|          15|          15|
    |icmp_ln144_76_fu_3659_p2  |      icmp|   0|  0|  22|          15|          15|
    |icmp_ln144_77_fu_3808_p2  |      icmp|   0|  0|  22|          15|          15|
    |icmp_ln144_78_fu_3957_p2  |      icmp|   0|  0|  22|          15|          15|
    |icmp_ln144_79_fu_4106_p2  |      icmp|   0|  0|  22|          15|          15|
    |icmp_ln144_80_fu_4255_p2  |      icmp|   0|  0|  22|          15|          15|
    |icmp_ln144_81_fu_4404_p2  |      icmp|   0|  0|  22|          15|          15|
    |icmp_ln144_82_fu_4553_p2  |      icmp|   0|  0|  22|          15|          15|
    |icmp_ln144_83_fu_4702_p2  |      icmp|   0|  0|  22|          15|          15|
    |icmp_ln144_84_fu_4851_p2  |      icmp|   0|  0|  22|          15|          15|
    |icmp_ln144_85_fu_5000_p2  |      icmp|   0|  0|  22|          15|          15|
    |icmp_ln144_86_fu_5149_p2  |      icmp|   0|  0|  22|          15|          15|
    |icmp_ln144_fu_2856_p2     |      icmp|   0|  0|  11|           3|           1|
    |icmp_ln154_fu_2135_p2     |      icmp|   0|  0|  36|          29|           1|
    |or_ln144_10_fu_3045_p2    |        or|   0|  0|   2|           1|           1|
    |or_ln144_11_fu_3051_p2    |        or|   0|  0|   2|           1|           1|
    |or_ln144_12_fu_3162_p2    |        or|   0|  0|   2|           1|           1|
    |or_ln144_13_fu_3166_p2    |        or|   0|  0|   2|           1|           1|
    |or_ln144_14_fu_3171_p2    |        or|   0|  0|   2|           1|           1|
    |or_ln144_15_fu_3176_p2    |        or|   0|  0|   2|           1|           1|
    |or_ln144_16_fu_3180_p2    |        or|   0|  0|   2|           1|           1|
    |or_ln144_17_fu_3186_p2    |        or|   0|  0|   2|           1|           1|
    |or_ln144_18_fu_3218_p2    |        or|   0|  0|   2|           1|           1|
    |or_ln144_19_fu_3224_p2    |        or|   0|  0|   2|           1|           1|
    |or_ln144_1_fu_2873_p2     |        or|   0|  0|   2|           1|           1|
    |or_ln144_20_fu_3230_p2    |        or|   0|  0|   2|           1|           1|
    |or_ln144_21_fu_3367_p2    |        or|   0|  0|   2|           1|           1|
    |or_ln144_22_fu_3373_p2    |        or|   0|  0|   2|           1|           1|
    |or_ln144_23_fu_3379_p2    |        or|   0|  0|   2|           1|           1|
    |or_ln144_24_fu_3516_p2    |        or|   0|  0|   2|           1|           1|
    |or_ln144_25_fu_3522_p2    |        or|   0|  0|   2|           1|           1|
    |or_ln144_26_fu_3528_p2    |        or|   0|  0|   2|           1|           1|
    |or_ln144_27_fu_3665_p2    |        or|   0|  0|   2|           1|           1|
    |or_ln144_28_fu_3671_p2    |        or|   0|  0|   2|           1|           1|
    |or_ln144_29_fu_3677_p2    |        or|   0|  0|   2|           1|           1|
    |or_ln144_2_fu_2877_p2     |        or|   0|  0|   2|           1|           1|
    |or_ln144_30_fu_3814_p2    |        or|   0|  0|   2|           1|           1|
    |or_ln144_31_fu_3820_p2    |        or|   0|  0|   2|           1|           1|
    |or_ln144_32_fu_3826_p2    |        or|   0|  0|   2|           1|           1|
    |or_ln144_33_fu_3963_p2    |        or|   0|  0|   2|           1|           1|
    |or_ln144_34_fu_3969_p2    |        or|   0|  0|   2|           1|           1|
    |or_ln144_35_fu_3975_p2    |        or|   0|  0|   2|           1|           1|
    |or_ln144_36_fu_4112_p2    |        or|   0|  0|   2|           1|           1|
    |or_ln144_37_fu_4118_p2    |        or|   0|  0|   2|           1|           1|
    |or_ln144_38_fu_4124_p2    |        or|   0|  0|   2|           1|           1|
    |or_ln144_39_fu_4261_p2    |        or|   0|  0|   2|           1|           1|
    |or_ln144_3_fu_2883_p2     |        or|   0|  0|   2|           1|           1|
    |or_ln144_40_fu_4267_p2    |        or|   0|  0|   2|           1|           1|
    |or_ln144_41_fu_4273_p2    |        or|   0|  0|   2|           1|           1|
    |or_ln144_42_fu_4410_p2    |        or|   0|  0|   2|           1|           1|
    |or_ln144_43_fu_4416_p2    |        or|   0|  0|   2|           1|           1|
    |or_ln144_44_fu_4422_p2    |        or|   0|  0|   2|           1|           1|
    |or_ln144_45_fu_4559_p2    |        or|   0|  0|   2|           1|           1|
    |or_ln144_46_fu_4565_p2    |        or|   0|  0|   2|           1|           1|
    |or_ln144_47_fu_4571_p2    |        or|   0|  0|   2|           1|           1|
    |or_ln144_48_fu_4708_p2    |        or|   0|  0|   2|           1|           1|
    |or_ln144_49_fu_4714_p2    |        or|   0|  0|   2|           1|           1|
    |or_ln144_4_fu_2887_p2     |        or|   0|  0|   2|           1|           1|
    |or_ln144_50_fu_4720_p2    |        or|   0|  0|   2|           1|           1|
    |or_ln144_51_fu_4857_p2    |        or|   0|  0|   2|           1|           1|
    |or_ln144_52_fu_4863_p2    |        or|   0|  0|   2|           1|           1|
    |or_ln144_53_fu_4869_p2    |        or|   0|  0|   2|           1|           1|
    |or_ln144_54_fu_5006_p2    |        or|   0|  0|   2|           1|           1|
    |or_ln144_55_fu_5012_p2    |        or|   0|  0|   2|           1|           1|
    |or_ln144_56_fu_5018_p2    |        or|   0|  0|   2|           1|           1|
    |or_ln144_57_fu_5155_p2    |        or|   0|  0|   2|           1|           1|
    |or_ln144_58_fu_5161_p2    |        or|   0|  0|   2|           1|           1|
    |or_ln144_59_fu_5167_p2    |        or|   0|  0|   2|           1|           1|
    |or_ln144_5_fu_2891_p2     |        or|   0|  0|   2|           1|           1|
    |or_ln144_6_fu_2897_p2     |        or|   0|  0|   2|           1|           1|
    |or_ln144_7_fu_5231_p2     |        or|   0|  0|   2|           1|           1|
    |or_ln144_8_fu_5235_p2     |        or|   0|  0|   2|           1|           1|
    |or_ln144_9_fu_3039_p2     |        or|   0|  0|   2|           1|           1|
    |or_ln144_fu_2867_p2       |        or|   0|  0|   2|           1|           1|
    |acc_574_fu_2903_p3        |    select|   0|  0|  14|           1|          14|
    |acc_576_fu_3057_p3        |    select|   0|  0|  14|           1|          14|
    |acc_578_fu_3236_p3        |    select|   0|  0|  14|           1|          14|
    |acc_580_fu_3385_p3        |    select|   0|  0|  14|           1|          14|
    |acc_582_fu_3534_p3        |    select|   0|  0|  14|           1|          14|
    |acc_584_fu_3683_p3        |    select|   0|  0|  14|           1|          14|
    |acc_586_fu_3832_p3        |    select|   0|  0|  14|           1|          14|
    |acc_588_fu_3981_p3        |    select|   0|  0|  14|           1|          14|
    |acc_590_fu_4130_p3        |    select|   0|  0|  14|           1|          14|
    |acc_592_fu_4279_p3        |    select|   0|  0|  14|           1|          14|
    |acc_594_fu_4428_p3        |    select|   0|  0|  14|           1|          14|
    |acc_596_fu_4577_p3        |    select|   0|  0|  14|           1|          14|
    |acc_598_fu_4726_p3        |    select|   0|  0|  14|           1|          14|
    |acc_600_fu_4875_p3        |    select|   0|  0|  14|           1|          14|
    |acc_602_fu_5024_p3        |    select|   0|  0|  14|           1|          14|
    |acc_604_fu_5173_p3        |    select|   0|  0|  14|           1|          14|
    |acc_606_fu_2993_p3        |    select|   0|  0|  14|           1|          14|
    |acc_607_fu_2986_p3        |    select|   0|  0|  14|           1|          14|
    |acc_608_fu_2979_p3        |    select|   0|  0|  14|           1|          14|
    |acc_609_fu_2972_p3        |    select|   0|  0|  14|           1|          14|
    |acc_610_fu_2965_p3        |    select|   0|  0|  14|           1|          14|
    |acc_611_fu_2958_p3        |    select|   0|  0|  14|           1|          14|
    |acc_612_fu_5240_p3        |    select|   0|  0|  14|           1|          14|
    |acc_613_fu_5246_p3        |    select|   0|  0|  14|           1|          14|
    |acc_614_fu_3155_p3        |    select|   0|  0|  14|           1|          14|
    |acc_615_fu_3148_p3        |    select|   0|  0|  14|           1|          14|
    |acc_616_fu_3141_p3        |    select|   0|  0|  14|           1|          14|
    |acc_617_fu_3134_p3        |    select|   0|  0|  14|           1|          14|
    |acc_618_fu_3127_p3        |    select|   0|  0|  14|           1|          14|
    |acc_619_fu_3120_p3        |    select|   0|  0|  14|           1|          14|
    |acc_620_fu_3112_p3        |    select|   0|  0|  14|           1|          14|
    |acc_621_fu_5251_p3        |    select|   0|  0|  14|           1|          14|
    |acc_622_fu_3334_p3        |    select|   0|  0|  14|           1|          14|
    |acc_623_fu_3327_p3        |    select|   0|  0|  14|           1|          14|
    |acc_624_fu_3320_p3        |    select|   0|  0|  14|           1|          14|
    |acc_625_fu_3313_p3        |    select|   0|  0|  14|           1|          14|
    |acc_626_fu_3306_p3        |    select|   0|  0|  14|           1|          14|
    |acc_627_fu_3299_p3        |    select|   0|  0|  14|           1|          14|
    |acc_628_fu_3291_p3        |    select|   0|  0|  14|           1|          14|
    |acc_629_fu_5256_p3        |    select|   0|  0|  14|           1|          14|
    |acc_630_fu_3483_p3        |    select|   0|  0|  14|           1|          14|
    |acc_631_fu_3476_p3        |    select|   0|  0|  14|           1|          14|
    |acc_632_fu_3469_p3        |    select|   0|  0|  14|           1|          14|
    |acc_633_fu_3462_p3        |    select|   0|  0|  14|           1|          14|
    |acc_634_fu_3455_p3        |    select|   0|  0|  14|           1|          14|
    |acc_635_fu_3448_p3        |    select|   0|  0|  14|           1|          14|
    |acc_636_fu_3440_p3        |    select|   0|  0|  14|           1|          14|
    |acc_637_fu_5261_p3        |    select|   0|  0|  14|           1|          14|
    |acc_638_fu_3632_p3        |    select|   0|  0|  14|           1|          14|
    |acc_639_fu_3625_p3        |    select|   0|  0|  14|           1|          14|
    |acc_640_fu_3618_p3        |    select|   0|  0|  14|           1|          14|
    |acc_641_fu_3611_p3        |    select|   0|  0|  14|           1|          14|
    |acc_642_fu_3604_p3        |    select|   0|  0|  14|           1|          14|
    |acc_643_fu_3597_p3        |    select|   0|  0|  14|           1|          14|
    |acc_644_fu_3589_p3        |    select|   0|  0|  14|           1|          14|
    |acc_645_fu_5266_p3        |    select|   0|  0|  14|           1|          14|
    |acc_646_fu_3781_p3        |    select|   0|  0|  14|           1|          14|
    |acc_647_fu_3774_p3        |    select|   0|  0|  14|           1|          14|
    |acc_648_fu_3767_p3        |    select|   0|  0|  14|           1|          14|
    |acc_649_fu_3760_p3        |    select|   0|  0|  14|           1|          14|
    |acc_650_fu_3753_p3        |    select|   0|  0|  14|           1|          14|
    |acc_651_fu_3746_p3        |    select|   0|  0|  14|           1|          14|
    |acc_652_fu_3738_p3        |    select|   0|  0|  14|           1|          14|
    |acc_653_fu_5271_p3        |    select|   0|  0|  14|           1|          14|
    |acc_654_fu_3930_p3        |    select|   0|  0|  14|           1|          14|
    |acc_655_fu_3923_p3        |    select|   0|  0|  14|           1|          14|
    |acc_656_fu_3916_p3        |    select|   0|  0|  14|           1|          14|
    |acc_657_fu_3909_p3        |    select|   0|  0|  14|           1|          14|
    |acc_658_fu_3902_p3        |    select|   0|  0|  14|           1|          14|
    |acc_659_fu_3895_p3        |    select|   0|  0|  14|           1|          14|
    |acc_660_fu_3887_p3        |    select|   0|  0|  14|           1|          14|
    |acc_661_fu_5276_p3        |    select|   0|  0|  14|           1|          14|
    |acc_662_fu_4079_p3        |    select|   0|  0|  14|           1|          14|
    |acc_663_fu_4072_p3        |    select|   0|  0|  14|           1|          14|
    |acc_664_fu_4065_p3        |    select|   0|  0|  14|           1|          14|
    |acc_665_fu_4058_p3        |    select|   0|  0|  14|           1|          14|
    |acc_666_fu_4051_p3        |    select|   0|  0|  14|           1|          14|
    |acc_667_fu_4044_p3        |    select|   0|  0|  14|           1|          14|
    |acc_668_fu_4036_p3        |    select|   0|  0|  14|           1|          14|
    |acc_669_fu_5281_p3        |    select|   0|  0|  14|           1|          14|
    |acc_670_fu_4228_p3        |    select|   0|  0|  14|           1|          14|
    |acc_671_fu_4221_p3        |    select|   0|  0|  14|           1|          14|
    |acc_672_fu_4214_p3        |    select|   0|  0|  14|           1|          14|
    |acc_673_fu_4207_p3        |    select|   0|  0|  14|           1|          14|
    |acc_674_fu_4200_p3        |    select|   0|  0|  14|           1|          14|
    |acc_675_fu_4193_p3        |    select|   0|  0|  14|           1|          14|
    |acc_676_fu_4185_p3        |    select|   0|  0|  14|           1|          14|
    |acc_677_fu_5286_p3        |    select|   0|  0|  14|           1|          14|
    |acc_678_fu_4377_p3        |    select|   0|  0|  14|           1|          14|
    |acc_679_fu_4370_p3        |    select|   0|  0|  14|           1|          14|
    |acc_680_fu_4363_p3        |    select|   0|  0|  14|           1|          14|
    |acc_681_fu_4356_p3        |    select|   0|  0|  14|           1|          14|
    |acc_682_fu_4349_p3        |    select|   0|  0|  14|           1|          14|
    |acc_683_fu_4342_p3        |    select|   0|  0|  14|           1|          14|
    |acc_684_fu_4334_p3        |    select|   0|  0|  14|           1|          14|
    |acc_685_fu_5291_p3        |    select|   0|  0|  14|           1|          14|
    |acc_686_fu_4526_p3        |    select|   0|  0|  14|           1|          14|
    |acc_687_fu_4519_p3        |    select|   0|  0|  14|           1|          14|
    |acc_688_fu_4512_p3        |    select|   0|  0|  14|           1|          14|
    |acc_689_fu_4505_p3        |    select|   0|  0|  14|           1|          14|
    |acc_690_fu_4498_p3        |    select|   0|  0|  14|           1|          14|
    |acc_691_fu_4491_p3        |    select|   0|  0|  14|           1|          14|
    |acc_692_fu_4483_p3        |    select|   0|  0|  14|           1|          14|
    |acc_693_fu_5296_p3        |    select|   0|  0|  14|           1|          14|
    |acc_694_fu_4675_p3        |    select|   0|  0|  14|           1|          14|
    |acc_695_fu_4668_p3        |    select|   0|  0|  14|           1|          14|
    |acc_696_fu_4661_p3        |    select|   0|  0|  14|           1|          14|
    |acc_697_fu_4654_p3        |    select|   0|  0|  14|           1|          14|
    |acc_698_fu_4647_p3        |    select|   0|  0|  14|           1|          14|
    |acc_699_fu_4640_p3        |    select|   0|  0|  14|           1|          14|
    |acc_700_fu_4632_p3        |    select|   0|  0|  14|           1|          14|
    |acc_701_fu_5301_p3        |    select|   0|  0|  14|           1|          14|
    |acc_702_fu_4824_p3        |    select|   0|  0|  14|           1|          14|
    |acc_703_fu_4817_p3        |    select|   0|  0|  14|           1|          14|
    |acc_704_fu_4810_p3        |    select|   0|  0|  14|           1|          14|
    |acc_705_fu_4803_p3        |    select|   0|  0|  14|           1|          14|
    |acc_706_fu_4796_p3        |    select|   0|  0|  14|           1|          14|
    |acc_707_fu_4789_p3        |    select|   0|  0|  14|           1|          14|
    |acc_708_fu_4781_p3        |    select|   0|  0|  14|           1|          14|
    |acc_709_fu_5306_p3        |    select|   0|  0|  14|           1|          14|
    |acc_710_fu_4973_p3        |    select|   0|  0|  14|           1|          14|
    |acc_711_fu_4966_p3        |    select|   0|  0|  14|           1|          14|
    |acc_712_fu_4959_p3        |    select|   0|  0|  14|           1|          14|
    |acc_713_fu_4952_p3        |    select|   0|  0|  14|           1|          14|
    |acc_714_fu_4945_p3        |    select|   0|  0|  14|           1|          14|
    |acc_715_fu_4938_p3        |    select|   0|  0|  14|           1|          14|
    |acc_716_fu_4930_p3        |    select|   0|  0|  14|           1|          14|
    |acc_717_fu_5311_p3        |    select|   0|  0|  14|           1|          14|
    |acc_718_fu_5122_p3        |    select|   0|  0|  14|           1|          14|
    |acc_719_fu_5115_p3        |    select|   0|  0|  14|           1|          14|
    |acc_720_fu_5108_p3        |    select|   0|  0|  14|           1|          14|
    |acc_721_fu_5101_p3        |    select|   0|  0|  14|           1|          14|
    |acc_722_fu_5094_p3        |    select|   0|  0|  14|           1|          14|
    |acc_723_fu_5087_p3        |    select|   0|  0|  14|           1|          14|
    |acc_724_fu_5079_p3        |    select|   0|  0|  14|           1|          14|
    |acc_725_fu_5316_p3        |    select|   0|  0|  14|           1|          14|
    |acc_726_fu_5224_p3        |    select|   0|  0|  14|           1|          14|
    |acc_727_fu_5217_p3        |    select|   0|  0|  14|           1|          14|
    |acc_728_fu_5210_p3        |    select|   0|  0|  14|           1|          14|
    |acc_729_fu_5203_p3        |    select|   0|  0|  14|           1|          14|
    |acc_730_fu_5196_p3        |    select|   0|  0|  14|           1|          14|
    |acc_731_fu_5189_p3        |    select|   0|  0|  14|           1|          14|
    |acc_732_fu_5181_p3        |    select|   0|  0|  14|           1|          14|
    |acc_fu_3000_p3            |    select|   0|  0|  14|           1|          14|
    |in_index_6_fu_2141_p3     |    select|   0|  0|  32|           1|           1|
    |ap_enable_pp0             |       xor|   0|  0|   2|           1|           2|
    +--------------------------+----------+----+---+----+------------+------------+
    |Total                     |          |   0|  0|3741|        1008|        3031|
    +--------------------------+----------+----+---+----+------------+------------+

    * Multiplexer: 
    +-----------------------------------+----+-----------+-----+-----------+
    |                Name               | LUT| Input Size| Bits| Total Bits|
    +-----------------------------------+----+-----------+-----+-----------+
    |ap_NS_fsm                          |  13|          3|    1|          3|
    |ap_enable_reg_pp0_iter1            |   9|          2|    1|          2|
    |ap_enable_reg_pp0_iter7            |   9|          2|    1|          2|
    |ap_phi_mux_in_index_phi_fu_294_p6  |  13|          3|   32|         96|
    |ap_phi_mux_ir_phi_fu_280_p6        |  13|          3|    6|         18|
    |ap_phi_mux_x_256_phi_fu_2072_p6    |  13|          3|   14|         42|
    |ap_phi_mux_x_257_phi_fu_2058_p6    |  13|          3|   14|         42|
    |ap_phi_mux_x_258_phi_fu_2044_p6    |  13|          3|   14|         42|
    |ap_phi_mux_x_259_phi_fu_2030_p6    |  13|          3|   14|         42|
    |ap_phi_mux_x_260_phi_fu_2016_p6    |  13|          3|   14|         42|
    |ap_phi_mux_x_261_phi_fu_2002_p6    |  13|          3|   14|         42|
    |ap_phi_mux_x_262_phi_fu_1988_p6    |  13|          3|   14|         42|
    |ap_phi_mux_x_263_phi_fu_1974_p6    |  13|          3|   14|         42|
    |ap_phi_mux_x_264_phi_fu_1960_p6    |  13|          3|   14|         42|
    |ap_phi_mux_x_265_phi_fu_1946_p6    |  13|          3|   14|         42|
    |ap_phi_mux_x_266_phi_fu_1932_p6    |  13|          3|   14|         42|
    |ap_phi_mux_x_267_phi_fu_1918_p6    |  13|          3|   14|         42|
    |ap_phi_mux_x_268_phi_fu_1904_p6    |  13|          3|   14|         42|
    |ap_phi_mux_x_269_phi_fu_1890_p6    |  13|          3|   14|         42|
    |ap_phi_mux_x_270_phi_fu_1876_p6    |  13|          3|   14|         42|
    |ap_phi_mux_x_271_phi_fu_1862_p6    |  13|          3|   14|         42|
    |ap_phi_mux_x_272_phi_fu_1848_p6    |  13|          3|   14|         42|
    |ap_phi_mux_x_273_phi_fu_1834_p6    |  13|          3|   14|         42|
    |ap_phi_mux_x_274_phi_fu_1820_p6    |  13|          3|   14|         42|
    |ap_phi_mux_x_275_phi_fu_1806_p6    |  13|          3|   14|         42|
    |ap_phi_mux_x_276_phi_fu_1792_p6    |  13|          3|   14|         42|
    |ap_phi_mux_x_277_phi_fu_1778_p6    |  13|          3|   14|         42|
    |ap_phi_mux_x_278_phi_fu_1764_p6    |  13|          3|   14|         42|
    |ap_phi_mux_x_279_phi_fu_1750_p6    |  13|          3|   14|         42|
    |ap_phi_mux_x_280_phi_fu_1736_p6    |  13|          3|   14|         42|
    |ap_phi_mux_x_281_phi_fu_1722_p6    |  13|          3|   14|         42|
    |ap_phi_mux_x_282_phi_fu_1708_p6    |  13|          3|   14|         42|
    |ap_phi_mux_x_283_phi_fu_1694_p6    |  13|          3|   14|         42|
    |ap_phi_mux_x_284_phi_fu_1680_p6    |  13|          3|   14|         42|
    |ap_phi_mux_x_285_phi_fu_1666_p6    |  13|          3|   14|         42|
    |ap_phi_mux_x_286_phi_fu_1652_p6    |  13|          3|   14|         42|
    |ap_phi_mux_x_287_phi_fu_1638_p6    |  13|          3|   14|         42|
    |ap_phi_mux_x_288_phi_fu_1624_p6    |  13|          3|   14|         42|
    |ap_phi_mux_x_289_phi_fu_1610_p6    |  13|          3|   14|         42|
    |ap_phi_mux_x_290_phi_fu_1596_p6    |  13|          3|   14|         42|
    |ap_phi_mux_x_291_phi_fu_1582_p6    |  13|          3|   14|         42|
    |ap_phi_mux_x_292_phi_fu_1568_p6    |  13|          3|   14|         42|
    |ap_phi_mux_x_293_phi_fu_1554_p6    |  13|          3|   14|         42|
    |ap_phi_mux_x_294_phi_fu_1540_p6    |  13|          3|   14|         42|
    |ap_phi_mux_x_295_phi_fu_1526_p6    |  13|          3|   14|         42|
    |ap_phi_mux_x_296_phi_fu_1512_p6    |  13|          3|   14|         42|
    |ap_phi_mux_x_297_phi_fu_1498_p6    |  13|          3|   14|         42|
    |ap_phi_mux_x_298_phi_fu_1484_p6    |  13|          3|   14|         42|
    |ap_phi_mux_x_299_phi_fu_1470_p6    |  13|          3|   14|         42|
    |ap_phi_mux_x_300_phi_fu_1456_p6    |  13|          3|   14|         42|
    |ap_phi_mux_x_301_phi_fu_1442_p6    |  13|          3|   14|         42|
    |ap_phi_mux_x_302_phi_fu_1428_p6    |  13|          3|   14|         42|
    |ap_phi_mux_x_303_phi_fu_1414_p6    |  13|          3|   14|         42|
    |ap_phi_mux_x_304_phi_fu_1400_p6    |  13|          3|   14|         42|
    |ap_phi_mux_x_305_phi_fu_1386_p6    |  13|          3|   14|         42|
    |ap_phi_mux_x_306_phi_fu_1372_p6    |  13|          3|   14|         42|
    |ap_phi_mux_x_307_phi_fu_1358_p6    |  13|          3|   14|         42|
    |ap_phi_mux_x_308_phi_fu_1344_p6    |  13|          3|   14|         42|
    |ap_phi_mux_x_309_phi_fu_1330_p6    |  13|          3|   14|         42|
    |ap_phi_mux_x_310_phi_fu_1316_p6    |  13|          3|   14|         42|
    |ap_phi_mux_x_311_phi_fu_1302_p6    |  13|          3|   14|         42|
    |ap_phi_mux_x_312_phi_fu_1288_p6    |  13|          3|   14|         42|
    |ap_phi_mux_x_313_phi_fu_1274_p6    |  13|          3|   14|         42|
    |ap_phi_mux_x_314_phi_fu_1260_p6    |  13|          3|   14|         42|
    |ap_phi_mux_x_315_phi_fu_1246_p6    |  13|          3|   14|         42|
    |ap_phi_mux_x_316_phi_fu_1232_p6    |  13|          3|   14|         42|
    |ap_phi_mux_x_317_phi_fu_1218_p6    |  13|          3|   14|         42|
    |ap_phi_mux_x_318_phi_fu_1204_p6    |  13|          3|   14|         42|
    |ap_phi_mux_x_319_phi_fu_1190_p6    |  13|          3|   14|         42|
    |ap_phi_mux_x_320_phi_fu_1176_p6    |  13|          3|   14|         42|
    |ap_phi_mux_x_321_phi_fu_1162_p6    |  13|          3|   14|         42|
    |ap_phi_mux_x_322_phi_fu_1148_p6    |  13|          3|   14|         42|
    |ap_phi_mux_x_323_phi_fu_1134_p6    |  13|          3|   14|         42|
    |ap_phi_mux_x_324_phi_fu_1120_p6    |  13|          3|   14|         42|
    |ap_phi_mux_x_325_phi_fu_1106_p6    |  13|          3|   14|         42|
    |ap_phi_mux_x_326_phi_fu_1092_p6    |  13|          3|   14|         42|
    |ap_phi_mux_x_327_phi_fu_1078_p6    |  13|          3|   14|         42|
    |ap_phi_mux_x_328_phi_fu_1064_p6    |  13|          3|   14|         42|
    |ap_phi_mux_x_329_phi_fu_1050_p6    |  13|          3|   14|         42|
    |ap_phi_mux_x_330_phi_fu_1036_p6    |  13|          3|   14|         42|
    |ap_phi_mux_x_331_phi_fu_1022_p6    |  13|          3|   14|         42|
    |ap_phi_mux_x_332_phi_fu_1008_p6    |  13|          3|   14|         42|
    |ap_phi_mux_x_333_phi_fu_994_p6     |  13|          3|   14|         42|
    |ap_phi_mux_x_334_phi_fu_980_p6     |  13|          3|   14|         42|
    |ap_phi_mux_x_335_phi_fu_966_p6     |  13|          3|   14|         42|
    |ap_phi_mux_x_336_phi_fu_952_p6     |  13|          3|   14|         42|
    |ap_phi_mux_x_337_phi_fu_938_p6     |  13|          3|   14|         42|
    |ap_phi_mux_x_338_phi_fu_924_p6     |  13|          3|   14|         42|
    |ap_phi_mux_x_339_phi_fu_910_p6     |  13|          3|   14|         42|
    |ap_phi_mux_x_340_phi_fu_896_p6     |  13|          3|   14|         42|
    |ap_phi_mux_x_341_phi_fu_882_p6     |  13|          3|   14|         42|
    |ap_phi_mux_x_342_phi_fu_868_p6     |  13|          3|   14|         42|
    |ap_phi_mux_x_343_phi_fu_854_p6     |  13|          3|   14|         42|
    |ap_phi_mux_x_344_phi_fu_840_p6     |  13|          3|   14|         42|
    |ap_phi_mux_x_345_phi_fu_826_p6     |  13|          3|   14|         42|
    |ap_phi_mux_x_346_phi_fu_812_p6     |  13|          3|   14|         42|
    |ap_phi_mux_x_347_phi_fu_798_p6     |  13|          3|   14|         42|
    |ap_phi_mux_x_348_phi_fu_784_p6     |  13|          3|   14|         42|
    |ap_phi_mux_x_349_phi_fu_770_p6     |  13|          3|   14|         42|
    |ap_phi_mux_x_350_phi_fu_756_p6     |  13|          3|   14|         42|
    |ap_phi_mux_x_351_phi_fu_742_p6     |  13|          3|   14|         42|
    |ap_phi_mux_x_352_phi_fu_728_p6     |  13|          3|   14|         42|
    |ap_phi_mux_x_353_phi_fu_714_p6     |  13|          3|   14|         42|
    |ap_phi_mux_x_354_phi_fu_700_p6     |  13|          3|   14|         42|
    |ap_phi_mux_x_355_phi_fu_686_p6     |  13|          3|   14|         42|
    |ap_phi_mux_x_356_phi_fu_672_p6     |  13|          3|   14|         42|
    |ap_phi_mux_x_357_phi_fu_658_p6     |  13|          3|   14|         42|
    |ap_phi_mux_x_358_phi_fu_644_p6     |  13|          3|   14|         42|
    |ap_phi_mux_x_359_phi_fu_630_p6     |  13|          3|   14|         42|
    |ap_phi_mux_x_360_phi_fu_616_p6     |  13|          3|   14|         42|
    |ap_phi_mux_x_361_phi_fu_602_p6     |  13|          3|   14|         42|
    |ap_phi_mux_x_362_phi_fu_588_p6     |  13|          3|   14|         42|
    |ap_phi_mux_x_363_phi_fu_574_p6     |  13|          3|   14|         42|
    |ap_phi_mux_x_364_phi_fu_560_p6     |  13|          3|   14|         42|
    |ap_phi_mux_x_365_phi_fu_546_p6     |  13|          3|   14|         42|
    |ap_phi_mux_x_366_phi_fu_532_p6     |  13|          3|   14|         42|
    |ap_phi_mux_x_367_phi_fu_518_p6     |  13|          3|   14|         42|
    |ap_phi_mux_x_368_phi_fu_504_p6     |  13|          3|   14|         42|
    |ap_phi_mux_x_369_phi_fu_490_p6     |  13|          3|   14|         42|
    |ap_phi_mux_x_370_phi_fu_476_p6     |  13|          3|   14|         42|
    |ap_phi_mux_x_371_phi_fu_462_p6     |  13|          3|   14|         42|
    |ap_phi_mux_x_372_phi_fu_448_p6     |  13|          3|   14|         42|
    |ap_phi_mux_x_373_phi_fu_434_p6     |  13|          3|   14|         42|
    |ap_phi_mux_x_374_phi_fu_420_p6     |  13|          3|   14|         42|
    |ap_phi_mux_x_375_phi_fu_406_p6     |  13|          3|   14|         42|
    |ap_phi_mux_x_376_phi_fu_392_p6     |  13|          3|   14|         42|
    |ap_phi_mux_x_377_phi_fu_378_p6     |  13|          3|   14|         42|
    |ap_phi_mux_x_378_phi_fu_364_p6     |  13|          3|   14|         42|
    |ap_phi_mux_x_379_phi_fu_350_p6     |  13|          3|   14|         42|
    |ap_phi_mux_x_380_phi_fu_336_p6     |  13|          3|   14|         42|
    |ap_phi_mux_x_381_phi_fu_322_p6     |  13|          3|   14|         42|
    |ap_phi_mux_x_382_phi_fu_308_p6     |  13|          3|   14|         42|
    |ap_phi_mux_x_phi_fu_2086_p6        |  13|          3|   14|         42|
    |in_index_reg_290                   |   9|          2|   32|         64|
    |ir_reg_276                         |   9|          2|    6|         12|
    |x_256_reg_2068                     |   9|          2|   14|         28|
    |x_257_reg_2054                     |   9|          2|   14|         28|
    |x_258_reg_2040                     |   9|          2|   14|         28|
    |x_259_reg_2026                     |   9|          2|   14|         28|
    |x_260_reg_2012                     |   9|          2|   14|         28|
    |x_261_reg_1998                     |   9|          2|   14|         28|
    |x_262_reg_1984                     |   9|          2|   14|         28|
    |x_263_reg_1970                     |   9|          2|   14|         28|
    |x_264_reg_1956                     |   9|          2|   14|         28|
    |x_265_reg_1942                     |   9|          2|   14|         28|
    |x_266_reg_1928                     |   9|          2|   14|         28|
    |x_267_reg_1914                     |   9|          2|   14|         28|
    |x_268_reg_1900                     |   9|          2|   14|         28|
    |x_269_reg_1886                     |   9|          2|   14|         28|
    |x_270_reg_1872                     |   9|          2|   14|         28|
    |x_271_reg_1858                     |   9|          2|   14|         28|
    |x_272_reg_1844                     |   9|          2|   14|         28|
    |x_273_reg_1830                     |   9|          2|   14|         28|
    |x_274_reg_1816                     |   9|          2|   14|         28|
    |x_275_reg_1802                     |   9|          2|   14|         28|
    |x_276_reg_1788                     |   9|          2|   14|         28|
    |x_277_reg_1774                     |   9|          2|   14|         28|
    |x_278_reg_1760                     |   9|          2|   14|         28|
    |x_279_reg_1746                     |   9|          2|   14|         28|
    |x_280_reg_1732                     |   9|          2|   14|         28|
    |x_281_reg_1718                     |   9|          2|   14|         28|
    |x_282_reg_1704                     |   9|          2|   14|         28|
    |x_283_reg_1690                     |   9|          2|   14|         28|
    |x_284_reg_1676                     |   9|          2|   14|         28|
    |x_285_reg_1662                     |   9|          2|   14|         28|
    |x_286_reg_1648                     |   9|          2|   14|         28|
    |x_287_reg_1634                     |   9|          2|   14|         28|
    |x_288_reg_1620                     |   9|          2|   14|         28|
    |x_289_reg_1606                     |   9|          2|   14|         28|
    |x_290_reg_1592                     |   9|          2|   14|         28|
    |x_291_reg_1578                     |   9|          2|   14|         28|
    |x_292_reg_1564                     |   9|          2|   14|         28|
    |x_293_reg_1550                     |   9|          2|   14|         28|
    |x_294_reg_1536                     |   9|          2|   14|         28|
    |x_295_reg_1522                     |   9|          2|   14|         28|
    |x_296_reg_1508                     |   9|          2|   14|         28|
    |x_297_reg_1494                     |   9|          2|   14|         28|
    |x_298_reg_1480                     |   9|          2|   14|         28|
    |x_299_reg_1466                     |   9|          2|   14|         28|
    |x_300_reg_1452                     |   9|          2|   14|         28|
    |x_301_reg_1438                     |   9|          2|   14|         28|
    |x_302_reg_1424                     |   9|          2|   14|         28|
    |x_303_reg_1410                     |   9|          2|   14|         28|
    |x_304_reg_1396                     |   9|          2|   14|         28|
    |x_305_reg_1382                     |   9|          2|   14|         28|
    |x_306_reg_1368                     |   9|          2|   14|         28|
    |x_307_reg_1354                     |   9|          2|   14|         28|
    |x_308_reg_1340                     |   9|          2|   14|         28|
    |x_309_reg_1326                     |   9|          2|   14|         28|
    |x_310_reg_1312                     |   9|          2|   14|         28|
    |x_311_reg_1298                     |   9|          2|   14|         28|
    |x_312_reg_1284                     |   9|          2|   14|         28|
    |x_313_reg_1270                     |   9|          2|   14|         28|
    |x_314_reg_1256                     |   9|          2|   14|         28|
    |x_315_reg_1242                     |   9|          2|   14|         28|
    |x_316_reg_1228                     |   9|          2|   14|         28|
    |x_317_reg_1214                     |   9|          2|   14|         28|
    |x_318_reg_1200                     |   9|          2|   14|         28|
    |x_319_reg_1186                     |   9|          2|   14|         28|
    |x_320_reg_1172                     |   9|          2|   14|         28|
    |x_321_reg_1158                     |   9|          2|   14|         28|
    |x_322_reg_1144                     |   9|          2|   14|         28|
    |x_323_reg_1130                     |   9|          2|   14|         28|
    |x_324_reg_1116                     |   9|          2|   14|         28|
    |x_325_reg_1102                     |   9|          2|   14|         28|
    |x_326_reg_1088                     |   9|          2|   14|         28|
    |x_327_reg_1074                     |   9|          2|   14|         28|
    |x_328_reg_1060                     |   9|          2|   14|         28|
    |x_329_reg_1046                     |   9|          2|   14|         28|
    |x_330_reg_1032                     |   9|          2|   14|         28|
    |x_331_reg_1018                     |   9|          2|   14|         28|
    |x_332_reg_1004                     |   9|          2|   14|         28|
    |x_333_reg_990                      |   9|          2|   14|         28|
    |x_334_reg_976                      |   9|          2|   14|         28|
    |x_335_reg_962                      |   9|          2|   14|         28|
    |x_336_reg_948                      |   9|          2|   14|         28|
    |x_337_reg_934                      |   9|          2|   14|         28|
    |x_338_reg_920                      |   9|          2|   14|         28|
    |x_339_reg_906                      |   9|          2|   14|         28|
    |x_340_reg_892                      |   9|          2|   14|         28|
    |x_341_reg_878                      |   9|          2|   14|         28|
    |x_342_reg_864                      |   9|          2|   14|         28|
    |x_343_reg_850                      |   9|          2|   14|         28|
    |x_344_reg_836                      |   9|          2|   14|         28|
    |x_345_reg_822                      |   9|          2|   14|         28|
    |x_346_reg_808                      |   9|          2|   14|         28|
    |x_347_reg_794                      |   9|          2|   14|         28|
    |x_348_reg_780                      |   9|          2|   14|         28|
    |x_349_reg_766                      |   9|          2|   14|         28|
    |x_350_reg_752                      |   9|          2|   14|         28|
    |x_351_reg_738                      |   9|          2|   14|         28|
    |x_352_reg_724                      |   9|          2|   14|         28|
    |x_353_reg_710                      |   9|          2|   14|         28|
    |x_354_reg_696                      |   9|          2|   14|         28|
    |x_355_reg_682                      |   9|          2|   14|         28|
    |x_356_reg_668                      |   9|          2|   14|         28|
    |x_357_reg_654                      |   9|          2|   14|         28|
    |x_358_reg_640                      |   9|          2|   14|         28|
    |x_359_reg_626                      |   9|          2|   14|         28|
    |x_360_reg_612                      |   9|          2|   14|         28|
    |x_361_reg_598                      |   9|          2|   14|         28|
    |x_362_reg_584                      |   9|          2|   14|         28|
    |x_363_reg_570                      |   9|          2|   14|         28|
    |x_364_reg_556                      |   9|          2|   14|         28|
    |x_365_reg_542                      |   9|          2|   14|         28|
    |x_366_reg_528                      |   9|          2|   14|         28|
    |x_367_reg_514                      |   9|          2|   14|         28|
    |x_368_reg_500                      |   9|          2|   14|         28|
    |x_369_reg_486                      |   9|          2|   14|         28|
    |x_370_reg_472                      |   9|          2|   14|         28|
    |x_371_reg_458                      |   9|          2|   14|         28|
    |x_372_reg_444                      |   9|          2|   14|         28|
    |x_373_reg_430                      |   9|          2|   14|         28|
    |x_374_reg_416                      |   9|          2|   14|         28|
    |x_375_reg_402                      |   9|          2|   14|         28|
    |x_376_reg_388                      |   9|          2|   14|         28|
    |x_377_reg_374                      |   9|          2|   14|         28|
    |x_378_reg_360                      |   9|          2|   14|         28|
    |x_379_reg_346                      |   9|          2|   14|         28|
    |x_380_reg_332                      |   9|          2|   14|         28|
    |x_381_reg_318                      |   9|          2|   14|         28|
    |x_382_reg_304                      |   9|          2|   14|         28|
    |x_reg_2082                         |   9|          2|   14|         28|
    +-----------------------------------+----+-----------+-----+-----------+
    |Total                              |2891|        657| 3663|       9157|
    +-----------------------------------+----+-----------+-----+-----------+

    * Register: 
    +-------------------------+----+----+-----+-----------+
    |           Name          | FF | LUT| Bits| Const Bits|
    +-------------------------+----+----+-----+-----------+
    |acc_574_reg_6454         |  14|   0|   14|          0|
    |acc_575_reg_6434         |  14|   0|   14|          0|
    |acc_576_reg_6506         |  14|   0|   14|          0|
    |acc_577_reg_6501         |  14|   0|   14|          0|
    |acc_578_reg_6577         |  14|   0|   14|          0|
    |acc_579_reg_6572         |  14|   0|   14|          0|
    |acc_580_reg_6629         |  14|   0|   14|          0|
    |acc_581_reg_6624         |  14|   0|   14|          0|
    |acc_582_reg_6681         |  14|   0|   14|          0|
    |acc_583_reg_6676         |  14|   0|   14|          0|
    |acc_584_reg_6733         |  14|   0|   14|          0|
    |acc_585_reg_6728         |  14|   0|   14|          0|
    |acc_586_reg_6785         |  14|   0|   14|          0|
    |acc_587_reg_6780         |  14|   0|   14|          0|
    |acc_588_reg_6837         |  14|   0|   14|          0|
    |acc_589_reg_6832         |  14|   0|   14|          0|
    |acc_590_reg_6889         |  14|   0|   14|          0|
    |acc_591_reg_6884         |  14|   0|   14|          0|
    |acc_592_reg_6941         |  14|   0|   14|          0|
    |acc_593_reg_6936         |  14|   0|   14|          0|
    |acc_594_reg_6993         |  14|   0|   14|          0|
    |acc_595_reg_6988         |  14|   0|   14|          0|
    |acc_596_reg_7045         |  14|   0|   14|          0|
    |acc_597_reg_7040         |  14|   0|   14|          0|
    |acc_598_reg_7097         |  14|   0|   14|          0|
    |acc_599_reg_7092         |  14|   0|   14|          0|
    |acc_600_reg_7149         |  14|   0|   14|          0|
    |acc_601_reg_7144         |  14|   0|   14|          0|
    |acc_602_reg_7201         |  14|   0|   14|          0|
    |acc_603_reg_7196         |  14|   0|   14|          0|
    |acc_604_reg_7253         |  14|   0|   14|          0|
    |acc_605_reg_7248         |  14|   0|   14|          0|
    |acc_606_reg_6489         |  14|   0|   14|          0|
    |acc_607_reg_6483         |  14|   0|   14|          0|
    |acc_608_reg_6477         |  14|   0|   14|          0|
    |acc_609_reg_6471         |  14|   0|   14|          0|
    |acc_610_reg_6465         |  14|   0|   14|          0|
    |acc_611_reg_6459         |  14|   0|   14|          0|
    |acc_614_reg_6547         |  14|   0|   14|          0|
    |acc_615_reg_6541         |  14|   0|   14|          0|
    |acc_616_reg_6535         |  14|   0|   14|          0|
    |acc_617_reg_6529         |  14|   0|   14|          0|
    |acc_618_reg_6523         |  14|   0|   14|          0|
    |acc_619_reg_6517         |  14|   0|   14|          0|
    |acc_620_reg_6511         |  14|   0|   14|          0|
    |acc_622_reg_6618         |  14|   0|   14|          0|
    |acc_623_reg_6612         |  14|   0|   14|          0|
    |acc_624_reg_6606         |  14|   0|   14|          0|
    |acc_625_reg_6600         |  14|   0|   14|          0|
    |acc_626_reg_6594         |  14|   0|   14|          0|
    |acc_627_reg_6588         |  14|   0|   14|          0|
    |acc_628_reg_6582         |  14|   0|   14|          0|
    |acc_630_reg_6670         |  14|   0|   14|          0|
    |acc_631_reg_6664         |  14|   0|   14|          0|
    |acc_632_reg_6658         |  14|   0|   14|          0|
    |acc_633_reg_6652         |  14|   0|   14|          0|
    |acc_634_reg_6646         |  14|   0|   14|          0|
    |acc_635_reg_6640         |  14|   0|   14|          0|
    |acc_636_reg_6634         |  14|   0|   14|          0|
    |acc_638_reg_6722         |  14|   0|   14|          0|
    |acc_639_reg_6716         |  14|   0|   14|          0|
    |acc_640_reg_6710         |  14|   0|   14|          0|
    |acc_641_reg_6704         |  14|   0|   14|          0|
    |acc_642_reg_6698         |  14|   0|   14|          0|
    |acc_643_reg_6692         |  14|   0|   14|          0|
    |acc_644_reg_6686         |  14|   0|   14|          0|
    |acc_646_reg_6774         |  14|   0|   14|          0|
    |acc_647_reg_6768         |  14|   0|   14|          0|
    |acc_648_reg_6762         |  14|   0|   14|          0|
    |acc_649_reg_6756         |  14|   0|   14|          0|
    |acc_650_reg_6750         |  14|   0|   14|          0|
    |acc_651_reg_6744         |  14|   0|   14|          0|
    |acc_652_reg_6738         |  14|   0|   14|          0|
    |acc_654_reg_6826         |  14|   0|   14|          0|
    |acc_655_reg_6820         |  14|   0|   14|          0|
    |acc_656_reg_6814         |  14|   0|   14|          0|
    |acc_657_reg_6808         |  14|   0|   14|          0|
    |acc_658_reg_6802         |  14|   0|   14|          0|
    |acc_659_reg_6796         |  14|   0|   14|          0|
    |acc_660_reg_6790         |  14|   0|   14|          0|
    |acc_662_reg_6878         |  14|   0|   14|          0|
    |acc_663_reg_6872         |  14|   0|   14|          0|
    |acc_664_reg_6866         |  14|   0|   14|          0|
    |acc_665_reg_6860         |  14|   0|   14|          0|
    |acc_666_reg_6854         |  14|   0|   14|          0|
    |acc_667_reg_6848         |  14|   0|   14|          0|
    |acc_668_reg_6842         |  14|   0|   14|          0|
    |acc_670_reg_6930         |  14|   0|   14|          0|
    |acc_671_reg_6924         |  14|   0|   14|          0|
    |acc_672_reg_6918         |  14|   0|   14|          0|
    |acc_673_reg_6912         |  14|   0|   14|          0|
    |acc_674_reg_6906         |  14|   0|   14|          0|
    |acc_675_reg_6900         |  14|   0|   14|          0|
    |acc_676_reg_6894         |  14|   0|   14|          0|
    |acc_678_reg_6982         |  14|   0|   14|          0|
    |acc_679_reg_6976         |  14|   0|   14|          0|
    |acc_680_reg_6970         |  14|   0|   14|          0|
    |acc_681_reg_6964         |  14|   0|   14|          0|
    |acc_682_reg_6958         |  14|   0|   14|          0|
    |acc_683_reg_6952         |  14|   0|   14|          0|
    |acc_684_reg_6946         |  14|   0|   14|          0|
    |acc_686_reg_7034         |  14|   0|   14|          0|
    |acc_687_reg_7028         |  14|   0|   14|          0|
    |acc_688_reg_7022         |  14|   0|   14|          0|
    |acc_689_reg_7016         |  14|   0|   14|          0|
    |acc_690_reg_7010         |  14|   0|   14|          0|
    |acc_691_reg_7004         |  14|   0|   14|          0|
    |acc_692_reg_6998         |  14|   0|   14|          0|
    |acc_694_reg_7086         |  14|   0|   14|          0|
    |acc_695_reg_7080         |  14|   0|   14|          0|
    |acc_696_reg_7074         |  14|   0|   14|          0|
    |acc_697_reg_7068         |  14|   0|   14|          0|
    |acc_698_reg_7062         |  14|   0|   14|          0|
    |acc_699_reg_7056         |  14|   0|   14|          0|
    |acc_700_reg_7050         |  14|   0|   14|          0|
    |acc_702_reg_7138         |  14|   0|   14|          0|
    |acc_703_reg_7132         |  14|   0|   14|          0|
    |acc_704_reg_7126         |  14|   0|   14|          0|
    |acc_705_reg_7120         |  14|   0|   14|          0|
    |acc_706_reg_7114         |  14|   0|   14|          0|
    |acc_707_reg_7108         |  14|   0|   14|          0|
    |acc_708_reg_7102         |  14|   0|   14|          0|
    |acc_710_reg_7190         |  14|   0|   14|          0|
    |acc_711_reg_7184         |  14|   0|   14|          0|
    |acc_712_reg_7178         |  14|   0|   14|          0|
    |acc_713_reg_7172         |  14|   0|   14|          0|
    |acc_714_reg_7166         |  14|   0|   14|          0|
    |acc_715_reg_7160         |  14|   0|   14|          0|
    |acc_716_reg_7154         |  14|   0|   14|          0|
    |acc_718_reg_7242         |  14|   0|   14|          0|
    |acc_719_reg_7236         |  14|   0|   14|          0|
    |acc_720_reg_7230         |  14|   0|   14|          0|
    |acc_721_reg_7224         |  14|   0|   14|          0|
    |acc_722_reg_7218         |  14|   0|   14|          0|
    |acc_723_reg_7212         |  14|   0|   14|          0|
    |acc_724_reg_7206         |  14|   0|   14|          0|
    |acc_726_reg_7294         |  14|   0|   14|          0|
    |acc_727_reg_7288         |  14|   0|   14|          0|
    |acc_728_reg_7282         |  14|   0|   14|          0|
    |acc_729_reg_7276         |  14|   0|   14|          0|
    |acc_730_reg_7270         |  14|   0|   14|          0|
    |acc_731_reg_7264         |  14|   0|   14|          0|
    |acc_732_reg_7258         |  14|   0|   14|          0|
    |acc_reg_6495             |  14|   0|   14|          0|
    |ap_CS_fsm                |   2|   0|    2|          0|
    |ap_enable_reg_pp0_iter1  |   1|   0|    1|          0|
    |ap_enable_reg_pp0_iter2  |   1|   0|    1|          0|
    |ap_enable_reg_pp0_iter3  |   1|   0|    1|          0|
    |ap_enable_reg_pp0_iter4  |   1|   0|    1|          0|
    |ap_enable_reg_pp0_iter5  |   1|   0|    1|          0|
    |ap_enable_reg_pp0_iter6  |   1|   0|    1|          0|
    |ap_enable_reg_pp0_iter7  |   1|   0|    1|          0|
    |icmp_ln135_reg_5996      |   1|   0|    1|          0|
    |icmp_ln144_64_reg_6152   |   1|   0|    1|          0|
    |icmp_ln144_65_reg_6174   |   1|   0|    1|          0|
    |icmp_ln144_66_reg_6196   |   1|   0|    1|          0|
    |icmp_ln144_67_reg_6218   |   1|   0|    1|          0|
    |icmp_ln144_68_reg_6240   |   1|   0|    1|          0|
    |icmp_ln144_69_reg_6262   |   1|   0|    1|          0|
    |icmp_ln144_reg_6439      |   1|   0|    1|          0|
    |in_index_6_reg_6033      |  32|   0|   32|          0|
    |in_index_reg_290         |  32|   0|   32|          0|
    |ir_reg_276               |   6|   0|    6|          0|
    |or_ln144_17_reg_6553     |   1|   0|    1|          0|
    |or_ln144_1_reg_6444      |   1|   0|    1|          0|
    |or_ln144_5_reg_6449      |   1|   0|    1|          0|
    |out_index_reg_6000       |   3|   0|    3|          0|
    |tmp_800_reg_6289         |   1|   0|    1|          0|
    |tmp_801_reg_6299         |   1|   0|    1|          0|
    |tmp_802_reg_6309         |   1|   0|    1|          0|
    |tmp_803_reg_6319         |   1|   0|    1|          0|
    |tmp_804_reg_6329         |   1|   0|    1|          0|
    |tmp_805_reg_6339         |   1|   0|    1|          0|
    |tmp_806_reg_6349         |   1|   0|    1|          0|
    |tmp_807_reg_6359         |   1|   0|    1|          0|
    |tmp_808_reg_6369         |   1|   0|    1|          0|
    |tmp_809_reg_6379         |   1|   0|    1|          0|
    |tmp_810_reg_6389         |   1|   0|    1|          0|
    |tmp_811_reg_6399         |   1|   0|    1|          0|
    |tmp_812_reg_6409         |   1|   0|    1|          0|
    |tmp_813_reg_6419         |   1|   0|    1|          0|
    |tmp_814_reg_6429         |   1|   0|    1|          0|
    |tmp_reg_6147             |   1|   0|    1|          0|
    |trunc_ln144_64_reg_6294  |  14|   0|   14|          0|
    |trunc_ln144_65_reg_6304  |  14|   0|   14|          0|
    |trunc_ln144_66_reg_6314  |  14|   0|   14|          0|
    |trunc_ln144_67_reg_6324  |  14|   0|   14|          0|
    |trunc_ln144_68_reg_6334  |  14|   0|   14|          0|
    |trunc_ln144_69_reg_6344  |  14|   0|   14|          0|
    |trunc_ln144_70_reg_6354  |  14|   0|   14|          0|
    |trunc_ln144_71_reg_6364  |  14|   0|   14|          0|
    |trunc_ln144_72_reg_6374  |  14|   0|   14|          0|
    |trunc_ln144_73_reg_6384  |  14|   0|   14|          0|
    |trunc_ln144_74_reg_6394  |  14|   0|   14|          0|
    |trunc_ln144_75_reg_6404  |  14|   0|   14|          0|
    |trunc_ln144_76_reg_6414  |  14|   0|   14|          0|
    |trunc_ln144_77_reg_6424  |  14|   0|   14|          0|
    |trunc_ln144_s_reg_6284   |  14|   0|   14|          0|
    |trunc_ln_reg_6142        |  14|   0|   14|          0|
    |w_index_reg_5991         |   6|   0|    6|          0|
    |x_256_reg_2068           |  14|   0|   14|          0|
    |x_257_reg_2054           |  14|   0|   14|          0|
    |x_258_reg_2040           |  14|   0|   14|          0|
    |x_259_reg_2026           |  14|   0|   14|          0|
    |x_260_reg_2012           |  14|   0|   14|          0|
    |x_261_reg_1998           |  14|   0|   14|          0|
    |x_262_reg_1984           |  14|   0|   14|          0|
    |x_263_reg_1970           |  14|   0|   14|          0|
    |x_264_reg_1956           |  14|   0|   14|          0|
    |x_265_reg_1942           |  14|   0|   14|          0|
    |x_266_reg_1928           |  14|   0|   14|          0|
    |x_267_reg_1914           |  14|   0|   14|          0|
    |x_268_reg_1900           |  14|   0|   14|          0|
    |x_269_reg_1886           |  14|   0|   14|          0|
    |x_270_reg_1872           |  14|   0|   14|          0|
    |x_271_reg_1858           |  14|   0|   14|          0|
    |x_272_reg_1844           |  14|   0|   14|          0|
    |x_273_reg_1830           |  14|   0|   14|          0|
    |x_274_reg_1816           |  14|   0|   14|          0|
    |x_275_reg_1802           |  14|   0|   14|          0|
    |x_276_reg_1788           |  14|   0|   14|          0|
    |x_277_reg_1774           |  14|   0|   14|          0|
    |x_278_reg_1760           |  14|   0|   14|          0|
    |x_279_reg_1746           |  14|   0|   14|          0|
    |x_280_reg_1732           |  14|   0|   14|          0|
    |x_281_reg_1718           |  14|   0|   14|          0|
    |x_282_reg_1704           |  14|   0|   14|          0|
    |x_283_reg_1690           |  14|   0|   14|          0|
    |x_284_reg_1676           |  14|   0|   14|          0|
    |x_285_reg_1662           |  14|   0|   14|          0|
    |x_286_reg_1648           |  14|   0|   14|          0|
    |x_287_reg_1634           |  14|   0|   14|          0|
    |x_288_reg_1620           |  14|   0|   14|          0|
    |x_289_reg_1606           |  14|   0|   14|          0|
    |x_290_reg_1592           |  14|   0|   14|          0|
    |x_291_reg_1578           |  14|   0|   14|          0|
    |x_292_reg_1564           |  14|   0|   14|          0|
    |x_293_reg_1550           |  14|   0|   14|          0|
    |x_294_reg_1536           |  14|   0|   14|          0|
    |x_295_reg_1522           |  14|   0|   14|          0|
    |x_296_reg_1508           |  14|   0|   14|          0|
    |x_297_reg_1494           |  14|   0|   14|          0|
    |x_298_reg_1480           |  14|   0|   14|          0|
    |x_299_reg_1466           |  14|   0|   14|          0|
    |x_300_reg_1452           |  14|   0|   14|          0|
    |x_301_reg_1438           |  14|   0|   14|          0|
    |x_302_reg_1424           |  14|   0|   14|          0|
    |x_303_reg_1410           |  14|   0|   14|          0|
    |x_304_reg_1396           |  14|   0|   14|          0|
    |x_305_reg_1382           |  14|   0|   14|          0|
    |x_306_reg_1368           |  14|   0|   14|          0|
    |x_307_reg_1354           |  14|   0|   14|          0|
    |x_308_reg_1340           |  14|   0|   14|          0|
    |x_309_reg_1326           |  14|   0|   14|          0|
    |x_310_reg_1312           |  14|   0|   14|          0|
    |x_311_reg_1298           |  14|   0|   14|          0|
    |x_312_reg_1284           |  14|   0|   14|          0|
    |x_313_reg_1270           |  14|   0|   14|          0|
    |x_314_reg_1256           |  14|   0|   14|          0|
    |x_315_reg_1242           |  14|   0|   14|          0|
    |x_316_reg_1228           |  14|   0|   14|          0|
    |x_317_reg_1214           |  14|   0|   14|          0|
    |x_318_reg_1200           |  14|   0|   14|          0|
    |x_319_reg_1186           |  14|   0|   14|          0|
    |x_320_reg_1172           |  14|   0|   14|          0|
    |x_321_reg_1158           |  14|   0|   14|          0|
    |x_322_reg_1144           |  14|   0|   14|          0|
    |x_323_reg_1130           |  14|   0|   14|          0|
    |x_324_reg_1116           |  14|   0|   14|          0|
    |x_325_reg_1102           |  14|   0|   14|          0|
    |x_326_reg_1088           |  14|   0|   14|          0|
    |x_327_reg_1074           |  14|   0|   14|          0|
    |x_328_reg_1060           |  14|   0|   14|          0|
    |x_329_reg_1046           |  14|   0|   14|          0|
    |x_330_reg_1032           |  14|   0|   14|          0|
    |x_331_reg_1018           |  14|   0|   14|          0|
    |x_332_reg_1004           |  14|   0|   14|          0|
    |x_333_reg_990            |  14|   0|   14|          0|
    |x_334_reg_976            |  14|   0|   14|          0|
    |x_335_reg_962            |  14|   0|   14|          0|
    |x_336_reg_948            |  14|   0|   14|          0|
    |x_337_reg_934            |  14|   0|   14|          0|
    |x_338_reg_920            |  14|   0|   14|          0|
    |x_339_reg_906            |  14|   0|   14|          0|
    |x_340_reg_892            |  14|   0|   14|          0|
    |x_341_reg_878            |  14|   0|   14|          0|
    |x_342_reg_864            |  14|   0|   14|          0|
    |x_343_reg_850            |  14|   0|   14|          0|
    |x_344_reg_836            |  14|   0|   14|          0|
    |x_345_reg_822            |  14|   0|   14|          0|
    |x_346_reg_808            |  14|   0|   14|          0|
    |x_347_reg_794            |  14|   0|   14|          0|
    |x_348_reg_780            |  14|   0|   14|          0|
    |x_349_reg_766            |  14|   0|   14|          0|
    |x_350_reg_752            |  14|   0|   14|          0|
    |x_351_reg_738            |  14|   0|   14|          0|
    |x_352_reg_724            |  14|   0|   14|          0|
    |x_353_reg_710            |  14|   0|   14|          0|
    |x_354_reg_696            |  14|   0|   14|          0|
    |x_355_reg_682            |  14|   0|   14|          0|
    |x_356_reg_668            |  14|   0|   14|          0|
    |x_357_reg_654            |  14|   0|   14|          0|
    |x_358_reg_640            |  14|   0|   14|          0|
    |x_359_reg_626            |  14|   0|   14|          0|
    |x_360_reg_612            |  14|   0|   14|          0|
    |x_361_reg_598            |  14|   0|   14|          0|
    |x_362_reg_584            |  14|   0|   14|          0|
    |x_363_reg_570            |  14|   0|   14|          0|
    |x_364_reg_556            |  14|   0|   14|          0|
    |x_365_reg_542            |  14|   0|   14|          0|
    |x_366_reg_528            |  14|   0|   14|          0|
    |x_367_reg_514            |  14|   0|   14|          0|
    |x_368_reg_500            |  14|   0|   14|          0|
    |x_369_reg_486            |  14|   0|   14|          0|
    |x_370_reg_472            |  14|   0|   14|          0|
    |x_371_reg_458            |  14|   0|   14|          0|
    |x_372_reg_444            |  14|   0|   14|          0|
    |x_373_reg_430            |  14|   0|   14|          0|
    |x_374_reg_416            |  14|   0|   14|          0|
    |x_375_reg_402            |  14|   0|   14|          0|
    |x_376_reg_388            |  14|   0|   14|          0|
    |x_377_reg_374            |  14|   0|   14|          0|
    |x_378_reg_360            |  14|   0|   14|          0|
    |x_379_reg_346            |  14|   0|   14|          0|
    |x_380_reg_332            |  14|   0|   14|          0|
    |x_381_reg_318            |  14|   0|   14|          0|
    |x_382_reg_304            |  14|   0|   14|          0|
    |x_reg_2082               |  14|   0|   14|          0|
    |icmp_ln135_reg_5996      |  64|  32|    1|          0|
    |out_index_reg_6000       |  64|  32|    3|          0|
    +-------------------------+----+----+-----+-----------+
    |Total                    |4275|  64| 4151|          0|
    +-------------------------+----+----+-----+-----------+



================================================================
== Interface
================================================================
* Summary: 
+---------------+-----+-----+------------+------------------------------------------------------------------------+--------------+
|   RTL Ports   | Dir | Bits|  Protocol  |                              Source Object                             |    C Type    |
+---------------+-----+-----+------------+------------------------------------------------------------------------+--------------+
|ap_clk         |   in|    1|  ap_ctrl_hs|  dense_resource_rf_gt_nin_rem0<ap_fixed,ap_fixed<14,7,0,3,0>,config2_1>|  return value|
|ap_rst         |   in|    1|  ap_ctrl_hs|  dense_resource_rf_gt_nin_rem0<ap_fixed,ap_fixed<14,7,0,3,0>,config2_1>|  return value|
|ap_start       |   in|    1|  ap_ctrl_hs|  dense_resource_rf_gt_nin_rem0<ap_fixed,ap_fixed<14,7,0,3,0>,config2_1>|  return value|
|ap_done        |  out|    1|  ap_ctrl_hs|  dense_resource_rf_gt_nin_rem0<ap_fixed,ap_fixed<14,7,0,3,0>,config2_1>|  return value|
|ap_idle        |  out|    1|  ap_ctrl_hs|  dense_resource_rf_gt_nin_rem0<ap_fixed,ap_fixed<14,7,0,3,0>,config2_1>|  return value|
|ap_ready       |  out|    1|  ap_ctrl_hs|  dense_resource_rf_gt_nin_rem0<ap_fixed,ap_fixed<14,7,0,3,0>,config2_1>|  return value|
|ap_return_0    |  out|   14|  ap_ctrl_hs|  dense_resource_rf_gt_nin_rem0<ap_fixed,ap_fixed<14,7,0,3,0>,config2_1>|  return value|
|ap_return_1    |  out|   14|  ap_ctrl_hs|  dense_resource_rf_gt_nin_rem0<ap_fixed,ap_fixed<14,7,0,3,0>,config2_1>|  return value|
|ap_return_2    |  out|   14|  ap_ctrl_hs|  dense_resource_rf_gt_nin_rem0<ap_fixed,ap_fixed<14,7,0,3,0>,config2_1>|  return value|
|ap_return_3    |  out|   14|  ap_ctrl_hs|  dense_resource_rf_gt_nin_rem0<ap_fixed,ap_fixed<14,7,0,3,0>,config2_1>|  return value|
|ap_return_4    |  out|   14|  ap_ctrl_hs|  dense_resource_rf_gt_nin_rem0<ap_fixed,ap_fixed<14,7,0,3,0>,config2_1>|  return value|
|ap_return_5    |  out|   14|  ap_ctrl_hs|  dense_resource_rf_gt_nin_rem0<ap_fixed,ap_fixed<14,7,0,3,0>,config2_1>|  return value|
|ap_return_6    |  out|   14|  ap_ctrl_hs|  dense_resource_rf_gt_nin_rem0<ap_fixed,ap_fixed<14,7,0,3,0>,config2_1>|  return value|
|ap_return_7    |  out|   14|  ap_ctrl_hs|  dense_resource_rf_gt_nin_rem0<ap_fixed,ap_fixed<14,7,0,3,0>,config2_1>|  return value|
|ap_return_8    |  out|   14|  ap_ctrl_hs|  dense_resource_rf_gt_nin_rem0<ap_fixed,ap_fixed<14,7,0,3,0>,config2_1>|  return value|
|ap_return_9    |  out|   14|  ap_ctrl_hs|  dense_resource_rf_gt_nin_rem0<ap_fixed,ap_fixed<14,7,0,3,0>,config2_1>|  return value|
|ap_return_10   |  out|   14|  ap_ctrl_hs|  dense_resource_rf_gt_nin_rem0<ap_fixed,ap_fixed<14,7,0,3,0>,config2_1>|  return value|
|ap_return_11   |  out|   14|  ap_ctrl_hs|  dense_resource_rf_gt_nin_rem0<ap_fixed,ap_fixed<14,7,0,3,0>,config2_1>|  return value|
|ap_return_12   |  out|   14|  ap_ctrl_hs|  dense_resource_rf_gt_nin_rem0<ap_fixed,ap_fixed<14,7,0,3,0>,config2_1>|  return value|
|ap_return_13   |  out|   14|  ap_ctrl_hs|  dense_resource_rf_gt_nin_rem0<ap_fixed,ap_fixed<14,7,0,3,0>,config2_1>|  return value|
|ap_return_14   |  out|   14|  ap_ctrl_hs|  dense_resource_rf_gt_nin_rem0<ap_fixed,ap_fixed<14,7,0,3,0>,config2_1>|  return value|
|ap_return_15   |  out|   14|  ap_ctrl_hs|  dense_resource_rf_gt_nin_rem0<ap_fixed,ap_fixed<14,7,0,3,0>,config2_1>|  return value|
|ap_return_16   |  out|   14|  ap_ctrl_hs|  dense_resource_rf_gt_nin_rem0<ap_fixed,ap_fixed<14,7,0,3,0>,config2_1>|  return value|
|ap_return_17   |  out|   14|  ap_ctrl_hs|  dense_resource_rf_gt_nin_rem0<ap_fixed,ap_fixed<14,7,0,3,0>,config2_1>|  return value|
|ap_return_18   |  out|   14|  ap_ctrl_hs|  dense_resource_rf_gt_nin_rem0<ap_fixed,ap_fixed<14,7,0,3,0>,config2_1>|  return value|
|ap_return_19   |  out|   14|  ap_ctrl_hs|  dense_resource_rf_gt_nin_rem0<ap_fixed,ap_fixed<14,7,0,3,0>,config2_1>|  return value|
|ap_return_20   |  out|   14|  ap_ctrl_hs|  dense_resource_rf_gt_nin_rem0<ap_fixed,ap_fixed<14,7,0,3,0>,config2_1>|  return value|
|ap_return_21   |  out|   14|  ap_ctrl_hs|  dense_resource_rf_gt_nin_rem0<ap_fixed,ap_fixed<14,7,0,3,0>,config2_1>|  return value|
|ap_return_22   |  out|   14|  ap_ctrl_hs|  dense_resource_rf_gt_nin_rem0<ap_fixed,ap_fixed<14,7,0,3,0>,config2_1>|  return value|
|ap_return_23   |  out|   14|  ap_ctrl_hs|  dense_resource_rf_gt_nin_rem0<ap_fixed,ap_fixed<14,7,0,3,0>,config2_1>|  return value|
|ap_return_24   |  out|   14|  ap_ctrl_hs|  dense_resource_rf_gt_nin_rem0<ap_fixed,ap_fixed<14,7,0,3,0>,config2_1>|  return value|
|ap_return_25   |  out|   14|  ap_ctrl_hs|  dense_resource_rf_gt_nin_rem0<ap_fixed,ap_fixed<14,7,0,3,0>,config2_1>|  return value|
|ap_return_26   |  out|   14|  ap_ctrl_hs|  dense_resource_rf_gt_nin_rem0<ap_fixed,ap_fixed<14,7,0,3,0>,config2_1>|  return value|
|ap_return_27   |  out|   14|  ap_ctrl_hs|  dense_resource_rf_gt_nin_rem0<ap_fixed,ap_fixed<14,7,0,3,0>,config2_1>|  return value|
|ap_return_28   |  out|   14|  ap_ctrl_hs|  dense_resource_rf_gt_nin_rem0<ap_fixed,ap_fixed<14,7,0,3,0>,config2_1>|  return value|
|ap_return_29   |  out|   14|  ap_ctrl_hs|  dense_resource_rf_gt_nin_rem0<ap_fixed,ap_fixed<14,7,0,3,0>,config2_1>|  return value|
|ap_return_30   |  out|   14|  ap_ctrl_hs|  dense_resource_rf_gt_nin_rem0<ap_fixed,ap_fixed<14,7,0,3,0>,config2_1>|  return value|
|ap_return_31   |  out|   14|  ap_ctrl_hs|  dense_resource_rf_gt_nin_rem0<ap_fixed,ap_fixed<14,7,0,3,0>,config2_1>|  return value|
|ap_return_32   |  out|   14|  ap_ctrl_hs|  dense_resource_rf_gt_nin_rem0<ap_fixed,ap_fixed<14,7,0,3,0>,config2_1>|  return value|
|ap_return_33   |  out|   14|  ap_ctrl_hs|  dense_resource_rf_gt_nin_rem0<ap_fixed,ap_fixed<14,7,0,3,0>,config2_1>|  return value|
|ap_return_34   |  out|   14|  ap_ctrl_hs|  dense_resource_rf_gt_nin_rem0<ap_fixed,ap_fixed<14,7,0,3,0>,config2_1>|  return value|
|ap_return_35   |  out|   14|  ap_ctrl_hs|  dense_resource_rf_gt_nin_rem0<ap_fixed,ap_fixed<14,7,0,3,0>,config2_1>|  return value|
|ap_return_36   |  out|   14|  ap_ctrl_hs|  dense_resource_rf_gt_nin_rem0<ap_fixed,ap_fixed<14,7,0,3,0>,config2_1>|  return value|
|ap_return_37   |  out|   14|  ap_ctrl_hs|  dense_resource_rf_gt_nin_rem0<ap_fixed,ap_fixed<14,7,0,3,0>,config2_1>|  return value|
|ap_return_38   |  out|   14|  ap_ctrl_hs|  dense_resource_rf_gt_nin_rem0<ap_fixed,ap_fixed<14,7,0,3,0>,config2_1>|  return value|
|ap_return_39   |  out|   14|  ap_ctrl_hs|  dense_resource_rf_gt_nin_rem0<ap_fixed,ap_fixed<14,7,0,3,0>,config2_1>|  return value|
|ap_return_40   |  out|   14|  ap_ctrl_hs|  dense_resource_rf_gt_nin_rem0<ap_fixed,ap_fixed<14,7,0,3,0>,config2_1>|  return value|
|ap_return_41   |  out|   14|  ap_ctrl_hs|  dense_resource_rf_gt_nin_rem0<ap_fixed,ap_fixed<14,7,0,3,0>,config2_1>|  return value|
|ap_return_42   |  out|   14|  ap_ctrl_hs|  dense_resource_rf_gt_nin_rem0<ap_fixed,ap_fixed<14,7,0,3,0>,config2_1>|  return value|
|ap_return_43   |  out|   14|  ap_ctrl_hs|  dense_resource_rf_gt_nin_rem0<ap_fixed,ap_fixed<14,7,0,3,0>,config2_1>|  return value|
|ap_return_44   |  out|   14|  ap_ctrl_hs|  dense_resource_rf_gt_nin_rem0<ap_fixed,ap_fixed<14,7,0,3,0>,config2_1>|  return value|
|ap_return_45   |  out|   14|  ap_ctrl_hs|  dense_resource_rf_gt_nin_rem0<ap_fixed,ap_fixed<14,7,0,3,0>,config2_1>|  return value|
|ap_return_46   |  out|   14|  ap_ctrl_hs|  dense_resource_rf_gt_nin_rem0<ap_fixed,ap_fixed<14,7,0,3,0>,config2_1>|  return value|
|ap_return_47   |  out|   14|  ap_ctrl_hs|  dense_resource_rf_gt_nin_rem0<ap_fixed,ap_fixed<14,7,0,3,0>,config2_1>|  return value|
|ap_return_48   |  out|   14|  ap_ctrl_hs|  dense_resource_rf_gt_nin_rem0<ap_fixed,ap_fixed<14,7,0,3,0>,config2_1>|  return value|
|ap_return_49   |  out|   14|  ap_ctrl_hs|  dense_resource_rf_gt_nin_rem0<ap_fixed,ap_fixed<14,7,0,3,0>,config2_1>|  return value|
|ap_return_50   |  out|   14|  ap_ctrl_hs|  dense_resource_rf_gt_nin_rem0<ap_fixed,ap_fixed<14,7,0,3,0>,config2_1>|  return value|
|ap_return_51   |  out|   14|  ap_ctrl_hs|  dense_resource_rf_gt_nin_rem0<ap_fixed,ap_fixed<14,7,0,3,0>,config2_1>|  return value|
|ap_return_52   |  out|   14|  ap_ctrl_hs|  dense_resource_rf_gt_nin_rem0<ap_fixed,ap_fixed<14,7,0,3,0>,config2_1>|  return value|
|ap_return_53   |  out|   14|  ap_ctrl_hs|  dense_resource_rf_gt_nin_rem0<ap_fixed,ap_fixed<14,7,0,3,0>,config2_1>|  return value|
|ap_return_54   |  out|   14|  ap_ctrl_hs|  dense_resource_rf_gt_nin_rem0<ap_fixed,ap_fixed<14,7,0,3,0>,config2_1>|  return value|
|ap_return_55   |  out|   14|  ap_ctrl_hs|  dense_resource_rf_gt_nin_rem0<ap_fixed,ap_fixed<14,7,0,3,0>,config2_1>|  return value|
|ap_return_56   |  out|   14|  ap_ctrl_hs|  dense_resource_rf_gt_nin_rem0<ap_fixed,ap_fixed<14,7,0,3,0>,config2_1>|  return value|
|ap_return_57   |  out|   14|  ap_ctrl_hs|  dense_resource_rf_gt_nin_rem0<ap_fixed,ap_fixed<14,7,0,3,0>,config2_1>|  return value|
|ap_return_58   |  out|   14|  ap_ctrl_hs|  dense_resource_rf_gt_nin_rem0<ap_fixed,ap_fixed<14,7,0,3,0>,config2_1>|  return value|
|ap_return_59   |  out|   14|  ap_ctrl_hs|  dense_resource_rf_gt_nin_rem0<ap_fixed,ap_fixed<14,7,0,3,0>,config2_1>|  return value|
|ap_return_60   |  out|   14|  ap_ctrl_hs|  dense_resource_rf_gt_nin_rem0<ap_fixed,ap_fixed<14,7,0,3,0>,config2_1>|  return value|
|ap_return_61   |  out|   14|  ap_ctrl_hs|  dense_resource_rf_gt_nin_rem0<ap_fixed,ap_fixed<14,7,0,3,0>,config2_1>|  return value|
|ap_return_62   |  out|   14|  ap_ctrl_hs|  dense_resource_rf_gt_nin_rem0<ap_fixed,ap_fixed<14,7,0,3,0>,config2_1>|  return value|
|ap_return_63   |  out|   14|  ap_ctrl_hs|  dense_resource_rf_gt_nin_rem0<ap_fixed,ap_fixed<14,7,0,3,0>,config2_1>|  return value|
|ap_return_64   |  out|   14|  ap_ctrl_hs|  dense_resource_rf_gt_nin_rem0<ap_fixed,ap_fixed<14,7,0,3,0>,config2_1>|  return value|
|ap_return_65   |  out|   14|  ap_ctrl_hs|  dense_resource_rf_gt_nin_rem0<ap_fixed,ap_fixed<14,7,0,3,0>,config2_1>|  return value|
|ap_return_66   |  out|   14|  ap_ctrl_hs|  dense_resource_rf_gt_nin_rem0<ap_fixed,ap_fixed<14,7,0,3,0>,config2_1>|  return value|
|ap_return_67   |  out|   14|  ap_ctrl_hs|  dense_resource_rf_gt_nin_rem0<ap_fixed,ap_fixed<14,7,0,3,0>,config2_1>|  return value|
|ap_return_68   |  out|   14|  ap_ctrl_hs|  dense_resource_rf_gt_nin_rem0<ap_fixed,ap_fixed<14,7,0,3,0>,config2_1>|  return value|
|ap_return_69   |  out|   14|  ap_ctrl_hs|  dense_resource_rf_gt_nin_rem0<ap_fixed,ap_fixed<14,7,0,3,0>,config2_1>|  return value|
|ap_return_70   |  out|   14|  ap_ctrl_hs|  dense_resource_rf_gt_nin_rem0<ap_fixed,ap_fixed<14,7,0,3,0>,config2_1>|  return value|
|ap_return_71   |  out|   14|  ap_ctrl_hs|  dense_resource_rf_gt_nin_rem0<ap_fixed,ap_fixed<14,7,0,3,0>,config2_1>|  return value|
|ap_return_72   |  out|   14|  ap_ctrl_hs|  dense_resource_rf_gt_nin_rem0<ap_fixed,ap_fixed<14,7,0,3,0>,config2_1>|  return value|
|ap_return_73   |  out|   14|  ap_ctrl_hs|  dense_resource_rf_gt_nin_rem0<ap_fixed,ap_fixed<14,7,0,3,0>,config2_1>|  return value|
|ap_return_74   |  out|   14|  ap_ctrl_hs|  dense_resource_rf_gt_nin_rem0<ap_fixed,ap_fixed<14,7,0,3,0>,config2_1>|  return value|
|ap_return_75   |  out|   14|  ap_ctrl_hs|  dense_resource_rf_gt_nin_rem0<ap_fixed,ap_fixed<14,7,0,3,0>,config2_1>|  return value|
|ap_return_76   |  out|   14|  ap_ctrl_hs|  dense_resource_rf_gt_nin_rem0<ap_fixed,ap_fixed<14,7,0,3,0>,config2_1>|  return value|
|ap_return_77   |  out|   14|  ap_ctrl_hs|  dense_resource_rf_gt_nin_rem0<ap_fixed,ap_fixed<14,7,0,3,0>,config2_1>|  return value|
|ap_return_78   |  out|   14|  ap_ctrl_hs|  dense_resource_rf_gt_nin_rem0<ap_fixed,ap_fixed<14,7,0,3,0>,config2_1>|  return value|
|ap_return_79   |  out|   14|  ap_ctrl_hs|  dense_resource_rf_gt_nin_rem0<ap_fixed,ap_fixed<14,7,0,3,0>,config2_1>|  return value|
|ap_return_80   |  out|   14|  ap_ctrl_hs|  dense_resource_rf_gt_nin_rem0<ap_fixed,ap_fixed<14,7,0,3,0>,config2_1>|  return value|
|ap_return_81   |  out|   14|  ap_ctrl_hs|  dense_resource_rf_gt_nin_rem0<ap_fixed,ap_fixed<14,7,0,3,0>,config2_1>|  return value|
|ap_return_82   |  out|   14|  ap_ctrl_hs|  dense_resource_rf_gt_nin_rem0<ap_fixed,ap_fixed<14,7,0,3,0>,config2_1>|  return value|
|ap_return_83   |  out|   14|  ap_ctrl_hs|  dense_resource_rf_gt_nin_rem0<ap_fixed,ap_fixed<14,7,0,3,0>,config2_1>|  return value|
|ap_return_84   |  out|   14|  ap_ctrl_hs|  dense_resource_rf_gt_nin_rem0<ap_fixed,ap_fixed<14,7,0,3,0>,config2_1>|  return value|
|ap_return_85   |  out|   14|  ap_ctrl_hs|  dense_resource_rf_gt_nin_rem0<ap_fixed,ap_fixed<14,7,0,3,0>,config2_1>|  return value|
|ap_return_86   |  out|   14|  ap_ctrl_hs|  dense_resource_rf_gt_nin_rem0<ap_fixed,ap_fixed<14,7,0,3,0>,config2_1>|  return value|
|ap_return_87   |  out|   14|  ap_ctrl_hs|  dense_resource_rf_gt_nin_rem0<ap_fixed,ap_fixed<14,7,0,3,0>,config2_1>|  return value|
|ap_return_88   |  out|   14|  ap_ctrl_hs|  dense_resource_rf_gt_nin_rem0<ap_fixed,ap_fixed<14,7,0,3,0>,config2_1>|  return value|
|ap_return_89   |  out|   14|  ap_ctrl_hs|  dense_resource_rf_gt_nin_rem0<ap_fixed,ap_fixed<14,7,0,3,0>,config2_1>|  return value|
|ap_return_90   |  out|   14|  ap_ctrl_hs|  dense_resource_rf_gt_nin_rem0<ap_fixed,ap_fixed<14,7,0,3,0>,config2_1>|  return value|
|ap_return_91   |  out|   14|  ap_ctrl_hs|  dense_resource_rf_gt_nin_rem0<ap_fixed,ap_fixed<14,7,0,3,0>,config2_1>|  return value|
|ap_return_92   |  out|   14|  ap_ctrl_hs|  dense_resource_rf_gt_nin_rem0<ap_fixed,ap_fixed<14,7,0,3,0>,config2_1>|  return value|
|ap_return_93   |  out|   14|  ap_ctrl_hs|  dense_resource_rf_gt_nin_rem0<ap_fixed,ap_fixed<14,7,0,3,0>,config2_1>|  return value|
|ap_return_94   |  out|   14|  ap_ctrl_hs|  dense_resource_rf_gt_nin_rem0<ap_fixed,ap_fixed<14,7,0,3,0>,config2_1>|  return value|
|ap_return_95   |  out|   14|  ap_ctrl_hs|  dense_resource_rf_gt_nin_rem0<ap_fixed,ap_fixed<14,7,0,3,0>,config2_1>|  return value|
|ap_return_96   |  out|   14|  ap_ctrl_hs|  dense_resource_rf_gt_nin_rem0<ap_fixed,ap_fixed<14,7,0,3,0>,config2_1>|  return value|
|ap_return_97   |  out|   14|  ap_ctrl_hs|  dense_resource_rf_gt_nin_rem0<ap_fixed,ap_fixed<14,7,0,3,0>,config2_1>|  return value|
|ap_return_98   |  out|   14|  ap_ctrl_hs|  dense_resource_rf_gt_nin_rem0<ap_fixed,ap_fixed<14,7,0,3,0>,config2_1>|  return value|
|ap_return_99   |  out|   14|  ap_ctrl_hs|  dense_resource_rf_gt_nin_rem0<ap_fixed,ap_fixed<14,7,0,3,0>,config2_1>|  return value|
|ap_return_100  |  out|   14|  ap_ctrl_hs|  dense_resource_rf_gt_nin_rem0<ap_fixed,ap_fixed<14,7,0,3,0>,config2_1>|  return value|
|ap_return_101  |  out|   14|  ap_ctrl_hs|  dense_resource_rf_gt_nin_rem0<ap_fixed,ap_fixed<14,7,0,3,0>,config2_1>|  return value|
|ap_return_102  |  out|   14|  ap_ctrl_hs|  dense_resource_rf_gt_nin_rem0<ap_fixed,ap_fixed<14,7,0,3,0>,config2_1>|  return value|
|ap_return_103  |  out|   14|  ap_ctrl_hs|  dense_resource_rf_gt_nin_rem0<ap_fixed,ap_fixed<14,7,0,3,0>,config2_1>|  return value|
|ap_return_104  |  out|   14|  ap_ctrl_hs|  dense_resource_rf_gt_nin_rem0<ap_fixed,ap_fixed<14,7,0,3,0>,config2_1>|  return value|
|ap_return_105  |  out|   14|  ap_ctrl_hs|  dense_resource_rf_gt_nin_rem0<ap_fixed,ap_fixed<14,7,0,3,0>,config2_1>|  return value|
|ap_return_106  |  out|   14|  ap_ctrl_hs|  dense_resource_rf_gt_nin_rem0<ap_fixed,ap_fixed<14,7,0,3,0>,config2_1>|  return value|
|ap_return_107  |  out|   14|  ap_ctrl_hs|  dense_resource_rf_gt_nin_rem0<ap_fixed,ap_fixed<14,7,0,3,0>,config2_1>|  return value|
|ap_return_108  |  out|   14|  ap_ctrl_hs|  dense_resource_rf_gt_nin_rem0<ap_fixed,ap_fixed<14,7,0,3,0>,config2_1>|  return value|
|ap_return_109  |  out|   14|  ap_ctrl_hs|  dense_resource_rf_gt_nin_rem0<ap_fixed,ap_fixed<14,7,0,3,0>,config2_1>|  return value|
|ap_return_110  |  out|   14|  ap_ctrl_hs|  dense_resource_rf_gt_nin_rem0<ap_fixed,ap_fixed<14,7,0,3,0>,config2_1>|  return value|
|ap_return_111  |  out|   14|  ap_ctrl_hs|  dense_resource_rf_gt_nin_rem0<ap_fixed,ap_fixed<14,7,0,3,0>,config2_1>|  return value|
|ap_return_112  |  out|   14|  ap_ctrl_hs|  dense_resource_rf_gt_nin_rem0<ap_fixed,ap_fixed<14,7,0,3,0>,config2_1>|  return value|
|ap_return_113  |  out|   14|  ap_ctrl_hs|  dense_resource_rf_gt_nin_rem0<ap_fixed,ap_fixed<14,7,0,3,0>,config2_1>|  return value|
|ap_return_114  |  out|   14|  ap_ctrl_hs|  dense_resource_rf_gt_nin_rem0<ap_fixed,ap_fixed<14,7,0,3,0>,config2_1>|  return value|
|ap_return_115  |  out|   14|  ap_ctrl_hs|  dense_resource_rf_gt_nin_rem0<ap_fixed,ap_fixed<14,7,0,3,0>,config2_1>|  return value|
|ap_return_116  |  out|   14|  ap_ctrl_hs|  dense_resource_rf_gt_nin_rem0<ap_fixed,ap_fixed<14,7,0,3,0>,config2_1>|  return value|
|ap_return_117  |  out|   14|  ap_ctrl_hs|  dense_resource_rf_gt_nin_rem0<ap_fixed,ap_fixed<14,7,0,3,0>,config2_1>|  return value|
|ap_return_118  |  out|   14|  ap_ctrl_hs|  dense_resource_rf_gt_nin_rem0<ap_fixed,ap_fixed<14,7,0,3,0>,config2_1>|  return value|
|ap_return_119  |  out|   14|  ap_ctrl_hs|  dense_resource_rf_gt_nin_rem0<ap_fixed,ap_fixed<14,7,0,3,0>,config2_1>|  return value|
|ap_return_120  |  out|   14|  ap_ctrl_hs|  dense_resource_rf_gt_nin_rem0<ap_fixed,ap_fixed<14,7,0,3,0>,config2_1>|  return value|
|ap_return_121  |  out|   14|  ap_ctrl_hs|  dense_resource_rf_gt_nin_rem0<ap_fixed,ap_fixed<14,7,0,3,0>,config2_1>|  return value|
|ap_return_122  |  out|   14|  ap_ctrl_hs|  dense_resource_rf_gt_nin_rem0<ap_fixed,ap_fixed<14,7,0,3,0>,config2_1>|  return value|
|ap_return_123  |  out|   14|  ap_ctrl_hs|  dense_resource_rf_gt_nin_rem0<ap_fixed,ap_fixed<14,7,0,3,0>,config2_1>|  return value|
|ap_return_124  |  out|   14|  ap_ctrl_hs|  dense_resource_rf_gt_nin_rem0<ap_fixed,ap_fixed<14,7,0,3,0>,config2_1>|  return value|
|ap_return_125  |  out|   14|  ap_ctrl_hs|  dense_resource_rf_gt_nin_rem0<ap_fixed,ap_fixed<14,7,0,3,0>,config2_1>|  return value|
|ap_return_126  |  out|   14|  ap_ctrl_hs|  dense_resource_rf_gt_nin_rem0<ap_fixed,ap_fixed<14,7,0,3,0>,config2_1>|  return value|
|ap_return_127  |  out|   14|  ap_ctrl_hs|  dense_resource_rf_gt_nin_rem0<ap_fixed,ap_fixed<14,7,0,3,0>,config2_1>|  return value|
|data_address0  |  out|    3|   ap_memory|                                                                    data|         array|
|data_ce0       |  out|    1|   ap_memory|                                                                    data|         array|
|data_q0        |   in|   14|   ap_memory|                                                                    data|         array|
+---------------+-----+-----+------------+------------------------------------------------------------------------+--------------+

