

================================================================
== Vitis HLS Report for 'lstm_stack_ap_fixed_14_7_0_3_0_ap_fixed_14_7_0_3_0_config2_s'
================================================================
* Date:           Tue Sep 15 12:09:01 2026

* Version:        2026.1 (Build 6493734 on Jun 16 2026)
* Project:        recurrent_prj
* Solution:       solution1
* Product family: artix7
* Target device:  xc7a100t-csg324-1


================================================================
== Performance Estimates
================================================================
+ Timing: 
    * Summary: 
    +--------+---------+----------+------------+
    |  Clock |  Target | Estimated| Uncertainty|
    +--------+---------+----------+------------+
    |ap_clk  |  4.00 ns|  9.651 ns|     1.08 ns|
    +--------+---------+----------+------------+

+ Latency: 
    * Summary: 
    +---------+---------+----------+----------+-----+-----+---------+
    |  Latency (cycles) |  Latency (absolute) |  Interval | Pipeline|
    |   min   |   max   |    min   |    max   | min | max |   Type  |
    +---------+---------+----------+----------+-----+-----+---------+
    |      437|      441|  4.217 us|  4.256 us|  437|  441|       no|
    +---------+---------+----------+----------+-----+-----+---------+

    + Detail: 
        * Instance: 
        +--------------------------------------------------------------------------------+---------------------------------------------------------------------+---------+---------+----------+----------+-----+-----+---------+
        |                                                                                |                                                                     |  Latency (cycles) |  Latency (absolute) |  Interval | Pipeline|
        |                                    Instance                                    |                                Module                               |   min   |   max   |    min   |    max   | min | max |   Type  |
        +--------------------------------------------------------------------------------+---------------------------------------------------------------------+---------+---------+----------+----------+-----+-----+---------+
        |grp_lstm_static_ap_fixed_14_7_0_3_0_ap_fixed_14_7_0_3_0_config2_false_s_fu_445  |lstm_static_ap_fixed_14_7_0_3_0_ap_fixed_14_7_0_3_0_config2_false_s  |      100|      101|  0.965 us|  0.975 us|  100|  101|       no|
        +--------------------------------------------------------------------------------+---------------------------------------------------------------------+---------+---------+----------+----------+-----+-----+---------+

        * Loop: 
        +--------------------+---------+---------+-----------+-----------+-----------+------+----------+
        |                    |  Latency (cycles) | Iteration |  Initiation Interval  | Trip |          |
        |      Loop Name     |   min   |   max   |  Latency  |  achieved |   target  | Count| Pipelined|
        +--------------------+---------+---------+-----------+-----------+-----------+------+----------+
        |- VITIS_LOOP_242_2  |      436|      440|  109 ~ 110|          -|          -|     4|        no|
        +--------------------+---------+---------+-----------+-----------+-----------+------+----------+



================================================================
== Utilization Estimates
================================================================
* Summary: 
+-----------------+---------+-----+--------+-------+-----+
|       Name      | BRAM_18K| DSP |   FF   |  LUT  | URAM|
+-----------------+---------+-----+--------+-------+-----+
|DSP              |        -|    -|       -|      -|    -|
|Expression       |        -|    -|       0|    138|    -|
|FIFO             |        -|    -|       -|      -|    -|
|Instance         |       90|  176|   44537|  46164|    -|
|Memory           |        0|    -|      28|      2|    0|
|Multiplexer      |        -|    -|       0|    462|    -|
|Register         |        -|    -|    1067|      -|    -|
+-----------------+---------+-----+--------+-------+-----+
|Total            |       90|  176|   45632|  46766|    0|
+-----------------+---------+-----+--------+-------+-----+
|Available        |      270|  240|  126800|  63400|    0|
+-----------------+---------+-----+--------+-------+-----+
|Utilization (%)  |       33|   73|      35|     73|    0|
+-----------------+---------+-----+--------+-------+-----+

+ Detail: 
    * Instance: 
    +--------------------------------------------------------------------------------+---------------------------------------------------------------------+---------+-----+-------+-------+-----+
    |                                    Instance                                    |                                Module                               | BRAM_18K| DSP |   FF  |  LUT  | URAM|
    +--------------------------------------------------------------------------------+---------------------------------------------------------------------+---------+-----+-------+-------+-----+
    |grp_lstm_static_ap_fixed_14_7_0_3_0_ap_fixed_14_7_0_3_0_config2_false_s_fu_445  |lstm_static_ap_fixed_14_7_0_3_0_ap_fixed_14_7_0_3_0_config2_false_s  |       90|  176|  44529|  45068|    0|
    |partselect_14ns_448ns_9ns_14_2_1_U369                                           |partselect_14ns_448ns_9ns_14_2_1                                     |        0|    0|      1|    137|    0|
    |partselect_14ns_448ns_9ns_14_2_1_U370                                           |partselect_14ns_448ns_9ns_14_2_1                                     |        0|    0|      1|    137|    0|
    |partselect_14ns_448ns_9ns_14_2_1_U371                                           |partselect_14ns_448ns_9ns_14_2_1                                     |        0|    0|      1|    137|    0|
    |partselect_14ns_448ns_9ns_14_2_1_U372                                           |partselect_14ns_448ns_9ns_14_2_1                                     |        0|    0|      1|    137|    0|
    |partselect_14ns_448ns_9ns_14_2_1_U373                                           |partselect_14ns_448ns_9ns_14_2_1                                     |        0|    0|      1|    137|    0|
    |partselect_14ns_448ns_9ns_14_2_1_U374                                           |partselect_14ns_448ns_9ns_14_2_1                                     |        0|    0|      1|    137|    0|
    |partselect_14ns_448ns_9ns_14_2_1_U375                                           |partselect_14ns_448ns_9ns_14_2_1                                     |        0|    0|      1|    137|    0|
    |partselect_14ns_448ns_9ns_14_2_1_U376                                           |partselect_14ns_448ns_9ns_14_2_1                                     |        0|    0|      1|    137|    0|
    +--------------------------------------------------------------------------------+---------------------------------------------------------------------+---------+-----+-------+-------+-----+
    |Total                                                                           |                                                                     |       90|  176|  44537|  46164|    0|
    +--------------------------------------------------------------------------------+---------------------------------------------------------------------+---------+-----+-------+-------+-----+

    * DSP: 
    N/A

    * Memory: 
    +-----------+----------------------------------------------------------------------------------+---------+----+----+-----+------+-----+------+-------------+
    |   Memory  |                                      Module                                      | BRAM_18K| FF | LUT| URAM| Words| Bits| Banks| W*Bits*Banks|
    +-----------+----------------------------------------------------------------------------------+---------+----+----+-----+------+-----+------+-------------+
    |data_in_U  |lstm_stack_ap_fixed_14_7_0_3_0_ap_fixed_14_7_0_3_0_config2_s_data_in_RAM_AUTOhbi  |        0|  28|   2|    0|     8|   14|     1|          112|
    +-----------+----------------------------------------------------------------------------------+---------+----+----+-----+------+-----+------+-------------+
    |Total      |                                                                                  |        0|  28|   2|    0|     8|   14|     1|          112|
    +-----------+----------------------------------------------------------------------------------+---------+----+----+-----+------+-----+------+-------------+

    * FIFO: 
    N/A

    * Expression: 
    +------------------------+----------+----+---+----+------------+------------+
    |      Variable Name     | Operation| DSP| FF| LUT| Bitwidth P0| Bitwidth P1|
    +------------------------+----------+----+---+----+------------+------------+
    |add_ln242_fu_766_p2     |         +|   0|  0|  11|           3|           1|
    |add_ln245_1_fu_1126_p2  |         +|   0|  0|  16|           9|           5|
    |add_ln245_2_fu_1132_p2  |         +|   0|  0|  16|           9|           6|
    |add_ln245_3_fu_1138_p2  |         +|   0|  0|  16|           9|           6|
    |add_ln245_4_fu_1144_p2  |         +|   0|  0|  16|           9|           7|
    |add_ln245_5_fu_1150_p2  |         +|   0|  0|  16|           9|           7|
    |add_ln245_fu_1120_p2    |         +|   0|  0|  16|           9|           4|
    |sub_ln245_fu_796_p2     |         -|   0|  0|  16|           9|           9|
    |icmp_ln242_fu_760_p2    |      icmp|   0|  0|  13|           3|           4|
    |ap_block_state1         |        or|   0|  0|   2|           1|           1|
    +------------------------+----------+----+---+----+------------+------------+
    |Total                   |          |   0|  0| 138|          70|          50|
    +------------------------+----------+----+---+----+------------+------------+

    * Multiplexer: 
    +--------------------------+----+-----------+-----+-----------+
    |           Name           | LUT| Input Size| Bits| Total Bits|
    +--------------------------+----+-----------+-----+-----------+
    |ap_NS_fsm                 |  45|         11|    1|         11|
    |ap_done                   |   9|          2|    1|          2|
    |data_in_address0          |   9|          2|    3|          6|
    |data_in_address0_local    |  21|          5|    3|         15|
    |data_in_address1_local    |  21|          5|    3|         15|
    |data_in_ce0               |   9|          2|    1|          2|
    |data_in_d0_local          |  21|          5|   14|         70|
    |data_in_d1_local          |  21|          5|   14|         70|
    |iloop_fu_216              |   9|          2|    3|          6|
    |input_layer_blk_n         |   9|          2|    1|          2|
    |layer2_out_0_0_fu_220     |   9|          2|   14|         28|
    |layer2_out_10_0_fu_260    |   9|          2|   14|         28|
    |layer2_out_11_0_fu_264    |   9|          2|   14|         28|
    |layer2_out_12_0_fu_268    |   9|          2|   14|         28|
    |layer2_out_13_0_fu_272    |   9|          2|   14|         28|
    |layer2_out_1445_0_fu_276  |   9|          2|   14|         28|
    |layer2_out_15_0_fu_280    |   9|          2|   14|         28|
    |layer2_out_16_0_fu_284    |   9|          2|   14|         28|
    |layer2_out_17_0_fu_288    |   9|          2|   14|         28|
    |layer2_out_18_0_fu_292    |   9|          2|   14|         28|
    |layer2_out_19_0_fu_296    |   9|          2|   14|         28|
    |layer2_out_1_0_fu_224     |   9|          2|   14|         28|
    |layer2_out_20_0_fu_300    |   9|          2|   14|         28|
    |layer2_out_21_0_fu_304    |   9|          2|   14|         28|
    |layer2_out_22_0_fu_308    |   9|          2|   14|         28|
    |layer2_out_23_0_fu_312    |   9|          2|   14|         28|
    |layer2_out_24_0_fu_316    |   9|          2|   14|         28|
    |layer2_out_25_0_fu_320    |   9|          2|   14|         28|
    |layer2_out_26_0_fu_324    |   9|          2|   14|         28|
    |layer2_out_2786_0_fu_328  |   9|          2|   14|         28|
    |layer2_out_28_0_fu_332    |   9|          2|   14|         28|
    |layer2_out_29_0_fu_336    |   9|          2|   14|         28|
    |layer2_out_2_0_fu_228     |   9|          2|   14|         28|
    |layer2_out_30_0_fu_340    |   9|          2|   14|         28|
    |layer2_out_31_0_fu_344    |   9|          2|   14|         28|
    |layer2_out_3_0_fu_232     |   9|          2|   14|         28|
    |layer2_out_4_0_fu_236     |   9|          2|   14|         28|
    |layer2_out_5_0_fu_240     |   9|          2|   14|         28|
    |layer2_out_6_0_fu_244     |   9|          2|   14|         28|
    |layer2_out_7_0_fu_248     |   9|          2|   14|         28|
    |layer2_out_8_0_fu_252     |   9|          2|   14|         28|
    |layer2_out_9_0_fu_256     |   9|          2|   14|         28|
    +--------------------------+----+-----------+-----+-----------+
    |Total                     | 462|        105|  492|       1095|
    +--------------------------+----+-----------+-----+-----------+

    * Register: 
    +---------------------------------------------------------------------------------------------+-----+----+-----+-----------+
    |                                             Name                                            |  FF | LUT| Bits| Const Bits|
    +---------------------------------------------------------------------------------------------+-----+----+-----+-----------+
    |add_ln242_reg_1770                                                                           |    3|   0|    3|          0|
    |add_ln245_1_reg_1795                                                                         |    5|   0|    9|          4|
    |add_ln245_2_reg_1800                                                                         |    5|   0|    9|          4|
    |add_ln245_3_reg_1805                                                                         |    5|   0|    9|          4|
    |add_ln245_4_reg_1810                                                                         |    5|   0|    9|          4|
    |add_ln245_5_reg_1815                                                                         |    5|   0|    9|          4|
    |add_ln245_reg_1790                                                                           |    5|   0|    9|          4|
    |ap_CS_fsm                                                                                    |   10|   0|   10|          0|
    |ap_done_reg                                                                                  |    1|   0|    1|          0|
    |grp_lstm_static_ap_fixed_14_7_0_3_0_ap_fixed_14_7_0_3_0_config2_false_s_fu_445_ap_start_reg  |    1|   0|    1|          0|
    |iloop_fu_216                                                                                 |    3|   0|    3|          0|
    |input_layer_read_reg_1715                                                                    |  448|   0|  448|          0|
    |layer2_out_0_0_fu_220                                                                        |   14|   0|   14|          0|
    |layer2_out_10_0_fu_260                                                                       |   14|   0|   14|          0|
    |layer2_out_11_0_fu_264                                                                       |   14|   0|   14|          0|
    |layer2_out_12_0_fu_268                                                                       |   14|   0|   14|          0|
    |layer2_out_13_0_fu_272                                                                       |   14|   0|   14|          0|
    |layer2_out_1445_0_fu_276                                                                     |   14|   0|   14|          0|
    |layer2_out_15_0_fu_280                                                                       |   14|   0|   14|          0|
    |layer2_out_16_0_fu_284                                                                       |   14|   0|   14|          0|
    |layer2_out_17_0_fu_288                                                                       |   14|   0|   14|          0|
    |layer2_out_18_0_fu_292                                                                       |   14|   0|   14|          0|
    |layer2_out_19_0_fu_296                                                                       |   14|   0|   14|          0|
    |layer2_out_1_0_fu_224                                                                        |   14|   0|   14|          0|
    |layer2_out_20_0_fu_300                                                                       |   14|   0|   14|          0|
    |layer2_out_21_0_fu_304                                                                       |   14|   0|   14|          0|
    |layer2_out_22_0_fu_308                                                                       |   14|   0|   14|          0|
    |layer2_out_23_0_fu_312                                                                       |   14|   0|   14|          0|
    |layer2_out_24_0_fu_316                                                                       |   14|   0|   14|          0|
    |layer2_out_25_0_fu_320                                                                       |   14|   0|   14|          0|
    |layer2_out_26_0_fu_324                                                                       |   14|   0|   14|          0|
    |layer2_out_2786_0_fu_328                                                                     |   14|   0|   14|          0|
    |layer2_out_28_0_fu_332                                                                       |   14|   0|   14|          0|
    |layer2_out_29_0_fu_336                                                                       |   14|   0|   14|          0|
    |layer2_out_2_0_fu_228                                                                        |   14|   0|   14|          0|
    |layer2_out_30_0_fu_340                                                                       |   14|   0|   14|          0|
    |layer2_out_31_0_fu_344                                                                       |   14|   0|   14|          0|
    |layer2_out_3_0_fu_232                                                                        |   14|   0|   14|          0|
    |layer2_out_4_0_fu_236                                                                        |   14|   0|   14|          0|
    |layer2_out_5_0_fu_240                                                                        |   14|   0|   14|          0|
    |layer2_out_6_0_fu_244                                                                        |   14|   0|   14|          0|
    |layer2_out_7_0_fu_248                                                                        |   14|   0|   14|          0|
    |layer2_out_8_0_fu_252                                                                        |   14|   0|   14|          0|
    |layer2_out_9_0_fu_256                                                                        |   14|   0|   14|          0|
    |reset_state_reg_431                                                                          |    1|   0|    1|          0|
    |sub_ln245_reg_1775                                                                           |    5|   0|    9|          4|
    |tmp_541_reg_1830                                                                             |   14|   0|   14|          0|
    |tmp_542_reg_1835                                                                             |   14|   0|   14|          0|
    |tmp_543_reg_1840                                                                             |   14|   0|   14|          0|
    |tmp_544_reg_1845                                                                             |   14|   0|   14|          0|
    |tmp_545_reg_1850                                                                             |   14|   0|   14|          0|
    |tmp_546_reg_1855                                                                             |   14|   0|   14|          0|
    |tmp_575_reg_1780                                                                             |    5|   0|    5|          0|
    |tmp_reg_1820                                                                                 |   14|   0|   14|          0|
    |tmp_s_reg_1825                                                                               |   14|   0|   14|          0|
    +---------------------------------------------------------------------------------------------+-----+----+-----+-----------+
    |Total                                                                                        | 1067|   0| 1095|         28|
    +---------------------------------------------------------------------------------------------+-----+----+-----+-----------+



================================================================
== Interface
================================================================
* Summary: 
+--------------------+-----+-----+------------+-------------------------------------------------------------------------+--------------+
|      RTL Ports     | Dir | Bits|  Protocol  |                              Source Object                              |    C Type    |
+--------------------+-----+-----+------------+-------------------------------------------------------------------------+--------------+
|ap_clk              |   in|    1|  ap_ctrl_hs|  lstm_stack<ap_fixed<14, 7, 0, 3, 0>, ap_fixed<14, 7, 0, 3, 0>, config2>|  return value|
|ap_rst              |   in|    1|  ap_ctrl_hs|  lstm_stack<ap_fixed<14, 7, 0, 3, 0>, ap_fixed<14, 7, 0, 3, 0>, config2>|  return value|
|ap_start            |   in|    1|  ap_ctrl_hs|  lstm_stack<ap_fixed<14, 7, 0, 3, 0>, ap_fixed<14, 7, 0, 3, 0>, config2>|  return value|
|ap_done             |  out|    1|  ap_ctrl_hs|  lstm_stack<ap_fixed<14, 7, 0, 3, 0>, ap_fixed<14, 7, 0, 3, 0>, config2>|  return value|
|ap_continue         |   in|    1|  ap_ctrl_hs|  lstm_stack<ap_fixed<14, 7, 0, 3, 0>, ap_fixed<14, 7, 0, 3, 0>, config2>|  return value|
|ap_idle             |  out|    1|  ap_ctrl_hs|  lstm_stack<ap_fixed<14, 7, 0, 3, 0>, ap_fixed<14, 7, 0, 3, 0>, config2>|  return value|
|ap_ready            |  out|    1|  ap_ctrl_hs|  lstm_stack<ap_fixed<14, 7, 0, 3, 0>, ap_fixed<14, 7, 0, 3, 0>, config2>|  return value|
|ap_return_0         |  out|   14|  ap_ctrl_hs|  lstm_stack<ap_fixed<14, 7, 0, 3, 0>, ap_fixed<14, 7, 0, 3, 0>, config2>|  return value|
|ap_return_1         |  out|   14|  ap_ctrl_hs|  lstm_stack<ap_fixed<14, 7, 0, 3, 0>, ap_fixed<14, 7, 0, 3, 0>, config2>|  return value|
|ap_return_2         |  out|   14|  ap_ctrl_hs|  lstm_stack<ap_fixed<14, 7, 0, 3, 0>, ap_fixed<14, 7, 0, 3, 0>, config2>|  return value|
|ap_return_3         |  out|   14|  ap_ctrl_hs|  lstm_stack<ap_fixed<14, 7, 0, 3, 0>, ap_fixed<14, 7, 0, 3, 0>, config2>|  return value|
|ap_return_4         |  out|   14|  ap_ctrl_hs|  lstm_stack<ap_fixed<14, 7, 0, 3, 0>, ap_fixed<14, 7, 0, 3, 0>, config2>|  return value|
|ap_return_5         |  out|   14|  ap_ctrl_hs|  lstm_stack<ap_fixed<14, 7, 0, 3, 0>, ap_fixed<14, 7, 0, 3, 0>, config2>|  return value|
|ap_return_6         |  out|   14|  ap_ctrl_hs|  lstm_stack<ap_fixed<14, 7, 0, 3, 0>, ap_fixed<14, 7, 0, 3, 0>, config2>|  return value|
|ap_return_7         |  out|   14|  ap_ctrl_hs|  lstm_stack<ap_fixed<14, 7, 0, 3, 0>, ap_fixed<14, 7, 0, 3, 0>, config2>|  return value|
|ap_return_8         |  out|   14|  ap_ctrl_hs|  lstm_stack<ap_fixed<14, 7, 0, 3, 0>, ap_fixed<14, 7, 0, 3, 0>, config2>|  return value|
|ap_return_9         |  out|   14|  ap_ctrl_hs|  lstm_stack<ap_fixed<14, 7, 0, 3, 0>, ap_fixed<14, 7, 0, 3, 0>, config2>|  return value|
|ap_return_10        |  out|   14|  ap_ctrl_hs|  lstm_stack<ap_fixed<14, 7, 0, 3, 0>, ap_fixed<14, 7, 0, 3, 0>, config2>|  return value|
|ap_return_11        |  out|   14|  ap_ctrl_hs|  lstm_stack<ap_fixed<14, 7, 0, 3, 0>, ap_fixed<14, 7, 0, 3, 0>, config2>|  return value|
|ap_return_12        |  out|   14|  ap_ctrl_hs|  lstm_stack<ap_fixed<14, 7, 0, 3, 0>, ap_fixed<14, 7, 0, 3, 0>, config2>|  return value|
|ap_return_13        |  out|   14|  ap_ctrl_hs|  lstm_stack<ap_fixed<14, 7, 0, 3, 0>, ap_fixed<14, 7, 0, 3, 0>, config2>|  return value|
|ap_return_14        |  out|   14|  ap_ctrl_hs|  lstm_stack<ap_fixed<14, 7, 0, 3, 0>, ap_fixed<14, 7, 0, 3, 0>, config2>|  return value|
|ap_return_15        |  out|   14|  ap_ctrl_hs|  lstm_stack<ap_fixed<14, 7, 0, 3, 0>, ap_fixed<14, 7, 0, 3, 0>, config2>|  return value|
|ap_return_16        |  out|   14|  ap_ctrl_hs|  lstm_stack<ap_fixed<14, 7, 0, 3, 0>, ap_fixed<14, 7, 0, 3, 0>, config2>|  return value|
|ap_return_17        |  out|   14|  ap_ctrl_hs|  lstm_stack<ap_fixed<14, 7, 0, 3, 0>, ap_fixed<14, 7, 0, 3, 0>, config2>|  return value|
|ap_return_18        |  out|   14|  ap_ctrl_hs|  lstm_stack<ap_fixed<14, 7, 0, 3, 0>, ap_fixed<14, 7, 0, 3, 0>, config2>|  return value|
|ap_return_19        |  out|   14|  ap_ctrl_hs|  lstm_stack<ap_fixed<14, 7, 0, 3, 0>, ap_fixed<14, 7, 0, 3, 0>, config2>|  return value|
|ap_return_20        |  out|   14|  ap_ctrl_hs|  lstm_stack<ap_fixed<14, 7, 0, 3, 0>, ap_fixed<14, 7, 0, 3, 0>, config2>|  return value|
|ap_return_21        |  out|   14|  ap_ctrl_hs|  lstm_stack<ap_fixed<14, 7, 0, 3, 0>, ap_fixed<14, 7, 0, 3, 0>, config2>|  return value|
|ap_return_22        |  out|   14|  ap_ctrl_hs|  lstm_stack<ap_fixed<14, 7, 0, 3, 0>, ap_fixed<14, 7, 0, 3, 0>, config2>|  return value|
|ap_return_23        |  out|   14|  ap_ctrl_hs|  lstm_stack<ap_fixed<14, 7, 0, 3, 0>, ap_fixed<14, 7, 0, 3, 0>, config2>|  return value|
|ap_return_24        |  out|   14|  ap_ctrl_hs|  lstm_stack<ap_fixed<14, 7, 0, 3, 0>, ap_fixed<14, 7, 0, 3, 0>, config2>|  return value|
|ap_return_25        |  out|   14|  ap_ctrl_hs|  lstm_stack<ap_fixed<14, 7, 0, 3, 0>, ap_fixed<14, 7, 0, 3, 0>, config2>|  return value|
|ap_return_26        |  out|   14|  ap_ctrl_hs|  lstm_stack<ap_fixed<14, 7, 0, 3, 0>, ap_fixed<14, 7, 0, 3, 0>, config2>|  return value|
|ap_return_27        |  out|   14|  ap_ctrl_hs|  lstm_stack<ap_fixed<14, 7, 0, 3, 0>, ap_fixed<14, 7, 0, 3, 0>, config2>|  return value|
|ap_return_28        |  out|   14|  ap_ctrl_hs|  lstm_stack<ap_fixed<14, 7, 0, 3, 0>, ap_fixed<14, 7, 0, 3, 0>, config2>|  return value|
|ap_return_29        |  out|   14|  ap_ctrl_hs|  lstm_stack<ap_fixed<14, 7, 0, 3, 0>, ap_fixed<14, 7, 0, 3, 0>, config2>|  return value|
|ap_return_30        |  out|   14|  ap_ctrl_hs|  lstm_stack<ap_fixed<14, 7, 0, 3, 0>, ap_fixed<14, 7, 0, 3, 0>, config2>|  return value|
|ap_return_31        |  out|   14|  ap_ctrl_hs|  lstm_stack<ap_fixed<14, 7, 0, 3, 0>, ap_fixed<14, 7, 0, 3, 0>, config2>|  return value|
|input_layer         |   in|  448|      ap_vld|                                                              input_layer|       pointer|
|input_layer_ap_vld  |   in|    1|      ap_vld|                                                              input_layer|       pointer|
+--------------------+-----+-----+------------+-------------------------------------------------------------------------+--------------+

