

================================================================
== Vitis HLS Report for 'recurrent'
================================================================
* Date:           Tue Sep 15 12:09:03 2026

* Version:        2026.1 (Build 6493734 on Jun 16 2026)
* Project:        recurrent_prj
* Solution:       solution1
* Product family: artix7
* Target device:  xc7a100t-csg324-1


================================================================
== Performance Estimates
================================================================
+ Timing: 
    * Summary: 
    +--------+---------+----------+------------+
    |  Clock |  Target | Estimated| Uncertainty|
    +--------+---------+----------+------------+
    |ap_clk  |  4.00 ns|  9.651 ns|     1.08 ns|
    +--------+---------+----------+------------+

+ Latency: 
    * Summary: 
    +---------+---------+----------+----------+-----+-----+----------+
    |  Latency (cycles) |  Latency (absolute) |  Interval | Pipeline |
    |   min   |   max   |    min   |    max   | min | max |   Type   |
    +---------+---------+----------+----------+-----+-----+----------+
    |      475|      480|  4.584 us|  4.632 us|  438|  442|  dataflow|
    +---------+---------+----------+----------+-----+-----+----------+

    + Detail: 
        * Instance: 
        +-------------------------------------------------------------------+------------------------------------------------------------------+---------+---------+----------+----------+-----+-----+------------------------------------+
        |                                                                   |                                                                  |  Latency (cycles) |  Latency (absolute) |  Interval |              Pipeline              |
        |                              Instance                             |                              Module                              |   min   |   max   |    min   |    max   | min | max |                Type                |
        +-------------------------------------------------------------------+------------------------------------------------------------------+---------+---------+----------+----------+-----+-----+------------------------------------+
        |lstm_stack_ap_fixed_14_7_0_3_0_ap_fixed_14_7_0_3_0_config2_U0      |lstm_stack_ap_fixed_14_7_0_3_0_ap_fixed_14_7_0_3_0_config2_s      |      437|      441|  4.217 us|  4.256 us|  437|  441|                                  no|
        |dense_resource_rf_leq_nin_ap_fixed_ap_fixed_14_7_0_3_0_config3_U0  |dense_resource_rf_leq_nin_ap_fixed_ap_fixed_14_7_0_3_0_config3_s  |       37|       38|  0.357 us|  0.367 us|   32|   32|  loop rewind stp (delay=0 cycle(s))|
        +-------------------------------------------------------------------+------------------------------------------------------------------+---------+---------+----------+----------+-----+-----+------------------------------------+

        * Loop: 
        N/A



================================================================
== Utilization Estimates
================================================================
* Summary: 
+-----------------+---------+-----+--------+-------+-----+
|       Name      | BRAM_18K| DSP |   FF   |  LUT  | URAM|
+-----------------+---------+-----+--------+-------+-----+
|DSP              |        -|    -|       -|      -|    -|
|Expression       |        -|    -|       0|      6|    -|
|FIFO             |        -|    -|    3168|   2176|    -|
|Instance         |       91|  177|   46694|  47973|    0|
|Memory           |        -|    -|       -|      -|    -|
|Multiplexer      |        -|    -|       0|      9|    -|
|Register         |        -|    -|       1|      -|    -|
+-----------------+---------+-----+--------+-------+-----+
|Total            |       91|  177|   49863|  50164|    0|
+-----------------+---------+-----+--------+-------+-----+
|Available        |      270|  240|  126800|  63400|    0|
+-----------------+---------+-----+--------+-------+-----+
|Utilization (%)  |       33|   73|      39|     79|    0|
+-----------------+---------+-----+--------+-------+-----+

+ Detail: 
    * Instance: 
    +-------------------------------------------------------------------+------------------------------------------------------------------+---------+-----+-------+-------+-----+
    |                              Instance                             |                              Module                              | BRAM_18K| DSP |   FF  |  LUT  | URAM|
    +-------------------------------------------------------------------+------------------------------------------------------------------+---------+-----+-------+-------+-----+
    |dense_resource_rf_leq_nin_ap_fixed_ap_fixed_14_7_0_3_0_config3_U0  |dense_resource_rf_leq_nin_ap_fixed_ap_fixed_14_7_0_3_0_config3_s  |        1|    1|   1062|   1207|    0|
    |lstm_stack_ap_fixed_14_7_0_3_0_ap_fixed_14_7_0_3_0_config2_U0      |lstm_stack_ap_fixed_14_7_0_3_0_ap_fixed_14_7_0_3_0_config2_s      |       90|  176|  45632|  46766|    0|
    +-------------------------------------------------------------------+------------------------------------------------------------------+---------+-----+-------+-------+-----+
    |Total                                                              |                                                                  |       91|  177|  46694|  47973|    0|
    +-------------------------------------------------------------------+------------------------------------------------------------------+---------+-----+-------+-------+-----+

    * DSP: 
    N/A

    * Memory: 
    N/A

    * FIFO: 
    +-----------------+---------+----+----+-----+------+-----+---------+
    |       Name      | BRAM_18K| FF | LUT| URAM| Depth| Bits| Size:D*B|
    +-----------------+---------+----+----+-----+------+-----+---------+
    |layer2_out_10_U  |        0|  99|  68|    0|     2|   14|       28|
    |layer2_out_11_U  |        0|  99|  68|    0|     2|   14|       28|
    |layer2_out_12_U  |        0|  99|  68|    0|     2|   14|       28|
    |layer2_out_13_U  |        0|  99|  68|    0|     2|   14|       28|
    |layer2_out_14_U  |        0|  99|  68|    0|     2|   14|       28|
    |layer2_out_15_U  |        0|  99|  68|    0|     2|   14|       28|
    |layer2_out_16_U  |        0|  99|  68|    0|     2|   14|       28|
    |layer2_out_17_U  |        0|  99|  68|    0|     2|   14|       28|
    |layer2_out_18_U  |        0|  99|  68|    0|     2|   14|       28|
    |layer2_out_19_U  |        0|  99|  68|    0|     2|   14|       28|
    |layer2_out_1_U   |        0|  99|  68|    0|     2|   14|       28|
    |layer2_out_20_U  |        0|  99|  68|    0|     2|   14|       28|
    |layer2_out_21_U  |        0|  99|  68|    0|     2|   14|       28|
    |layer2_out_22_U  |        0|  99|  68|    0|     2|   14|       28|
    |layer2_out_23_U  |        0|  99|  68|    0|     2|   14|       28|
    |layer2_out_24_U  |        0|  99|  68|    0|     2|   14|       28|
    |layer2_out_25_U  |        0|  99|  68|    0|     2|   14|       28|
    |layer2_out_26_U  |        0|  99|  68|    0|     2|   14|       28|
    |layer2_out_27_U  |        0|  99|  68|    0|     2|   14|       28|
    |layer2_out_28_U  |        0|  99|  68|    0|     2|   14|       28|
    |layer2_out_29_U  |        0|  99|  68|    0|     2|   14|       28|
    |layer2_out_2_U   |        0|  99|  68|    0|     2|   14|       28|
    |layer2_out_30_U  |        0|  99|  68|    0|     2|   14|       28|
    |layer2_out_31_U  |        0|  99|  68|    0|     2|   14|       28|
    |layer2_out_3_U   |        0|  99|  68|    0|     2|   14|       28|
    |layer2_out_4_U   |        0|  99|  68|    0|     2|   14|       28|
    |layer2_out_5_U   |        0|  99|  68|    0|     2|   14|       28|
    |layer2_out_6_U   |        0|  99|  68|    0|     2|   14|       28|
    |layer2_out_7_U   |        0|  99|  68|    0|     2|   14|       28|
    |layer2_out_8_U   |        0|  99|  68|    0|     2|   14|       28|
    |layer2_out_9_U   |        0|  99|  68|    0|     2|   14|       28|
    |layer2_out_U     |        0|  99|  68|    0|     2|   14|       28|
    +-----------------+---------+----+----+-----+------+-----+---------+
    |Total            |        0|3168|2176|    0|    64|  448|      896|
    +-----------------+---------+----+----+-----+------+-----+---------+

    * Expression: 
    +-------------------------------------+----------+----+---+----+------------+------------+
    |            Variable Name            | Operation| DSP| FF| LUT| Bitwidth P0| Bitwidth P1|
    +-------------------------------------+----------+----+---+----+------------+------------+
    |ap_channel_done_layer2_out_31        |       and|   0|  0|   2|           1|           1|
    |ap_idle                              |       and|   0|  0|   2|           1|           1|
    |ap_sync_channel_write_layer2_out_31  |        or|   0|  0|   2|           1|           1|
    +-------------------------------------+----------+----+---+----+------------+------------+
    |Total                                |          |   0|  0|   6|           3|           3|
    +-------------------------------------+----------+----+---+----+------------+------------+

    * Multiplexer: 
    +-----------------------------------------+----+-----------+-----+-----------+
    |                   Name                  | LUT| Input Size| Bits| Total Bits|
    +-----------------------------------------+----+-----------+-----+-----------+
    |ap_sync_reg_channel_write_layer2_out_31  |   9|          2|    1|          2|
    +-----------------------------------------+----+-----------+-----+-----------+
    |Total                                    |   9|          2|    1|          2|
    +-----------------------------------------+----+-----------+-----+-----------+

    * Register: 
    +-----------------------------------------+---+----+-----+-----------+
    |                   Name                  | FF| LUT| Bits| Const Bits|
    +-----------------------------------------+---+----+-----+-----------+
    |ap_sync_reg_channel_write_layer2_out_31  |  1|   0|    1|          0|
    +-----------------------------------------+---+----+-----+-----------+
    |Total                                    |  1|   0|    1|          0|
    +-----------------------------------------+---+----+-----+-----------+



================================================================
== Interface
================================================================
* Summary: 
+--------------------+-----+-----+------------+--------------+--------------+
|      RTL Ports     | Dir | Bits|  Protocol  | Source Object|    C Type    |
+--------------------+-----+-----+------------+--------------+--------------+
|input_layer         |   in|  448|      ap_vld|   input_layer|       pointer|
|input_layer_ap_vld  |   in|    1|      ap_vld|   input_layer|       pointer|
|layer3_out          |  out|   14|      ap_vld|    layer3_out|       pointer|
|layer3_out_ap_vld   |  out|    1|      ap_vld|    layer3_out|       pointer|
|ap_clk              |   in|    1|  ap_ctrl_hs|     recurrent|  return value|
|ap_rst              |   in|    1|  ap_ctrl_hs|     recurrent|  return value|
|ap_start            |   in|    1|  ap_ctrl_hs|     recurrent|  return value|
|ap_done             |  out|    1|  ap_ctrl_hs|     recurrent|  return value|
|ap_ready            |  out|    1|  ap_ctrl_hs|     recurrent|  return value|
|ap_idle             |  out|    1|  ap_ctrl_hs|     recurrent|  return value|
+--------------------+-----+-----+------------+--------------+--------------+

