

================================================================
== Vitis HLS Report for 'tanh_ap_fixed_14_7_0_3_0_ap_fixed_14_7_0_3_0_tanh_config2_s'
================================================================
* Date:           Tue Sep 15 12:08:50 2026

* Version:        2026.1 (Build 6493734 on Jun 16 2026)
* Project:        recurrent_prj
* Solution:       solution1
* Product family: artix7
* Target device:  xc7a100t-csg324-1


================================================================
== Performance Estimates
================================================================
+ Timing: 
    * Summary: 
    +--------+---------+----------+------------+
    |  Clock |  Target | Estimated| Uncertainty|
    +--------+---------+----------+------------+
    |ap_clk  |  4.00 ns|  2.904 ns|     1.08 ns|
    +--------+---------+----------+------------+

+ Latency: 
    * Summary: 
    +---------+---------+-----------+-----------+-----+-----+---------+
    |  Latency (cycles) |   Latency (absolute)  |  Interval | Pipeline|
    |   min   |   max   |    min    |    max    | min | max |   Type  |
    +---------+---------+-----------+-----------+-----+-----+---------+
    |        5|        5|  48.255 ns|  48.255 ns|    1|    1|      yes|
    +---------+---------+-----------+-----------+-----+-----+---------+

    + Detail: 
        * Instance: 
        N/A

        * Loop: 
        N/A



================================================================
== Utilization Estimates
================================================================
* Summary: 
+-----------------+---------+-----+--------+-------+-----+
|       Name      | BRAM_18K| DSP |   FF   |  LUT  | URAM|
+-----------------+---------+-----+--------+-------+-----+
|DSP              |        -|    -|       -|      -|    -|
|Expression       |        -|    -|       0|   2400|    -|
|FIFO             |        -|    -|       -|      -|    -|
|Instance         |        -|    -|       -|      -|    -|
|Memory           |       16|    -|      11|      0|    -|
|Multiplexer      |        -|    -|       0|    416|    -|
|Register         |        -|    -|    1953|      -|    -|
+-----------------+---------+-----+--------+-------+-----+
|Total            |       16|    0|    1964|   2816|    0|
+-----------------+---------+-----+--------+-------+-----+
|Available        |      270|  240|  126800|  63400|    0|
+-----------------+---------+-----+--------+-------+-----+
|Utilization (%)  |        5|    0|       1|      4|    0|
+-----------------+---------+-----+--------+-------+-----+

+ Detail: 
    * Instance: 
    N/A

    * DSP: 
    N/A

    * Memory: 
    +--------------+----------------------------------------------------------------------------------+---------+----+----+-----+------+-----+------+-------------+
    |    Memory    |                                      Module                                      | BRAM_18K| FF | LUT| URAM| Words| Bits| Banks| W*Bits*Banks|
    +--------------+----------------------------------------------------------------------------------+---------+----+----+-----+------+-----+------+-------------+
    |tanh_table_U  |tanh_ap_fixed_14_7_0_3_0_ap_fixed_14_7_0_3_0_tanh_config2_s_tanh_table_ROM_AUg8j  |       16|  11|   0|    0|  1024|   11|     1|        11264|
    +--------------+----------------------------------------------------------------------------------+---------+----+----+-----+------+-----+------+-------------+
    |Total         |                                                                                  |       16|  11|   0|    0|  1024|   11|     1|        11264|
    +--------------+----------------------------------------------------------------------------------+---------+----+----+-----+------+-----+------+-------------+

    * FIFO: 
    N/A

    * Expression: 
    +--------------------------+----------+----+---+----+------------+------------+
    |       Variable Name      | Operation| DSP| FF| LUT| Bitwidth P0| Bitwidth P1|
    +--------------------------+----------+----+---+----+------------+------------+
    |add_ln465_10_fu_3345_p2   |         +|   0|  0|  16|           9|           9|
    |add_ln465_11_fu_3361_p2   |         +|   0|  0|  16|           9|           9|
    |add_ln465_12_fu_3377_p2   |         +|   0|  0|  16|           9|           9|
    |add_ln465_13_fu_3393_p2   |         +|   0|  0|  16|           9|           9|
    |add_ln465_14_fu_3409_p2   |         +|   0|  0|  16|           9|           9|
    |add_ln465_15_fu_3425_p2   |         +|   0|  0|  16|           9|           9|
    |add_ln465_16_fu_3441_p2   |         +|   0|  0|  16|           9|           9|
    |add_ln465_17_fu_3457_p2   |         +|   0|  0|  16|           9|           9|
    |add_ln465_18_fu_3473_p2   |         +|   0|  0|  16|           9|           9|
    |add_ln465_19_fu_3489_p2   |         +|   0|  0|  16|           9|           9|
    |add_ln465_1_fu_3201_p2    |         +|   0|  0|  16|           9|           9|
    |add_ln465_20_fu_3505_p2   |         +|   0|  0|  16|           9|           9|
    |add_ln465_21_fu_3521_p2   |         +|   0|  0|  16|           9|           9|
    |add_ln465_22_fu_3537_p2   |         +|   0|  0|  16|           9|           9|
    |add_ln465_23_fu_3553_p2   |         +|   0|  0|  16|           9|           9|
    |add_ln465_24_fu_3569_p2   |         +|   0|  0|  16|           9|           9|
    |add_ln465_25_fu_3585_p2   |         +|   0|  0|  16|           9|           9|
    |add_ln465_26_fu_3601_p2   |         +|   0|  0|  16|           9|           9|
    |add_ln465_27_fu_3617_p2   |         +|   0|  0|  16|           9|           9|
    |add_ln465_28_fu_3633_p2   |         +|   0|  0|  16|           9|           9|
    |add_ln465_29_fu_3649_p2   |         +|   0|  0|  16|           9|           9|
    |add_ln465_2_fu_3217_p2    |         +|   0|  0|  16|           9|           9|
    |add_ln465_30_fu_3665_p2   |         +|   0|  0|  16|           9|           9|
    |add_ln465_31_fu_3681_p2   |         +|   0|  0|  16|           9|           9|
    |add_ln465_3_fu_3233_p2    |         +|   0|  0|  16|           9|           9|
    |add_ln465_4_fu_3249_p2    |         +|   0|  0|  16|           9|           9|
    |add_ln465_5_fu_3265_p2    |         +|   0|  0|  16|           9|           9|
    |add_ln465_6_fu_3281_p2    |         +|   0|  0|  16|           9|           9|
    |add_ln465_7_fu_3297_p2    |         +|   0|  0|  16|           9|           9|
    |add_ln465_8_fu_3313_p2    |         +|   0|  0|  16|           9|           9|
    |add_ln465_9_fu_3329_p2    |         +|   0|  0|  16|           9|           9|
    |add_ln465_fu_3185_p2      |         +|   0|  0|  16|           9|           9|
    |index_12_fu_863_p2        |         +|   0|  0|  22|          15|          10|
    |index_15_fu_907_p2        |         +|   0|  0|  22|          15|          10|
    |index_18_fu_951_p2        |         +|   0|  0|  22|          15|          10|
    |index_21_fu_995_p2        |         +|   0|  0|  22|          15|          10|
    |index_24_fu_1039_p2       |         +|   0|  0|  22|          15|          10|
    |index_27_fu_1083_p2       |         +|   0|  0|  22|          15|          10|
    |index_30_fu_1127_p2       |         +|   0|  0|  22|          15|          10|
    |index_33_fu_1171_p2       |         +|   0|  0|  22|          15|          10|
    |index_36_fu_1215_p2       |         +|   0|  0|  22|          15|          10|
    |index_39_fu_1259_p2       |         +|   0|  0|  22|          15|          10|
    |index_3_fu_731_p2         |         +|   0|  0|  22|          15|          10|
    |index_42_fu_1303_p2       |         +|   0|  0|  22|          15|          10|
    |index_45_fu_1347_p2       |         +|   0|  0|  22|          15|          10|
    |index_48_fu_1391_p2       |         +|   0|  0|  22|          15|          10|
    |index_51_fu_1435_p2       |         +|   0|  0|  22|          15|          10|
    |index_54_fu_1479_p2       |         +|   0|  0|  22|          15|          10|
    |index_57_fu_1523_p2       |         +|   0|  0|  22|          15|          10|
    |index_60_fu_1567_p2       |         +|   0|  0|  22|          15|          10|
    |index_63_fu_1611_p2       |         +|   0|  0|  22|          15|          10|
    |index_66_fu_1655_p2       |         +|   0|  0|  22|          15|          10|
    |index_69_fu_1699_p2       |         +|   0|  0|  22|          15|          10|
    |index_6_fu_775_p2         |         +|   0|  0|  22|          15|          10|
    |index_72_fu_1743_p2       |         +|   0|  0|  22|          15|          10|
    |index_75_fu_1787_p2       |         +|   0|  0|  22|          15|          10|
    |index_78_fu_1831_p2       |         +|   0|  0|  22|          15|          10|
    |index_81_fu_1875_p2       |         +|   0|  0|  22|          15|          10|
    |index_84_fu_1919_p2       |         +|   0|  0|  22|          15|          10|
    |index_87_fu_1963_p2       |         +|   0|  0|  22|          15|          10|
    |index_90_fu_2007_p2       |         +|   0|  0|  22|          15|          10|
    |index_93_fu_2051_p2       |         +|   0|  0|  22|          15|          10|
    |index_9_fu_819_p2         |         +|   0|  0|  22|          15|          10|
    |index_fu_687_p2           |         +|   0|  0|  22|          15|          10|
    |icmp_ln463_10_fu_2211_p2  |      icmp|   0|  0|  13|           4|           1|
    |icmp_ln463_11_fu_2223_p2  |      icmp|   0|  0|  13|           4|           1|
    |icmp_ln463_12_fu_2235_p2  |      icmp|   0|  0|  13|           4|           1|
    |icmp_ln463_13_fu_2247_p2  |      icmp|   0|  0|  13|           4|           1|
    |icmp_ln463_14_fu_2259_p2  |      icmp|   0|  0|  13|           4|           1|
    |icmp_ln463_15_fu_2271_p2  |      icmp|   0|  0|  13|           4|           1|
    |icmp_ln463_16_fu_2283_p2  |      icmp|   0|  0|  13|           4|           1|
    |icmp_ln463_17_fu_2295_p2  |      icmp|   0|  0|  13|           4|           1|
    |icmp_ln463_18_fu_2307_p2  |      icmp|   0|  0|  13|           4|           1|
    |icmp_ln463_19_fu_2319_p2  |      icmp|   0|  0|  13|           4|           1|
    |icmp_ln463_1_fu_2103_p2   |      icmp|   0|  0|  13|           4|           1|
    |icmp_ln463_20_fu_2331_p2  |      icmp|   0|  0|  13|           4|           1|
    |icmp_ln463_21_fu_2343_p2  |      icmp|   0|  0|  13|           4|           1|
    |icmp_ln463_22_fu_2355_p2  |      icmp|   0|  0|  13|           4|           1|
    |icmp_ln463_23_fu_2367_p2  |      icmp|   0|  0|  13|           4|           1|
    |icmp_ln463_24_fu_2379_p2  |      icmp|   0|  0|  13|           4|           1|
    |icmp_ln463_25_fu_2391_p2  |      icmp|   0|  0|  13|           4|           1|
    |icmp_ln463_26_fu_2403_p2  |      icmp|   0|  0|  13|           4|           1|
    |icmp_ln463_27_fu_2415_p2  |      icmp|   0|  0|  13|           4|           1|
    |icmp_ln463_28_fu_2427_p2  |      icmp|   0|  0|  13|           4|           1|
    |icmp_ln463_29_fu_2439_p2  |      icmp|   0|  0|  13|           4|           1|
    |icmp_ln463_2_fu_2115_p2   |      icmp|   0|  0|  13|           4|           1|
    |icmp_ln463_30_fu_2451_p2  |      icmp|   0|  0|  13|           4|           1|
    |icmp_ln463_31_fu_2463_p2  |      icmp|   0|  0|  13|           4|           1|
    |icmp_ln463_3_fu_2127_p2   |      icmp|   0|  0|  13|           4|           1|
    |icmp_ln463_4_fu_2139_p2   |      icmp|   0|  0|  13|           4|           1|
    |icmp_ln463_5_fu_2151_p2   |      icmp|   0|  0|  13|           4|           1|
    |icmp_ln463_6_fu_2163_p2   |      icmp|   0|  0|  13|           4|           1|
    |icmp_ln463_7_fu_2175_p2   |      icmp|   0|  0|  13|           4|           1|
    |icmp_ln463_8_fu_2187_p2   |      icmp|   0|  0|  13|           4|           1|
    |icmp_ln463_9_fu_2199_p2   |      icmp|   0|  0|  13|           4|           1|
    |icmp_ln463_fu_2091_p2     |      icmp|   0|  0|  13|           4|           1|
    |index_10_fu_837_p3        |    select|   0|  0|  14|           1|           1|
    |index_11_fu_2132_p3       |    select|   0|  0|  10|           1|           2|
    |index_13_fu_881_p3        |    select|   0|  0|  14|           1|           1|
    |index_14_fu_2144_p3       |    select|   0|  0|  10|           1|           2|
    |index_16_fu_925_p3        |    select|   0|  0|  14|           1|           1|
    |index_17_fu_2156_p3       |    select|   0|  0|  10|           1|           2|
    |index_19_fu_969_p3        |    select|   0|  0|  14|           1|           1|
    |index_1_fu_705_p3         |    select|   0|  0|  14|           1|           1|
    |index_20_fu_2168_p3       |    select|   0|  0|  10|           1|           2|
    |index_22_fu_1013_p3       |    select|   0|  0|  14|           1|           1|
    |index_23_fu_2180_p3       |    select|   0|  0|  10|           1|           2|
    |index_25_fu_1057_p3       |    select|   0|  0|  14|           1|           1|
    |index_26_fu_2192_p3       |    select|   0|  0|  10|           1|           2|
    |index_28_fu_1101_p3       |    select|   0|  0|  14|           1|           1|
    |index_29_fu_2204_p3       |    select|   0|  0|  10|           1|           2|
    |index_2_fu_2096_p3        |    select|   0|  0|  10|           1|           2|
    |index_31_fu_1145_p3       |    select|   0|  0|  14|           1|           1|
    |index_32_fu_2216_p3       |    select|   0|  0|  10|           1|           2|
    |index_34_fu_1189_p3       |    select|   0|  0|  14|           1|           1|
    |index_35_fu_2228_p3       |    select|   0|  0|  10|           1|           2|
    |index_37_fu_1233_p3       |    select|   0|  0|  14|           1|           1|
    |index_38_fu_2240_p3       |    select|   0|  0|  10|           1|           2|
    |index_40_fu_1277_p3       |    select|   0|  0|  14|           1|           1|
    |index_41_fu_2252_p3       |    select|   0|  0|  10|           1|           2|
    |index_43_fu_1321_p3       |    select|   0|  0|  14|           1|           1|
    |index_44_fu_2264_p3       |    select|   0|  0|  10|           1|           2|
    |index_46_fu_1365_p3       |    select|   0|  0|  14|           1|           1|
    |index_47_fu_2276_p3       |    select|   0|  0|  10|           1|           2|
    |index_49_fu_1409_p3       |    select|   0|  0|  14|           1|           1|
    |index_4_fu_749_p3         |    select|   0|  0|  14|           1|           1|
    |index_50_fu_2288_p3       |    select|   0|  0|  10|           1|           2|
    |index_52_fu_1453_p3       |    select|   0|  0|  14|           1|           1|
    |index_53_fu_2300_p3       |    select|   0|  0|  10|           1|           2|
    |index_55_fu_1497_p3       |    select|   0|  0|  14|           1|           1|
    |index_56_fu_2312_p3       |    select|   0|  0|  10|           1|           2|
    |index_58_fu_1541_p3       |    select|   0|  0|  14|           1|           1|
    |index_59_fu_2324_p3       |    select|   0|  0|  10|           1|           2|
    |index_5_fu_2108_p3        |    select|   0|  0|  10|           1|           2|
    |index_61_fu_1585_p3       |    select|   0|  0|  14|           1|           1|
    |index_62_fu_2336_p3       |    select|   0|  0|  10|           1|           2|
    |index_64_fu_1629_p3       |    select|   0|  0|  14|           1|           1|
    |index_65_fu_2348_p3       |    select|   0|  0|  10|           1|           2|
    |index_67_fu_1673_p3       |    select|   0|  0|  14|           1|           1|
    |index_68_fu_2360_p3       |    select|   0|  0|  10|           1|           2|
    |index_70_fu_1717_p3       |    select|   0|  0|  14|           1|           1|
    |index_71_fu_2372_p3       |    select|   0|  0|  10|           1|           2|
    |index_73_fu_1761_p3       |    select|   0|  0|  14|           1|           1|
    |index_74_fu_2384_p3       |    select|   0|  0|  10|           1|           2|
    |index_76_fu_1805_p3       |    select|   0|  0|  14|           1|           1|
    |index_77_fu_2396_p3       |    select|   0|  0|  10|           1|           2|
    |index_79_fu_1849_p3       |    select|   0|  0|  14|           1|           1|
    |index_7_fu_793_p3         |    select|   0|  0|  14|           1|           1|
    |index_80_fu_2408_p3       |    select|   0|  0|  10|           1|           2|
    |index_82_fu_1893_p3       |    select|   0|  0|  14|           1|           1|
    |index_83_fu_2420_p3       |    select|   0|  0|  10|           1|           2|
    |index_85_fu_1937_p3       |    select|   0|  0|  14|           1|           1|
    |index_86_fu_2432_p3       |    select|   0|  0|  10|           1|           2|
    |index_88_fu_1981_p3       |    select|   0|  0|  14|           1|           1|
    |index_89_fu_2444_p3       |    select|   0|  0|  10|           1|           2|
    |index_8_fu_2120_p3        |    select|   0|  0|  10|           1|           2|
    |index_91_fu_2025_p3       |    select|   0|  0|  14|           1|           1|
    |index_92_fu_2456_p3       |    select|   0|  0|  10|           1|           2|
    |index_94_fu_2069_p3       |    select|   0|  0|  14|           1|           1|
    |index_95_fu_2468_p3       |    select|   0|  0|  10|           1|           2|
    +--------------------------+----------+----+---+----+------------+------------+
    |Total                     |          |   0|  0|2400|         960|         736|
    +--------------------------+----------+----+---+----+------------+------------+

    * Multiplexer: 
    +--------------+----+-----------+-----+-----------+
    |     Name     | LUT| Input Size| Bits| Total Bits|
    +--------------+----+-----------+-----+-----------+
    |ap_return_0   |  13|          3|   14|         42|
    |ap_return_1   |  13|          3|   14|         42|
    |ap_return_10  |  13|          3|   14|         42|
    |ap_return_11  |  13|          3|   14|         42|
    |ap_return_12  |  13|          3|   14|         42|
    |ap_return_13  |  13|          3|   14|         42|
    |ap_return_14  |  13|          3|   14|         42|
    |ap_return_15  |  13|          3|   14|         42|
    |ap_return_16  |  13|          3|   14|         42|
    |ap_return_17  |  13|          3|   14|         42|
    |ap_return_18  |  13|          3|   14|         42|
    |ap_return_19  |  13|          3|   14|         42|
    |ap_return_2   |  13|          3|   14|         42|
    |ap_return_20  |  13|          3|   14|         42|
    |ap_return_21  |  13|          3|   14|         42|
    |ap_return_22  |  13|          3|   14|         42|
    |ap_return_23  |  13|          3|   14|         42|
    |ap_return_24  |  13|          3|   14|         42|
    |ap_return_25  |  13|          3|   14|         42|
    |ap_return_26  |  13|          3|   14|         42|
    |ap_return_27  |  13|          3|   14|         42|
    |ap_return_28  |  13|          3|   14|         42|
    |ap_return_29  |  13|          3|   14|         42|
    |ap_return_3   |  13|          3|   14|         42|
    |ap_return_30  |  13|          3|   14|         42|
    |ap_return_31  |  13|          3|   14|         42|
    |ap_return_4   |  13|          3|   14|         42|
    |ap_return_5   |  13|          3|   14|         42|
    |ap_return_6   |  13|          3|   14|         42|
    |ap_return_7   |  13|          3|   14|         42|
    |ap_return_8   |  13|          3|   14|         42|
    |ap_return_9   |  13|          3|   14|         42|
    +--------------+----+-----------+-----+-----------+
    |Total         | 416|         96|  448|       1344|
    +--------------+----+-----------+-----+-----------+

    * Register: 
    +-------------------------+----+----+-----+-----------+
    |           Name          | FF | LUT| Bits| Const Bits|
    +-------------------------+----+----+-----+-----------+
    |ap_ce_reg                |   1|   0|    1|          0|
    |ap_return_0_int_reg      |  14|   0|   14|          0|
    |ap_return_10_int_reg     |  14|   0|   14|          0|
    |ap_return_11_int_reg     |  14|   0|   14|          0|
    |ap_return_12_int_reg     |  14|   0|   14|          0|
    |ap_return_13_int_reg     |  14|   0|   14|          0|
    |ap_return_14_int_reg     |  14|   0|   14|          0|
    |ap_return_15_int_reg     |  14|   0|   14|          0|
    |ap_return_16_int_reg     |  14|   0|   14|          0|
    |ap_return_17_int_reg     |  14|   0|   14|          0|
    |ap_return_18_int_reg     |  14|   0|   14|          0|
    |ap_return_19_int_reg     |  14|   0|   14|          0|
    |ap_return_1_int_reg      |  14|   0|   14|          0|
    |ap_return_20_int_reg     |  14|   0|   14|          0|
    |ap_return_21_int_reg     |  14|   0|   14|          0|
    |ap_return_22_int_reg     |  14|   0|   14|          0|
    |ap_return_23_int_reg     |  14|   0|   14|          0|
    |ap_return_24_int_reg     |  14|   0|   14|          0|
    |ap_return_25_int_reg     |  14|   0|   14|          0|
    |ap_return_26_int_reg     |  14|   0|   14|          0|
    |ap_return_27_int_reg     |  14|   0|   14|          0|
    |ap_return_28_int_reg     |  14|   0|   14|          0|
    |ap_return_29_int_reg     |  14|   0|   14|          0|
    |ap_return_2_int_reg      |  14|   0|   14|          0|
    |ap_return_30_int_reg     |  14|   0|   14|          0|
    |ap_return_31_int_reg     |  14|   0|   14|          0|
    |ap_return_3_int_reg      |  14|   0|   14|          0|
    |ap_return_4_int_reg      |  14|   0|   14|          0|
    |ap_return_5_int_reg      |  14|   0|   14|          0|
    |ap_return_6_int_reg      |  14|   0|   14|          0|
    |ap_return_7_int_reg      |  14|   0|   14|          0|
    |ap_return_8_int_reg      |  14|   0|   14|          0|
    |ap_return_9_int_reg      |  14|   0|   14|          0|
    |data_0_val_int_reg       |  14|   0|   14|          0|
    |data_10_val_int_reg      |  14|   0|   14|          0|
    |data_11_val_int_reg      |  14|   0|   14|          0|
    |data_12_val_int_reg      |  14|   0|   14|          0|
    |data_13_val_int_reg      |  14|   0|   14|          0|
    |data_14_val_int_reg      |  14|   0|   14|          0|
    |data_15_val_int_reg      |  14|   0|   14|          0|
    |data_16_val_int_reg      |  14|   0|   14|          0|
    |data_17_val_int_reg      |  14|   0|   14|          0|
    |data_18_val_int_reg      |  14|   0|   14|          0|
    |data_19_val_int_reg      |  14|   0|   14|          0|
    |data_1_val_int_reg       |  14|   0|   14|          0|
    |data_20_val_int_reg      |  14|   0|   14|          0|
    |data_21_val_int_reg      |  14|   0|   14|          0|
    |data_22_val_int_reg      |  14|   0|   14|          0|
    |data_23_val_int_reg      |  14|   0|   14|          0|
    |data_24_val_int_reg      |  14|   0|   14|          0|
    |data_25_val_int_reg      |  14|   0|   14|          0|
    |data_26_val_int_reg      |  14|   0|   14|          0|
    |data_27_val_int_reg      |  14|   0|   14|          0|
    |data_28_val_int_reg      |  14|   0|   14|          0|
    |data_29_val_int_reg      |  14|   0|   14|          0|
    |data_2_val_int_reg       |  14|   0|   14|          0|
    |data_30_val_int_reg      |  14|   0|   14|          0|
    |data_31_val_int_reg      |  14|   0|   14|          0|
    |data_3_val_int_reg       |  14|   0|   14|          0|
    |data_4_val_int_reg       |  14|   0|   14|          0|
    |data_5_val_int_reg       |  14|   0|   14|          0|
    |data_6_val_int_reg       |  14|   0|   14|          0|
    |data_7_val_int_reg       |  14|   0|   14|          0|
    |data_8_val_int_reg       |  14|   0|   14|          0|
    |data_9_val_int_reg       |  14|   0|   14|          0|
    |index_11_reg_4218        |  10|   0|   10|          0|
    |index_14_reg_4223        |  10|   0|   10|          0|
    |index_17_reg_4228        |  10|   0|   10|          0|
    |index_20_reg_4233        |  10|   0|   10|          0|
    |index_23_reg_4238        |  10|   0|   10|          0|
    |index_26_reg_4243        |  10|   0|   10|          0|
    |index_29_reg_4248        |  10|   0|   10|          0|
    |index_2_reg_4203         |  10|   0|   10|          0|
    |index_32_reg_4253        |  10|   0|   10|          0|
    |index_35_reg_4258        |  10|   0|   10|          0|
    |index_38_reg_4263        |  10|   0|   10|          0|
    |index_41_reg_4268        |  10|   0|   10|          0|
    |index_44_reg_4273        |  10|   0|   10|          0|
    |index_47_reg_4278        |  10|   0|   10|          0|
    |index_50_reg_4283        |  10|   0|   10|          0|
    |index_53_reg_4288        |  10|   0|   10|          0|
    |index_56_reg_4293        |  10|   0|   10|          0|
    |index_59_reg_4298        |  10|   0|   10|          0|
    |index_5_reg_4208         |  10|   0|   10|          0|
    |index_62_reg_4303        |  10|   0|   10|          0|
    |index_65_reg_4308        |  10|   0|   10|          0|
    |index_68_reg_4313        |  10|   0|   10|          0|
    |index_71_reg_4318        |  10|   0|   10|          0|
    |index_74_reg_4323        |  10|   0|   10|          0|
    |index_77_reg_4328        |  10|   0|   10|          0|
    |index_80_reg_4333        |  10|   0|   10|          0|
    |index_83_reg_4338        |  10|   0|   10|          0|
    |index_86_reg_4343        |  10|   0|   10|          0|
    |index_89_reg_4348        |  10|   0|   10|          0|
    |index_8_reg_4213         |  10|   0|   10|          0|
    |index_92_reg_4353        |  10|   0|   10|          0|
    |index_95_reg_4358        |  10|   0|   10|          0|
    |tmp_10_reg_3918          |   4|   0|    4|          0|
    |tmp_11_reg_4558          |   1|   0|    1|          0|
    |tmp_13_reg_3928          |   4|   0|    4|          0|
    |tmp_14_reg_4568          |   1|   0|    1|          0|
    |tmp_16_reg_3938          |   4|   0|    4|          0|
    |tmp_17_reg_4578          |   1|   0|    1|          0|
    |tmp_19_reg_3948          |   4|   0|    4|          0|
    |tmp_1_reg_3888           |   4|   0|    4|          0|
    |tmp_20_reg_4588          |   1|   0|    1|          0|
    |tmp_22_reg_3958          |   4|   0|    4|          0|
    |tmp_23_reg_4598          |   1|   0|    1|          0|
    |tmp_25_reg_3968          |   4|   0|    4|          0|
    |tmp_26_reg_4608          |   1|   0|    1|          0|
    |tmp_28_reg_3978          |   4|   0|    4|          0|
    |tmp_29_reg_4618          |   1|   0|    1|          0|
    |tmp_2_reg_4528           |   1|   0|    1|          0|
    |tmp_31_reg_3988          |   4|   0|    4|          0|
    |tmp_32_reg_4628          |   1|   0|    1|          0|
    |tmp_34_reg_3998          |   4|   0|    4|          0|
    |tmp_35_reg_4638          |   1|   0|    1|          0|
    |tmp_37_reg_4008          |   4|   0|    4|          0|
    |tmp_38_reg_4648          |   1|   0|    1|          0|
    |tmp_40_reg_4018          |   4|   0|    4|          0|
    |tmp_41_reg_4658          |   1|   0|    1|          0|
    |tmp_43_reg_4028          |   4|   0|    4|          0|
    |tmp_44_reg_4668          |   1|   0|    1|          0|
    |tmp_46_reg_4038          |   4|   0|    4|          0|
    |tmp_47_reg_4678          |   1|   0|    1|          0|
    |tmp_49_reg_4048          |   4|   0|    4|          0|
    |tmp_4_reg_3898           |   4|   0|    4|          0|
    |tmp_50_reg_4688          |   1|   0|    1|          0|
    |tmp_52_reg_4058          |   4|   0|    4|          0|
    |tmp_53_reg_4698          |   1|   0|    1|          0|
    |tmp_55_reg_4068          |   4|   0|    4|          0|
    |tmp_56_reg_4708          |   1|   0|    1|          0|
    |tmp_58_reg_4078          |   4|   0|    4|          0|
    |tmp_59_reg_4718          |   1|   0|    1|          0|
    |tmp_5_reg_4538           |   1|   0|    1|          0|
    |tmp_61_reg_4088          |   4|   0|    4|          0|
    |tmp_62_reg_4728          |   1|   0|    1|          0|
    |tmp_64_reg_4098          |   4|   0|    4|          0|
    |tmp_65_reg_4738          |   1|   0|    1|          0|
    |tmp_67_reg_4108          |   4|   0|    4|          0|
    |tmp_68_reg_4748          |   1|   0|    1|          0|
    |tmp_70_reg_4118          |   4|   0|    4|          0|
    |tmp_71_reg_4758          |   1|   0|    1|          0|
    |tmp_73_reg_4128          |   4|   0|    4|          0|
    |tmp_74_reg_4768          |   1|   0|    1|          0|
    |tmp_76_reg_4138          |   4|   0|    4|          0|
    |tmp_77_reg_4778          |   1|   0|    1|          0|
    |tmp_79_reg_4148          |   4|   0|    4|          0|
    |tmp_7_reg_3908           |   4|   0|    4|          0|
    |tmp_80_reg_4788          |   1|   0|    1|          0|
    |tmp_82_reg_4158          |   4|   0|    4|          0|
    |tmp_83_reg_4798          |   1|   0|    1|          0|
    |tmp_85_reg_4168          |   4|   0|    4|          0|
    |tmp_86_reg_4808          |   1|   0|    1|          0|
    |tmp_88_reg_4178          |   4|   0|    4|          0|
    |tmp_89_reg_4818          |   1|   0|    1|          0|
    |tmp_8_reg_4548           |   1|   0|    1|          0|
    |tmp_91_reg_4188          |   4|   0|    4|          0|
    |tmp_92_reg_4828          |   1|   0|    1|          0|
    |tmp_94_reg_4198          |   4|   0|    4|          0|
    |tmp_95_reg_4838          |   1|   0|    1|          0|
    |trunc_ln1_reg_4523       |   8|   0|    8|          0|
    |trunc_ln456_11_reg_3933  |  10|   0|   10|          0|
    |trunc_ln456_13_reg_3943  |  10|   0|   10|          0|
    |trunc_ln456_15_reg_3953  |  10|   0|   10|          0|
    |trunc_ln456_17_reg_3963  |  10|   0|   10|          0|
    |trunc_ln456_19_reg_3973  |  10|   0|   10|          0|
    |trunc_ln456_1_reg_3883   |  10|   0|   10|          0|
    |trunc_ln456_21_reg_3983  |  10|   0|   10|          0|
    |trunc_ln456_23_reg_3993  |  10|   0|   10|          0|
    |trunc_ln456_25_reg_4003  |  10|   0|   10|          0|
    |trunc_ln456_27_reg_4013  |  10|   0|   10|          0|
    |trunc_ln456_29_reg_4023  |  10|   0|   10|          0|
    |trunc_ln456_31_reg_4033  |  10|   0|   10|          0|
    |trunc_ln456_33_reg_4043  |  10|   0|   10|          0|
    |trunc_ln456_35_reg_4053  |  10|   0|   10|          0|
    |trunc_ln456_37_reg_4063  |  10|   0|   10|          0|
    |trunc_ln456_39_reg_4073  |  10|   0|   10|          0|
    |trunc_ln456_3_reg_3893   |  10|   0|   10|          0|
    |trunc_ln456_41_reg_4083  |  10|   0|   10|          0|
    |trunc_ln456_43_reg_4093  |  10|   0|   10|          0|
    |trunc_ln456_45_reg_4103  |  10|   0|   10|          0|
    |trunc_ln456_47_reg_4113  |  10|   0|   10|          0|
    |trunc_ln456_49_reg_4123  |  10|   0|   10|          0|
    |trunc_ln456_51_reg_4133  |  10|   0|   10|          0|
    |trunc_ln456_53_reg_4143  |  10|   0|   10|          0|
    |trunc_ln456_55_reg_4153  |  10|   0|   10|          0|
    |trunc_ln456_57_reg_4163  |  10|   0|   10|          0|
    |trunc_ln456_59_reg_4173  |  10|   0|   10|          0|
    |trunc_ln456_5_reg_3903   |  10|   0|   10|          0|
    |trunc_ln456_61_reg_4183  |  10|   0|   10|          0|
    |trunc_ln456_63_reg_4193  |  10|   0|   10|          0|
    |trunc_ln456_7_reg_3913   |  10|   0|   10|          0|
    |trunc_ln456_9_reg_3923   |  10|   0|   10|          0|
    |trunc_ln465_10_reg_4633  |   8|   0|    8|          0|
    |trunc_ln465_11_reg_4643  |   8|   0|    8|          0|
    |trunc_ln465_12_reg_4653  |   8|   0|    8|          0|
    |trunc_ln465_13_reg_4663  |   8|   0|    8|          0|
    |trunc_ln465_14_reg_4673  |   8|   0|    8|          0|
    |trunc_ln465_15_reg_4683  |   8|   0|    8|          0|
    |trunc_ln465_16_reg_4693  |   8|   0|    8|          0|
    |trunc_ln465_17_reg_4703  |   8|   0|    8|          0|
    |trunc_ln465_18_reg_4713  |   8|   0|    8|          0|
    |trunc_ln465_19_reg_4723  |   8|   0|    8|          0|
    |trunc_ln465_1_reg_4533   |   8|   0|    8|          0|
    |trunc_ln465_20_reg_4733  |   8|   0|    8|          0|
    |trunc_ln465_21_reg_4743  |   8|   0|    8|          0|
    |trunc_ln465_22_reg_4753  |   8|   0|    8|          0|
    |trunc_ln465_23_reg_4763  |   8|   0|    8|          0|
    |trunc_ln465_24_reg_4773  |   8|   0|    8|          0|
    |trunc_ln465_25_reg_4783  |   8|   0|    8|          0|
    |trunc_ln465_26_reg_4793  |   8|   0|    8|          0|
    |trunc_ln465_27_reg_4803  |   8|   0|    8|          0|
    |trunc_ln465_28_reg_4813  |   8|   0|    8|          0|
    |trunc_ln465_29_reg_4823  |   8|   0|    8|          0|
    |trunc_ln465_2_reg_4543   |   8|   0|    8|          0|
    |trunc_ln465_30_reg_4833  |   8|   0|    8|          0|
    |trunc_ln465_3_reg_4553   |   8|   0|    8|          0|
    |trunc_ln465_4_reg_4563   |   8|   0|    8|          0|
    |trunc_ln465_5_reg_4573   |   8|   0|    8|          0|
    |trunc_ln465_6_reg_4583   |   8|   0|    8|          0|
    |trunc_ln465_7_reg_4593   |   8|   0|    8|          0|
    |trunc_ln465_8_reg_4603   |   8|   0|    8|          0|
    |trunc_ln465_9_reg_4613   |   8|   0|    8|          0|
    |trunc_ln465_s_reg_4623   |   8|   0|    8|          0|
    +-------------------------+----+----+-----+-----------+
    |Total                    |1953|   0| 1953|          0|
    +-------------------------+----+----+-----+-----------+



================================================================
== Interface
================================================================
* Summary: 
+--------------+-----+-----+------------+------------------------------------------------------------------------+--------------+
|   RTL Ports  | Dir | Bits|  Protocol  |                              Source Object                             |    C Type    |
+--------------+-----+-----+------------+------------------------------------------------------------------------+--------------+
|ap_clk        |   in|    1|  ap_ctrl_hs|  tanh<ap_fixed<14, 7, 0, 3, 0>, ap_fixed<14, 7, 0, 3, 0>, tanh_config2>|  return value|
|ap_rst        |   in|    1|  ap_ctrl_hs|  tanh<ap_fixed<14, 7, 0, 3, 0>, ap_fixed<14, 7, 0, 3, 0>, tanh_config2>|  return value|
|ap_return_0   |  out|   14|  ap_ctrl_hs|  tanh<ap_fixed<14, 7, 0, 3, 0>, ap_fixed<14, 7, 0, 3, 0>, tanh_config2>|  return value|
|ap_return_1   |  out|   14|  ap_ctrl_hs|  tanh<ap_fixed<14, 7, 0, 3, 0>, ap_fixed<14, 7, 0, 3, 0>, tanh_config2>|  return value|
|ap_return_2   |  out|   14|  ap_ctrl_hs|  tanh<ap_fixed<14, 7, 0, 3, 0>, ap_fixed<14, 7, 0, 3, 0>, tanh_config2>|  return value|
|ap_return_3   |  out|   14|  ap_ctrl_hs|  tanh<ap_fixed<14, 7, 0, 3, 0>, ap_fixed<14, 7, 0, 3, 0>, tanh_config2>|  return value|
|ap_return_4   |  out|   14|  ap_ctrl_hs|  tanh<ap_fixed<14, 7, 0, 3, 0>, ap_fixed<14, 7, 0, 3, 0>, tanh_config2>|  return value|
|ap_return_5   |  out|   14|  ap_ctrl_hs|  tanh<ap_fixed<14, 7, 0, 3, 0>, ap_fixed<14, 7, 0, 3, 0>, tanh_config2>|  return value|
|ap_return_6   |  out|   14|  ap_ctrl_hs|  tanh<ap_fixed<14, 7, 0, 3, 0>, ap_fixed<14, 7, 0, 3, 0>, tanh_config2>|  return value|
|ap_return_7   |  out|   14|  ap_ctrl_hs|  tanh<ap_fixed<14, 7, 0, 3, 0>, ap_fixed<14, 7, 0, 3, 0>, tanh_config2>|  return value|
|ap_return_8   |  out|   14|  ap_ctrl_hs|  tanh<ap_fixed<14, 7, 0, 3, 0>, ap_fixed<14, 7, 0, 3, 0>, tanh_config2>|  return value|
|ap_return_9   |  out|   14|  ap_ctrl_hs|  tanh<ap_fixed<14, 7, 0, 3, 0>, ap_fixed<14, 7, 0, 3, 0>, tanh_config2>|  return value|
|ap_return_10  |  out|   14|  ap_ctrl_hs|  tanh<ap_fixed<14, 7, 0, 3, 0>, ap_fixed<14, 7, 0, 3, 0>, tanh_config2>|  return value|
|ap_return_11  |  out|   14|  ap_ctrl_hs|  tanh<ap_fixed<14, 7, 0, 3, 0>, ap_fixed<14, 7, 0, 3, 0>, tanh_config2>|  return value|
|ap_return_12  |  out|   14|  ap_ctrl_hs|  tanh<ap_fixed<14, 7, 0, 3, 0>, ap_fixed<14, 7, 0, 3, 0>, tanh_config2>|  return value|
|ap_return_13  |  out|   14|  ap_ctrl_hs|  tanh<ap_fixed<14, 7, 0, 3, 0>, ap_fixed<14, 7, 0, 3, 0>, tanh_config2>|  return value|
|ap_return_14  |  out|   14|  ap_ctrl_hs|  tanh<ap_fixed<14, 7, 0, 3, 0>, ap_fixed<14, 7, 0, 3, 0>, tanh_config2>|  return value|
|ap_return_15  |  out|   14|  ap_ctrl_hs|  tanh<ap_fixed<14, 7, 0, 3, 0>, ap_fixed<14, 7, 0, 3, 0>, tanh_config2>|  return value|
|ap_return_16  |  out|   14|  ap_ctrl_hs|  tanh<ap_fixed<14, 7, 0, 3, 0>, ap_fixed<14, 7, 0, 3, 0>, tanh_config2>|  return value|
|ap_return_17  |  out|   14|  ap_ctrl_hs|  tanh<ap_fixed<14, 7, 0, 3, 0>, ap_fixed<14, 7, 0, 3, 0>, tanh_config2>|  return value|
|ap_return_18  |  out|   14|  ap_ctrl_hs|  tanh<ap_fixed<14, 7, 0, 3, 0>, ap_fixed<14, 7, 0, 3, 0>, tanh_config2>|  return value|
|ap_return_19  |  out|   14|  ap_ctrl_hs|  tanh<ap_fixed<14, 7, 0, 3, 0>, ap_fixed<14, 7, 0, 3, 0>, tanh_config2>|  return value|
|ap_return_20  |  out|   14|  ap_ctrl_hs|  tanh<ap_fixed<14, 7, 0, 3, 0>, ap_fixed<14, 7, 0, 3, 0>, tanh_config2>|  return value|
|ap_return_21  |  out|   14|  ap_ctrl_hs|  tanh<ap_fixed<14, 7, 0, 3, 0>, ap_fixed<14, 7, 0, 3, 0>, tanh_config2>|  return value|
|ap_return_22  |  out|   14|  ap_ctrl_hs|  tanh<ap_fixed<14, 7, 0, 3, 0>, ap_fixed<14, 7, 0, 3, 0>, tanh_config2>|  return value|
|ap_return_23  |  out|   14|  ap_ctrl_hs|  tanh<ap_fixed<14, 7, 0, 3, 0>, ap_fixed<14, 7, 0, 3, 0>, tanh_config2>|  return value|
|ap_return_24  |  out|   14|  ap_ctrl_hs|  tanh<ap_fixed<14, 7, 0, 3, 0>, ap_fixed<14, 7, 0, 3, 0>, tanh_config2>|  return value|
|ap_return_25  |  out|   14|  ap_ctrl_hs|  tanh<ap_fixed<14, 7, 0, 3, 0>, ap_fixed<14, 7, 0, 3, 0>, tanh_config2>|  return value|
|ap_return_26  |  out|   14|  ap_ctrl_hs|  tanh<ap_fixed<14, 7, 0, 3, 0>, ap_fixed<14, 7, 0, 3, 0>, tanh_config2>|  return value|
|ap_return_27  |  out|   14|  ap_ctrl_hs|  tanh<ap_fixed<14, 7, 0, 3, 0>, ap_fixed<14, 7, 0, 3, 0>, tanh_config2>|  return value|
|ap_return_28  |  out|   14|  ap_ctrl_hs|  tanh<ap_fixed<14, 7, 0, 3, 0>, ap_fixed<14, 7, 0, 3, 0>, tanh_config2>|  return value|
|ap_return_29  |  out|   14|  ap_ctrl_hs|  tanh<ap_fixed<14, 7, 0, 3, 0>, ap_fixed<14, 7, 0, 3, 0>, tanh_config2>|  return value|
|ap_return_30  |  out|   14|  ap_ctrl_hs|  tanh<ap_fixed<14, 7, 0, 3, 0>, ap_fixed<14, 7, 0, 3, 0>, tanh_config2>|  return value|
|ap_return_31  |  out|   14|  ap_ctrl_hs|  tanh<ap_fixed<14, 7, 0, 3, 0>, ap_fixed<14, 7, 0, 3, 0>, tanh_config2>|  return value|
|ap_ce         |   in|    1|  ap_ctrl_hs|  tanh<ap_fixed<14, 7, 0, 3, 0>, ap_fixed<14, 7, 0, 3, 0>, tanh_config2>|  return value|
|data_0_val    |   in|   14|     ap_none|                                                              data_0_val|        scalar|
|data_1_val    |   in|   14|     ap_none|                                                              data_1_val|        scalar|
|data_2_val    |   in|   14|     ap_none|                                                              data_2_val|        scalar|
|data_3_val    |   in|   14|     ap_none|                                                              data_3_val|        scalar|
|data_4_val    |   in|   14|     ap_none|                                                              data_4_val|        scalar|
|data_5_val    |   in|   14|     ap_none|                                                              data_5_val|        scalar|
|data_6_val    |   in|   14|     ap_none|                                                              data_6_val|        scalar|
|data_7_val    |   in|   14|     ap_none|                                                              data_7_val|        scalar|
|data_8_val    |   in|   14|     ap_none|                                                              data_8_val|        scalar|
|data_9_val    |   in|   14|     ap_none|                                                              data_9_val|        scalar|
|data_10_val   |   in|   14|     ap_none|                                                             data_10_val|        scalar|
|data_11_val   |   in|   14|     ap_none|                                                             data_11_val|        scalar|
|data_12_val   |   in|   14|     ap_none|                                                             data_12_val|        scalar|
|data_13_val   |   in|   14|     ap_none|                                                             data_13_val|        scalar|
|data_14_val   |   in|   14|     ap_none|                                                             data_14_val|        scalar|
|data_15_val   |   in|   14|     ap_none|                                                             data_15_val|        scalar|
|data_16_val   |   in|   14|     ap_none|                                                             data_16_val|        scalar|
|data_17_val   |   in|   14|     ap_none|                                                             data_17_val|        scalar|
|data_18_val   |   in|   14|     ap_none|                                                             data_18_val|        scalar|
|data_19_val   |   in|   14|     ap_none|                                                             data_19_val|        scalar|
|data_20_val   |   in|   14|     ap_none|                                                             data_20_val|        scalar|
|data_21_val   |   in|   14|     ap_none|                                                             data_21_val|        scalar|
|data_22_val   |   in|   14|     ap_none|                                                             data_22_val|        scalar|
|data_23_val   |   in|   14|     ap_none|                                                             data_23_val|        scalar|
|data_24_val   |   in|   14|     ap_none|                                                             data_24_val|        scalar|
|data_25_val   |   in|   14|     ap_none|                                                             data_25_val|        scalar|
|data_26_val   |   in|   14|     ap_none|                                                             data_26_val|        scalar|
|data_27_val   |   in|   14|     ap_none|                                                             data_27_val|        scalar|
|data_28_val   |   in|   14|     ap_none|                                                             data_28_val|        scalar|
|data_29_val   |   in|   14|     ap_none|                                                             data_29_val|        scalar|
|data_30_val   |   in|   14|     ap_none|                                                             data_30_val|        scalar|
|data_31_val   |   in|   14|     ap_none|                                                             data_31_val|        scalar|
+--------------+-----+-----+------------+------------------------------------------------------------------------+--------------+

